Component: ARM Compiler 5.06 update 5 (build 528) Tool: armlink [4d35e2]

==============================================================================

Section Cross References

    stm32f10x_it.o(.text) refers to usart.o(.text) for UsartPrintf
    system_stm32f10x.o(.text) refers to system_stm32f10x.o(.data) for SystemCoreClock
    startup_stm32f10x_hd.o(STACK) refers (Special) to heapauxi.o(.text) for __use_two_region_memory
    startup_stm32f10x_hd.o(HEAP) refers (Special) to heapauxi.o(.text) for __use_two_region_memory
    startup_stm32f10x_hd.o(RESET) refers (Special) to heapauxi.o(.text) for __use_two_region_memory
    startup_stm32f10x_hd.o(RESET) refers to startup_stm32f10x_hd.o(STACK) for __initial_sp
    startup_stm32f10x_hd.o(RESET) refers to startup_stm32f10x_hd.o(.text) for Reset_Handler
    startup_stm32f10x_hd.o(RESET) refers to stm32f10x_it.o(.text) for NMI_Handler
    startup_stm32f10x_hd.o(RESET) refers to usart.o(.text) for USART1_IRQHandler
    startup_stm32f10x_hd.o(RESET) refers to esp8266.o(.text) for USART2_IRQHandler
    startup_stm32f10x_hd.o(.text) refers (Special) to heapauxi.o(.text) for __use_two_region_memory
    startup_stm32f10x_hd.o(.text) refers to system_stm32f10x.o(.text) for SystemInit
    startup_stm32f10x_hd.o(.text) refers to __main.o(!!!main) for __main
    startup_stm32f10x_hd.o(.text) refers to startup_stm32f10x_hd.o(HEAP) for Heap_Mem
    startup_stm32f10x_hd.o(.text) refers to startup_stm32f10x_hd.o(STACK) for Stack_Mem
    stm32f10x_tim.o(.text) refers to stm32f10x_rcc.o(.text) for RCC_APB2PeriphResetCmd
    stm32f10x_gpio.o(.text) refers to stm32f10x_rcc.o(.text) for RCC_APB2PeriphResetCmd
    stm32f10x_rcc.o(.text) refers to stm32f10x_rcc.o(.data) for APBAHBPrescTable
    stm32f10x_usart.o(.text) refers to stm32f10x_rcc.o(.text) for RCC_APB2PeriphResetCmd
    delay.o(.text) refers to delay.o(.data) for UsCount
    hx711.o(.text) refers to stm32f10x_rcc.o(.text) for RCC_APB2PeriphClockCmd
    hx711.o(.text) refers to stm32f10x_gpio.o(.text) for GPIO_Init
    hx711.o(.text) refers to delay.o(.text) for delay_us
    hx711.o(.text) refers to fflt_clz.o(x$fpl$ffltu) for __aeabi_ui2f
    hx711.o(.text) refers to fdiv.o(x$fpl$fdiv) for __aeabi_fdiv
    hx711.o(.text) refers to ffixu.o(x$fpl$ffixu) for __aeabi_f2uiz
    hx711.o(.text) refers to hx711.o(.data) for BiaoDing
    hx711.o(.text) refers to hx711.o(.bss) for buffer
    oled.o(.text) refers to stm32f10x_rcc.o(.text) for RCC_APB2PeriphClockCmd
    oled.o(.text) refers to stm32f10x_gpio.o(.text) for GPIO_Init
    oled.o(.text) refers to oled.o(.constdata) for OLED_F8x16
    servo.o(.text) refers to stm32f10x_rcc.o(.text) for RCC_APB1PeriphClockCmd
    servo.o(.text) refers to stm32f10x_gpio.o(.text) for GPIO_Init
    servo.o(.text) refers to stm32f10x_tim.o(.text) for TIM_InternalClockConfig
    servo.o(.text) refers to fdiv.o(x$fpl$fdiv) for __aeabi_fdiv
    servo.o(.text) refers to fmul.o(x$fpl$fmul) for __aeabi_fmul
    servo.o(.text) refers to faddsub_clz.o(x$fpl$fadd) for __aeabi_fadd
    servo.o(.text) refers to ffixu.o(x$fpl$ffixu) for __aeabi_f2uiz
    servo.o(.text) refers to fflt_clz.o(x$fpl$ffltu) for __aeabi_ui2f
    servo.o(.text) refers to delay.o(.text) for delay_ms
    servo.o(.text) refers to servo.o(.data) for Flag
    usart.o(.text) refers to stm32f10x_rcc.o(.text) for RCC_APB2PeriphClockCmd
    usart.o(.text) refers to stm32f10x_gpio.o(.text) for GPIO_Init
    usart.o(.text) refers to stm32f10x_usart.o(.text) for USART_Init
    usart.o(.text) refers to misc.o(.text) for NVIC_Init
    usart.o(.text) refers to c89vsnprintf.o(.text) for __c89vsnprintf
    main.o(.text) refers to _printf_percent.o(.ARM.Collect$$_printf_percent$$00000000) for _printf_percent
    main.o(.text) refers to _printf_d.o(.ARM.Collect$$_printf_percent$$00000009) for _printf_d
    main.o(.text) refers to _printf_dec.o(.text) for _printf_int_dec
    main.o(.text) refers to misc.o(.text) for NVIC_PriorityGroupConfig
    main.o(.text) refers to delay.o(.text) for Delay_Init
    main.o(.text) refers to usart.o(.text) for Usart1_Init
    main.o(.text) refers to servo.o(.text) for Servo_Init
    main.o(.text) refers to hx711.o(.text) for HX711_GPIO_Init
    main.o(.text) refers to oled.o(.text) for OLED_Init
    main.o(.text) refers to esp8266.o(.text) for ESP8266_Init
    main.o(.text) refers to onenet.o(.text) for OneNet_DevLink
    main.o(.text) refers to __2sprintf.o(.text) for __2sprintf
    main.o(.text) refers to hx711.o(.data) for pi_weight
    main.o(.text) refers to main.o(.data) for My_Weight
    main.o(.text) refers to main.o(.bss) for PUB_BUF
    onenet.o(.text) refers to _printf_percent.o(.ARM.Collect$$_printf_percent$$00000000) for _printf_percent
    onenet.o(.text) refers to _printf_d.o(.ARM.Collect$$_printf_percent$$00000009) for _printf_d
    onenet.o(.text) refers to _printf_s.o(.ARM.Collect$$_printf_percent$$00000014) for _printf_s
    onenet.o(.text) refers to _printf_dec.o(.text) for _printf_int_dec
[...]
    _fp_trap_shutdown                         - Undefined Weak Reference
    _get_lc_collate                           - Undefined Weak Reference
    _get_lc_monetary                          - Undefined Weak Reference
    _get_lc_time                              - Undefined Weak Reference
    _getenv_init                              - Undefined Weak Reference
    _handle_redirection                       - Undefined Weak Reference
    _initio                                   - Undefined Weak Reference
    _mutex_acquire                            - Undefined Weak Reference
    _mutex_free                               - Undefined Weak Reference
    _mutex_release                            - Undefined Weak Reference
    _printf_fp_hex                            - Undefined Weak Reference
    _printf_mbtowc                            - Undefined Weak Reference
    _printf_wc                                - Undefined Weak Reference
    _rand_init                                - Undefined Weak Reference
    _signal_finish                            - Undefined Weak Reference
    _signal_init                              - Undefined Weak Reference
    _terminateio                              - Undefined Weak Reference
    __Vectors_Size                           0x00000130   Number         0  startup_stm32f10x_hd.o ABSOLUTE
    __Vectors                                0x08000000   Data           4  startup_stm32f10x_hd.o(RESET)
    __Vectors_End                            0x08000130   Data           0  startup_stm32f10x_hd.o(RESET)
    __main                                   0x08000131   Thumb Code     8  __main.o(!!!main)
    __scatterload                            0x08000139   Thumb Code     0  __scatter.o(!!!scatter)
    __scatterload_rt2                        0x08000139   Thumb Code    44  __scatter.o(!!!scatter)
    __scatterload_rt2_thumb_only             0x08000139   Thumb Code     0  __scatter.o(!!!scatter)
    __scatterload_null                       0x08000147   Thumb Code     0  __scatter.o(!!!scatter)
    __scatterload_copy                       0x0800016d   Thumb Code    26  __scatter_copy.o(!!handler_copy)
    __scatterload_zeroinit                   0x08000189   Thumb Code    28  __scatter_zi.o(!!handler_zi)
    _printf_n                                0x080001a5   Thumb Code     0  _printf_n.o(.ARM.Collect$$_printf_percent$$00000001)
    _printf_percent                          0x080001a5   Thumb Code     0  _printf_percent.o(.ARM.Collect$$_printf_percent$$00000000)
    _printf_p                                0x080001ab   Thumb Code     0  _printf_p.o(.ARM.Collect$$_printf_percent$$00000002)
    _printf_f                                0x080001b1   Thumb Code     0  _printf_f.o(.ARM.Collect$$_printf_percent$$00000003)
    _printf_e                                0x080001b7   Thumb Code     0  _printf_e.o(.ARM.Collect$$_printf_percent$$00000004)
    _printf_g                                0x080001bd   Thumb Code     0  _printf_g.o(.ARM.Collect$$_printf_percent$$00000005)
    _printf_a                                0x080001c3   Thumb Code     0  _printf_a.o(.ARM.Collect$$_printf_percent$$00000006)
    _printf_ll                               0x080001c9   Thumb Code     0  _printf_ll.o(.ARM.Collect$$_printf_percent$$00000007)
    _printf_i                                0x080001d3   Thumb Code     0  _printf_i.o(.ARM.Collect$$_printf_percent$$00000008)
    _printf_d                                0x080001d9   Thumb Code     0  _printf_d.o(.ARM.Collect$$_printf_percent$$00000009)
    _printf_u                                0x080001df   Thumb Code     0  _printf_u.o(.ARM.Collect$$_printf_percent$$0000000A)
    _printf_o                                0x080001e5   Thumb Code     0  _printf_o.o(.ARM.Collect$$_printf_percent$$0000000B)
    _printf_x                                0x080001eb   Thumb Code     0  _printf_x.o(.ARM.Collect$$_printf_percent$$0000000C)
    _printf_lli                              0x080001f1   Thumb Code     0  _printf_lli.o(.ARM.Collect$$_printf_percent$$0000000D)
    _printf_lld                              0x080001f7   Thumb Code     0  _printf_lld.o(.ARM.Collect$$_printf_percent$$0000000E)
    _printf_llu                              0x080001fd   Thumb Code     0  _printf_llu.o(.ARM.Collect$$_printf_percent$$0000000F)
    _printf_llo                              0x08000203   Thumb Code     0  _printf_llo.o(.ARM.Collect$$_printf_percent$$00000010)
    _printf_llx                              0x08000209   Thumb Code     0  _printf_llx.o(.ARM.Collect$$_printf_percent$$00000011)
    _printf_l                                0x0800020f   Thumb Code     0  _printf_l.o(.ARM.Collect$$_printf_percent$$00000012)
    _printf_c                                0x08000219   Thumb Code     0  _printf_c.o(.ARM.Collect$$_printf_percent$$00000013)
    _printf_s                                0x0800021f   Thumb Code     0  _printf_s.o(.ARM.Collect$$_printf_percent$$00000014)
    _printf_lc                               0x08000225   Thumb Code     0  _printf_lc.o(.ARM.Collect$$_printf_percent$$00000015)
    _printf_ls                               0x0800022b   Thumb Code     0  _printf_ls.o(.ARM.Collect$$_printf_percent$$00000016)
    _printf_percent_end                      0x08000231   Thumb Code     0  _printf_percent_end.o(.ARM.Collect$$_printf_percent$$00000017)
    __rt_lib_init                            0x08000235   Thumb Code     0  libinit.o(.ARM.Collect$$libinit$$00000000)
    __rt_lib_init_fp_1                       0x08000237   Thumb Code     0  libinit2.o(.ARM.Collect$$libinit$$00000002)
    __rt_lib_init_heap_2                     0x08000237   Thumb Code     0  libinit2.o(.ARM.Collect$$libinit$$00000005)
    __rt_lib_init_preinit_1                  0x08000237   Thumb Code     0  libinit2.o(.ARM.Collect$$libinit$$00000004)
    __rt_lib_init_heap_1                     0x0800023f   Thumb Code     0  libinit2.o(.ARM.Collect$$libinit$$0000000A)
    __rt_lib_init_lc_common                  0x0800023f   Thumb Code     0  libinit2.o(.ARM.Collect$$libinit$$0000000F)
    __rt_lib_init_rand_1                     0x0800023f   Thumb Code     0  libinit2.o(.ARM.Collect$$libinit$$0000000E)
    __rt_lib_init_user_alloc_1               0x0800023f   Thumb Code     0  libinit2.o(.ARM.Collect$$libinit$$0000000C)
    __rt_lib_init_lc_collate_1               0x08000245   Thumb Code     0  libinit2.o(.ARM.Collect$$libinit$$00000011)
    __rt_lib_init_lc_ctype_2                 0x08000245   Thumb Code     0  libinit2.o(.ARM.Collect$$libinit$$00000012)
    __rt_lib_init_lc_ctype_1                 0x08000251   Thumb Code     0  libinit2.o(.ARM.Collect$$libinit$$00000013)
    __rt_lib_init_lc_monetary_1              0x08000251   Thumb Code     0  libinit2.o(.ARM.Collect$$libinit$$00000015)
    __rt_lib_init_lc_numeric_2               0x08000251   Thumb Code     0  libinit2.o(.ARM.Collect$$libinit$$00000016)
    __rt_lib_init_alloca_1                   0x0800025b   Thumb Code     0  libinit2.o(.ARM.Collect$$libinit$$0000002E)
    __rt_lib_init_argv_1                     0x0800025b   Thumb Code     0  libinit2.o(.ARM.Collect$$libinit$$0000002C)
    __rt_lib_init_atexit_1                   0x0800025b   Thumb Code     0  libinit2.o(.ARM.Collect$$libinit$$0000001B)
    __rt_lib_init_clock_1                    0x0800025b   Thumb Code     0  libinit2.o(.ARM.Collect$$libinit$$00000021)
    __rt_lib_init_cpp_1                      0x0800025b   Thumb Code     0  libinit2.o(.ARM.Collect$$libinit$$00000032)
    __rt_lib_init_exceptions_1               0x0800025b   Thumb Code     0  libinit2.o(.ARM.Collect$$libinit$$00000030)
    __rt_lib_init_fp_trap_1                  0x0800025b   Thumb Code     0  libinit2.o(.ARM.Collect$$libinit$$0000001F)
    __rt_lib_init_getenv_1                   0x0800025b   Thumb Code     0  libinit2.o(.ARM.Collect$$libinit$$00000023)
    __rt_lib_init_lc_numeric_1               0x0800025b   Thumb Code     0  libinit2.o(.ARM.Collect$$libinit$$00000017)
    __rt_lib_init_lc_time_1                  0x0800025b   Thumb Code     0  libinit2.o(.ARM.Collect$$libinit$$00000019)
    __rt_lib_init_return                     0x0800025b   Thumb Code     0  libinit2.o(.ARM.Collect$$libinit$$00000033)
    __rt_lib_init_signal_1                   0x0800025b   Thumb Code     0  libinit2.o(.ARM.Collect$$libinit$$0000001D)
    __rt_lib_init_stdio_1                    0x0800025b   Thumb Code     0  libinit2.o(.ARM.Collect$$libinit$$00000025)
    __rt_lib_shutdown                        0x0800025d   Thumb Code     0  libshutdown.o(.ARM.Collect$$libshutdown$$00000000)
    __rt_lib_shutdown_cpp_1                  0x0800025f   Thumb Code     0  libshutdown2.o(.ARM.Collect$$libshutdown$$00000002)
    __rt_lib_shutdown_fp_trap_1              0x0800025f   Thumb Code     0  libshutdown2.o(.ARM.Collect$$libshutdown$$00000007)
    __rt_lib_shutdown_heap_1                 0x0800025f   Thumb Code     0  libshutdown2.o(.ARM.Collect$$libshutdown$$0000000F)
    __rt_lib_shutdown_return                 0x0800025f   Thumb Code     0  libshutdown2.o(.ARM.Collect$$libshutdown$$00000010)
    __rt_lib_shutdown_signal_1               0x0800025f   Thumb Code     0  libshutdown2.o(.ARM.Collect$$libshutdown$$0000000A)
    __rt_lib_shutdown_stdio_1                0x0800025f   Thumb Code     0  libshutdown2.o(.ARM.Collect$$libshutdown$$00000004)
    __rt_lib_shutdown_user_alloc_1           0x0800025f   Thumb Code     0  libshutdown2.o(.ARM.Collect$$libshutdown$$0000000C)
    __rt_entry                               0x08000261   Thumb Code     0  __rtentry.o(.ARM.Collect$$rtentry$$00000000)
    __rt_entry_presh_1                       0x08000261   Thumb Code     0  __rtentry2.o(.ARM.Collect$$rtentry$$00000002)
    __rt_entry_sh                            0x08000261   Thumb Code     0  __rtentry4.o(.ARM.Collect$$rtentry$$00000004)
    __rt_entry_li                            0x08000267   Thumb Code     0  __rtentry2.o(.ARM.Collect$$rtentry$$0000000A)
    __rt_entry_postsh_1                      0x08000267   Thumb Code     0  __rtentry2.o(.ARM.Collect$$rtentry$$00000009)
    __rt_entry_main                          0x0800026b   Thumb Code     0  __rtentry2.o(.ARM.Collect$$rtentry$$0000000D)
    __rt_entry_postli_1                      0x0800026b   Thumb Code     0  __rtentry2.o(.ARM.Collect$$rtentry$$0000000C)
    __rt_exit                                0x08000273   Thumb Code     0  rtexit.o(.ARM.Collect$$rtexit$$00000000)
    __rt_exit_ls                             0x08000275   Thumb Code     0  rtexit2.o(.ARM.Collect$$rtexit$$00000003)
    __rt_exit_prels_1                        0x08000275   Thumb Code     0  rtexit2.o(.ARM.Collect$$rtexit$$00000002)
    __rt_exit_exit                           0x08000279   Thumb Code     0  rtexit2.o(.ARM.Collect$$rtexit$$00000004)
    NMI_Handler                              0x08000281   Thumb Code     2  stm32f10x_it.o(.text)
    _maybe_terminate_alloc                   0x08000281   Thumb Code     0  maybetermalloc1.o(.emb_text)
    HardFault_Handler                        0x08000283   Thumb Code    12  stm32f10x_it.o(.text)
    MemManage_Handler                        0x0800028f   Thumb Code    12  stm32f10x_it.o(.text)
    BusFault_Handler                         0x0800029b   Thumb Code    12  stm32f10x_it.o(.text)
    UsageFault_Handler                       0x080002a7   Thumb Code    12  stm32f10x_it.o(.text)
    SVC_Handler                              0x080002b3   Thumb Code     2  stm32f10x_it.o(.text)
    DebugMon_Handler                         0x080002b5   Thumb Code     2  stm32f10x_it.o(.text)
    SysTick_Handler                          0x080002b7   Thumb Code     2  stm32f10x_it.o(.text)
    EXTI0_IRQHandler                         0x080002b9   Thumb Code     2  stm32f10x_it.o(.text)
    RTC_IRQHandler                           0x080002bb   Thumb Code     2  stm32f10x_it.o(.text)
    SystemInit                               0x08000493   Thumb Code    78  system_stm32f10x.o(.text)
    SystemCoreClockUpdate                    0x080004e1   Thumb Code   142  system_stm32f10x.o(.text)
    Reset_Handler                            0x08000595   Thumb Code     8  startup_stm32f10x_hd.o(.text)
    PendSV_Handler                           0x080005ab   Thumb Code     2  startup_stm32f10x_hd.o(.text)
    ADC1_2_IRQHandler                        0x080005af   Thumb Code     0  startup_stm32f10x_hd.o(.text)
    ADC3_IRQHandler                          0x080005af   Thumb Code     0  startup_stm32f10x_hd.o(.text)
    CAN1_RX1_IRQHandler                      0x080005af   Thumb Code     0  startup_stm32f10x_hd.o(.text)
    CAN1_SCE_IRQHandler                      0x080005af   Thumb Code     0  startup_stm32f10x_hd.o(.text)
    DMA1_Channel1_IRQHandler                 0x080005af   Thumb Code     0  startup_stm32f10x_hd.o(.text)
    DMA1_Channel2_IRQHandler                 0x080005af   Thumb Code     0  startup_stm32f10x_hd.o(.text)
    DMA1_Channel3_IRQHandler                 0x080005af   Thumb Code     0  startup_stm32f10x_hd.o(.text)
    DMA1_Channel4_IRQHandler                 0x080005af   Thumb Code     0  startup_stm32f10x_hd.o(.text)
    DMA1_Channel5_IRQHandler                 0x080005af   Thumb Code     0  startup_stm32f10x_hd.o(.text)
    DMA1_Channel6_IRQHandler                 0x080005af   Thumb Code     0  startup_stm32f10x_hd.o(.text)
    DMA1_Channel7_IRQHandler                 0x080005af   Thumb Code     0  startup_stm32f10x_hd.o(.text)
    DMA2_Channel1_IRQHandler                 0x080005af   Thumb Code     0  startup_stm32f10x_hd.o(.text)
    DMA2_Channel2_IRQHandler                 0x080005af   Thumb Code     0  startup_stm32f10x_hd.o(.text)
    DMA2_Channel3_IRQHandler                 0x080005af   Thumb Code     0  startup_stm32f10x_hd.o(.text)
    DMA2_Channel4_5_IRQHandler               0x080005af   Thumb Code     0  startup_stm32f10x_hd.o(.text)
    EXTI15_10_IRQHandler                     0x080005af   Thumb Code     0  startup_stm32f10x_hd.o(.text)
    EXTI1_IRQHandler                         0x080005af   Thumb Code     0  startup_stm32f10x_hd.o(.text)
    EXTI2_IRQHandler                         0x080005af   Thumb Code     0  startup_stm32f10x_hd.o(.text)
    EXTI3_IRQHandler                         0x080005af   Thumb Code     0  startup_stm32f10x_hd.o(.text)
    EXTI4_IRQHandler                         0x080005af   Thumb Code     0  startup_stm32f10x_hd.o(.text)
    EXTI9_5_IRQHandler                       0x080005af   Thumb Code     0  startup_stm32f10x_hd.o(.text)
    FLASH_IRQHandler                         0x080005af   Thumb Code     0  startup_stm32f10x_hd.o(.text)
    FSMC_IRQHandler                          0x080005af   Thumb Code     0  startup_stm32f10x_hd.o(.text)
    I2C1_ER_IRQHandler                       0x080005af   Thumb Code     0  startup_stm32f10x_hd.o(.text)
    I2C1_EV_IRQHandler                       0x080005af   Thumb Code     0  startup_stm32f10x_hd.o(.text)
    I2C2_ER_IRQHandler                       0x080005af   Thumb Code     0  startup_stm32f10x_hd.o(.text)
    I2C2_EV_IRQHandler                       0x080005af   Thumb Code     0  startup_stm32f10x_hd.o(.text)
    PVD_IRQHandler                           0x080005af   Thumb Code     0  startup_stm32f10x_hd.o(.text)
    RCC_IRQHandler                           0x080005af   Thumb Code     0  startup_stm32f10x_hd.o(.text)
    RTCAlarm_IRQHandler                      0x080005af   Thumb Code     0  startup_stm32f10x_hd.o(.text)
    SDIO_IRQHandler                          0x080005af   Thumb Code     0  startup_stm32f10x_hd.o(.text)
    SPI1_IRQHandler                          0x080005af   Thumb Code     0  startup_stm32f10x_hd.o(.text)
    SPI2_IRQHandler                          0x080005af   Thumb Code     0  startup_stm32f10x_hd.o(.text)
    SPI3_IRQHandler                          0x080005af   Thumb Code     0  startup_stm32f10x_hd.o(.text)
    TAMPER_IRQHandler                        0x080005af   Thumb Code     0  startup_stm32f10x_hd.o(.text)
    TIM1_BRK_IRQHandler                      0x080005af   Thumb Code     0  startup_stm32f10x_hd.o(.text)
    TIM1_CC_IRQHandler                       0x080005af   Thumb Code     0  startup_stm32f10x_hd.o(.text)
    TIM1_TRG_COM_IRQHandler                  0x080005af   Thumb Code     0  startup_stm32f10x_hd.o(.text)
    TIM1_UP_IRQHandler                       0x080005af   Thumb Code     0  startup_stm32f10x_hd.o(.text)
    TIM2_IRQHandler                          0x080005af   Thumb Code     0  startup_stm32f10x_hd.o(.text)
    TIM3_IRQHandler                          0x080005af   Thumb Code     0  startup_stm32f10x_hd.o(.text)
    TIM4_IRQHandler                          0x080005af   Thumb Code     0  startup_stm32f10x_hd.o(.text)
    TIM5_IRQHandler                          0x080005af   Thumb Code     0  startup_stm32f10x_hd.o(.text)
    TIM6_IRQHandler                          0x080005af   Thumb Code     0  startup_stm32f10x_hd.o(.text)
    TIM7_IRQHandler                          0x080005af   Thumb Code     0  startup_stm32f10x_hd.o(.text)
    TIM8_BRK_IRQHandler                      0x080005af   Thumb Code     0  startup_stm32f10x_hd.o(.text)
    TIM8_CC_IRQHandler                       0x080005af   Thumb Code     0  startup_stm32f10x_hd.o(.text)
    TIM8_TRG_COM_IRQHandler                  0x080005af   Thumb Code     0  startup_stm32f10x_hd.o(.text)
    TIM8_UP_IRQHandler                       0x080005af   Thumb Code     0  startup_stm32f10x_hd.o(.text)
    UART4_IRQHandler                         0x080005af   Thumb Code     0  startup_stm32f10x_hd.o(.text)
    UART5_IRQHandler                         0x080005af   Thumb Code     0  startup_stm32f10x_hd.o(.text)
    USART3_IRQHandler                        0x080005af   Thumb Code     0  startup_stm32f10x_hd.o(.text)
    USBWakeUp_IRQHandler                     0x080005af   Thumb Code     0  startup_stm32f10x_hd.o(.text)
    USB_HP_CAN1_TX_IRQHandler                0x080005af   Thumb Code     0  startup_stm32f10x_hd.o(.text)
    USB_LP_CAN1_RX0_IRQHandler               0x080005af   Thumb Code     0  startup_stm32f10x_hd.o(.text)
    WWDG_IRQHandler                          0x080005af   Thumb Code     0  startup_stm32f10x_hd.o(.text)
    __user_initial_stackheap                 0x080005b1   Thumb Code     0  startup_stm32f10x_hd.o(.text)
    TIM_DeInit                               0x080005d5   Thumb Code   424  stm32f10x_tim.o(.text)
    TIM_TimeBaseInit                         0x0800077d   Thumb Code   122  stm32f10x_tim.o(.text)
    TIM_OC1Init                              0x080007f7   Thumb Code   132  stm32f10x_tim.o(.text)
    TIM_OC2Init                              0x0800087b   Thumb Code   154  stm32f10x_tim.o(.text)
    TIM_OC3Init                              0x08000915   Thumb Code   150  stm32f10x_tim.o(.text)
    TIM_OC4Init                              0x080009ab   Thumb Code   182  stm32f10x_tim.o(.text)
    TIM_SetIC4Prescaler                      0x08000a61   Thumb Code    26  stm32f10x_tim.o(.text)
    TIM_SetIC3Prescaler                      0x08000afd   Thumb Code    18  stm32f10x_tim.o(.text)
    TIM_SetIC2Prescaler                      0x08000b89   Thumb Code    26  stm32f10x_tim.o(.text)
    TIM_SetIC1Prescaler                      0x08000c25   Thumb Code    18  stm32f10x_tim.o(.text)
    TIM_ICInit                               0x08000ca3   Thumb Code   150  stm32f10x_tim.o(.text)
    TIM_PWMIConfig                           0x08000d39   Thumb Code   124  stm32f10x_tim.o(.text)
    TIM_BDTRConfig                           0x08000db5   Thumb Code    32  stm32f10x_tim.o(.text)
    TIM_TimeBaseStructInit                   0x08000dd5   Thumb Code    18  stm32f10x_tim.o(.text)
    TIM_OCStructInit                         0x08000de7   Thumb Code    20  stm32f10x_tim.o(.text)
    TIM_ICStructInit                         0x08000dfb   Thumb Code    18  stm32f10x_tim.o(.text)
    TIM_BDTRStructInit                       0x08000e0d   Thumb Code    40  stm32f10x_tim.o(.text)
    TIM_Cmd                                  0x08000e35   Thumb Code    24  stm32f10x_tim.o(.text)
    TIM_CtrlPWMOutputs                       0x08000e4d   Thumb Code    30  stm32f10x_tim.o(.text)
    TIM_ITConfig                             0x08000e6b   Thumb Code    18  stm32f10x_tim.o(.text)
    TIM_GenerateEvent                        0x08000e7d   Thumb Code     4  stm32f10x_tim.o(.text)
    TIM_DMAConfig                            0x08000e81   Thumb Code    10  stm32f10x_tim.o(.text)
    TIM_DMACmd                               0x08000e8b   Thumb Code    18  stm32f10x_tim.o(.text)
    TIM_InternalClockConfig                  0x08000e9d   Thumb Code    12  stm32f10x_tim.o(.text)
    TIM_SelectInputTrigger                   0x08000ea9   Thumb Code    18  stm32f10x_tim.o(.text)
    TIM_ITRxExternalClockConfig              0x08000ebb   Thumb Code    24  stm32f10x_tim.o(.text)
    TIM_TIxExternalClockConfig               0x08000ed3   Thumb Code    62  stm32f10x_tim.o(.text)
    TIM_ETRConfig                            0x08000f11   Thumb Code    28  stm32f10x_tim.o(.text)
    TIM_ETRClockMode1Config                  0x08000f2d   Thumb Code    54  stm32f10x_tim.o(.text)
    TIM_ETRClockMode2Config                  0x08000f63   Thumb Code    32  stm32f10x_tim.o(.text)
    TIM_PrescalerConfig                      0x08000f83   Thumb Code     6  stm32f10x_tim.o(.text)
    TIM_CounterModeConfig                    0x08000f89   Thumb Code    18  stm32f10x_tim.o(.text)
    TIM_EncoderInterfaceConfig               0x08000f9b   Thumb Code    66  stm32f10x_tim.o(.text)
    TIM_ForcedOC1Config                      0x08000fdd   Thumb Code    18  stm32f10x_tim.o(.text)
    TIM_ForcedOC2Config                      0x08000fef   Thumb Code    26  stm32f10x_tim.o(.text)
    TIM_ForcedOC3Config                      0x08001009   Thumb Code    18  stm32f10x_tim.o(.text)
    TIM_ForcedOC4Config                      0x0800101b   Thumb Code    26  stm32f10x_tim.o(.text)
    TIM_ARRPreloadConfig                     0x08001035   Thumb Code    24  stm32f10x_tim.o(.text)
    TIM_SelectCOM                            0x0800104d   Thumb Code    24  stm32f10x_tim.o(.text)
    TIM_SelectCCDMA                          0x08001065   Thumb Code    24  stm32f10x_tim.o(.text)
    TIM_CCPreloadControl                     0x0800107d   Thumb Code    24  stm32f10x_tim.o(.text)
    TIM_OC1PreloadConfig                     0x08001095   Thumb Code    18  stm32f10x_tim.o(.text)
    TIM_OC2PreloadConfig                     0x080010a7   Thumb Code    26  stm32f10x_tim.o(.text)
    TIM_OC3PreloadConfig                     0x080010c1   Thumb Code    18  stm32f10x_tim.o(.text)
    TIM_OC4PreloadConfig                     0x080010d3   Thumb Code    26  stm32f10x_tim.o(.text)
    TIM_OC1FastConfig                        0x080010ed   Thumb Code    18  stm32f10x_tim.o(.text)
    TIM_OC2FastConfig                        0x080010ff   Thumb Code    26  stm32f10x_tim.o(.text)
    TIM_OC3FastConfig                        0x08001119   Thumb Code    18  stm32f10x_tim.o(.text)
    TIM_OC4FastConfig                        0x0800112b   Thumb Code    26  stm32f10x_tim.o(.text)
    TIM_ClearOC1Ref                          0x08001145   Thumb Code    18  stm32f10x_tim.o(.text)
    TIM_ClearOC2Ref                          0x08001157   Thumb Code    24  stm32f10x_tim.o(.text)
    TIM_ClearOC3Ref                          0x0800116f   Thumb Code    18  stm32f10x_tim.o(.text)
    TIM_ClearOC4Ref                          0x08001181   Thumb Code    24  stm32f10x_tim.o(.text)
    TIM_OC1PolarityConfig                    0x08001199   Thumb Code    18  stm32f10x_tim.o(.text)
    TIM_OC1NPolarityConfig                   0x080011ab   Thumb Code    18  stm32f10x_tim.o(.text)
    TIM_OC2PolarityConfig                    0x080011bd   Thumb Code    26  stm32f10x_tim.o(.text)
    TIM_OC2NPolarityConfig                   0x080011d7   Thumb Code    26  stm32f10x_tim.o(.text)
    TIM_OC3PolarityConfig                    0x080011f1   Thumb Code    26  stm32f10x_tim.o(.text)
    TIM_OC3NPolarityConfig                   0x0800120b   Thumb Code    26  stm32f10x_tim.o(.text)
    TIM_OC4PolarityConfig                    0x08001225   Thumb Code    26  stm32f10x_tim.o(.text)
    TIM_CCxCmd                               0x0800123f   Thumb Code    30  stm32f10x_tim.o(.text)
    TIM_CCxNCmd                              0x0800125d   Thumb Code    30  stm32f10x_tim.o(.text)
    TIM_SelectOCxM                           0x0800127b   Thumb Code    82  stm32f10x_tim.o(.text)
    TIM_UpdateDisableConfig                  0x080012cd   Thumb Code    24  stm32f10x_tim.o(.text)
    TIM_UpdateRequestConfig                  0x080012e5   Thumb Code    24  stm32f10x_tim.o(.text)
    TIM_SelectHallSensor                     0x080012fd   Thumb Code    24  stm32f10x_tim.o(.text)
    TIM_SelectOnePulseMode                   0x08001315   Thumb Code    18  stm32f10x_tim.o(.text)
    TIM_SelectOutputTrigger                  0x08001327   Thumb Code    18  stm32f10x_tim.o(.text)
    TIM_SelectSlaveMode                      0x08001339   Thumb Code    18  stm32f10x_tim.o(.text)
    TIM_SelectMasterSlaveMode                0x0800134b   Thumb Code    18  stm32f10x_tim.o(.text)
    TIM_SetCounter                           0x0800135d   Thumb Code     4  stm32f10x_tim.o(.text)
    TIM_SetAutoreload                        0x08001361   Thumb Code     4  stm32f10x_tim.o(.text)
    TIM_SetCompare1                          0x08001365   Thumb Code     4  stm32f10x_tim.o(.text)
    TIM_SetCompare2                          0x08001369   Thumb Code     4  stm32f10x_tim.o(.text)
    TIM_SetCompare3                          0x0800136d   Thumb Code     4  stm32f10x_tim.o(.text)
    TIM_SetCompare4                          0x08001371   Thumb Code     6  stm32f10x_tim.o(.text)
    TIM_SetClockDivision                     0x08001377   Thumb Code    18  stm32f10x_tim.o(.text)
    TIM_GetCapture1                          0x08001389   Thumb Code     6  stm32f10x_tim.o(.text)
    TIM_GetCapture2                          0x0800138f   Thumb Code     6  stm32f10x_tim.o(.text)
    TIM_GetCapture3                          0x08001395   Thumb Code     6  stm32f10x_tim.o(.text)
    TIM_GetCapture4                          0x0800139b   Thumb Code     8  stm32f10x_tim.o(.text)
    TIM_GetCounter                           0x080013a3   Thumb Code     6  stm32f10x_tim.o(.text)
    TIM_GetPrescaler                         0x080013a9   Thumb Code     6  stm32f10x_tim.o(.text)
    TIM_GetFlagStatus                        0x080013af   Thumb Code    18  stm32f10x_tim.o(.text)
    TIM_ClearFlag                            0x080013c1   Thumb Code     6  stm32f10x_tim.o(.text)
    TIM_GetITStatus                          0x080013c7   Thumb Code    34  stm32f10x_tim.o(.text)
    TIM_ClearITPendingBit                    0x080013e9   Thumb Code     6  stm32f10x_tim.o(.text)
    NVIC_PriorityGroupConfig                 0x080013f1   Thumb Code    10  misc.o(.text)
    NVIC_Init                                0x080013fb   Thumb Code   100  misc.o(.text)
    NVIC_SetVectorTable                      0x0800145f   Thumb Code    14  misc.o(.text)
    NVIC_SystemLPConfig                      0x0800146d   Thumb Code    34  misc.o(.text)
    SysTick_CLKSourceConfig                  0x0800148f   Thumb Code    40  misc.o(.text)
    GPIO_DeInit                              0x080014cd   Thumb Code   172  stm32f10x_gpio.o(.text)
    GPIO_AFIODeInit                          0x08001579   Thumb Code    20  stm32f10x_gpio.o(.text)
    GPIO_Init                                0x0800158d   Thumb Code   278  stm32f10x_gpio.o(.text)
    GPIO_StructInit                          0x080016a3   Thumb Code    16  stm32f10x_gpio.o(.text)
    GPIO_ReadInputDataBit                    0x080016b3   Thumb Code    18  stm32f10x_gpio.o(.text)
    GPIO_ReadInputData                       0x080016c5   Thumb Code     8  stm32f10x_gpio.o(.text)
    GPIO_ReadOutputDataBit                   0x080016cd   Thumb Code    18  stm32f10x_gpio.o(.text)
    GPIO_ReadOutputData                      0x080016df   Thumb Code     8  stm32f10x_gpio.o(.text)
    GPIO_SetBits                             0x080016e7   Thumb Code     4  stm32f10x_gpio.o(.text)
    GPIO_ResetBits                           0x080016eb   Thumb Code     4  stm32f10x_gpio.o(.text)
    GPIO_WriteBit                            0x080016ef   Thumb Code    10  stm32f10x_gpio.o(.text)
    GPIO_Write                               0x080016f9   Thumb Code     4  stm32f10x_gpio.o(.text)
    GPIO_PinLockConfig                       0x080016fd   Thumb Code    18  stm32f10x_gpio.o(.text)
    GPIO_EventOutputConfig                   0x0800170f   Thumb Code    26  stm32f10x_gpio.o(.text)
    GPIO_EventOutputCmd                      0x08001729   Thumb Code     6  stm32f10x_gpio.o(.text)
    GPIO_PinRemapConfig                      0x0800172f   Thumb Code   138  stm32f10x_gpio.o(.text)
    GPIO_EXTILineConfig                      0x080017b9   Thumb Code    66  stm32f10x_gpio.o(.text)
    GPIO_ETH_MediaInterfaceConfig            0x080017fb   Thumb Code     8  stm32f10x_gpio.o(.text)
    RCC_DeInit                               0x08001829   Thumb Code    64  stm32f10x_rcc.o(.text)
    RCC_HSEConfig                            0x08001869   Thumb Code    70  stm32f10x_rcc.o(.text)
    RCC_GetFlagStatus                        0x080018af   Thumb Code    56  stm32f10x_rcc.o(.text)
    RCC_WaitForHSEStartUp                    0x080018e7   Thumb Code    56  stm32f10x_rcc.o(.text)
    RCC_AdjustHSICalibrationValue            0x0800191f   Thumb Code    20  stm32f10x_rcc.o(.text)
    RCC_HSICmd                               0x08001933   Thumb Code     6  stm32f10x_rcc.o(.text)
    RCC_PLLConfig                            0x08001939   Thumb Code    24  stm32f10x_rcc.o(.text)
    RCC_PLLCmd                               0x08001951   Thumb Code     6  stm32f10x_rcc.o(.text)
    RCC_SYSCLKConfig                         0x08001957   Thumb Code    18  stm32f10x_rcc.o(.text)
    RCC_GetSYSCLKSource                      0x08001969   Thumb Code    10  stm32f10x_rcc.o(.text)
    RCC_HCLKConfig                           0x08001973   Thumb Code    18  stm32f10x_rcc.o(.text)
    RCC_PCLK1Config                          0x08001985   Thumb Code    18  stm32f10x_rcc.o(.text)
    RCC_PCLK2Config                          0x08001997   Thumb Code    20  stm32f10x_rcc.o(.text)
    RCC_ITConfig                             0x080019ab   Thumb Code    26  stm32f10x_rcc.o(.text)
    RCC_USBCLKConfig                         0x080019c5   Thumb Code     8  stm32f10x_rcc.o(.text)
    RCC_ADCCLKConfig                         0x080019cd   Thumb Code    18  stm32f10x_rcc.o(.text)
    RCC_LSEConfig                            0x080019df   Thumb Code    50  stm32f10x_rcc.o(.text)
    RCC_LSICmd                               0x08001a11   Thumb Code     6  stm32f10x_rcc.o(.text)
    RCC_RTCCLKConfig                         0x08001a17   Thumb Code    12  stm32f10x_rcc.o(.text)
    RCC_RTCCLKCmd                            0x08001a23   Thumb Code     8  stm32f10x_rcc.o(.text)
    RCC_GetClocksFreq                        0x08001a2b   Thumb Code   192  stm32f10x_rcc.o(.text)
    RCC_AHBPeriphClockCmd                    0x08001aeb   Thumb Code    26  stm32f10x_rcc.o(.text)
    RCC_APB2PeriphClockCmd                   0x08001b05   Thumb Code    26  stm32f10x_rcc.o(.text)
    RCC_APB1PeriphClockCmd                   0x08001b1f   Thumb Code    26  stm32f10x_rcc.o(.text)
    RCC_APB2PeriphResetCmd                   0x08001b39   Thumb Code    26  stm32f10x_rcc.o(.text)
    RCC_APB1PeriphResetCmd                   0x08001b53   Thumb Code    26  stm32f10x_rcc.o(.text)
    RCC_BackupResetCmd                       0x08001b6d   Thumb Code     8  stm32f10x_rcc.o(.text)
    RCC_ClockSecuritySystemCmd               0x08001b75   Thumb Code     6  stm32f10x_rcc.o(.text)
    RCC_MCOConfig                            0x08001b7b   Thumb Code     6  stm32f10x_rcc.o(.text)
    RCC_ClearFlag                            0x08001b81   Thumb Code    14  stm32f10x_rcc.o(.text)
    RCC_GetITStatus                          0x08001b8f   Thumb Code    20  stm32f10x_rcc.o(.text)
    RCC_ClearITPendingBit                    0x08001ba3   Thumb Code     6  stm32f10x_rcc.o(.text)
    USART_DeInit                             0x08001bcd   Thumb Code   134  stm32f10x_usart.o(.text)
    USART_Init                               0x08001c53   Thumb Code   210  stm32f10x_usart.o(.text)
    USART_StructInit                         0x08001d25   Thumb Code    24  stm32f10x_usart.o(.text)
    USART_ClockInit                          0x08001d3d   Thumb Code    34  stm32f10x_usart.o(.text)
    USART_ClockStructInit                    0x08001d5f   Thumb Code    12  stm32f10x_usart.o(.text)
    USART_Cmd                                0x08001d6b   Thumb Code    24  stm32f10x_usart.o(.text)
    USART_ITConfig                           0x08001d83   Thumb Code    74  stm32f10x_usart.o(.text)
    USART_DMACmd                             0x08001dcd   Thumb Code    18  stm32f10x_usart.o(.text)
    USART_SetAddress                         0x08001ddf   Thumb Code    18  stm32f10x_usart.o(.text)
    USART_WakeUpConfig                       0x08001df1   Thumb Code    18  stm32f10x_usart.o(.text)
    USART_ReceiverWakeUpCmd                  0x08001e03   Thumb Code    24  stm32f10x_usart.o(.text)
    USART_LINBreakDetectLengthConfig         0x08001e1b   Thumb Code    18  stm32f10x_usart.o(.text)
    USART_LINCmd                             0x08001e2d   Thumb Code    24  stm32f10x_usart.o(.text)
    USART_SendData                           0x08001e45   Thumb Code     8  stm32f10x_usart.o(.text)
    USART_ReceiveData                        0x08001e4d   Thumb Code    10  stm32f10x_usart.o(.text)
    USART_SendBreak                          0x08001e57   Thumb Code    10  stm32f10x_usart.o(.text)
    USART_SetGuardTime                       0x08001e61   Thumb Code    16  stm32f10x_usart.o(.text)
    USART_SetPrescaler                       0x08001e71   Thumb Code    16  stm32f10x_usart.o(.text)
    USART_SmartCardCmd                       0x08001e81   Thumb Code    24  stm32f10x_usart.o(.text)
    USART_SmartCardNACKCmd                   0x08001e99   Thumb Code    24  stm32f10x_usart.o(.text)
    USART_HalfDuplexCmd                      0x08001eb1   Thumb Code    24  stm32f10x_usart.o(.text)
    USART_OverSampling8Cmd                   0x08001ec9   Thumb Code    22  stm32f10x_usart.o(.text)
    USART_OneBitMethodCmd                    0x08001edf   Thumb Code    24  stm32f10x_usart.o(.text)
    USART_IrDAConfig                         0x08001ef7   Thumb Code    18  stm32f10x_usart.o(.text)
    USART_IrDACmd                            0x08001f09   Thumb Code    24  stm32f10x_usart.o(.text)
    USART_GetFlagStatus                      0x08001f21   Thumb Code    26  stm32f10x_usart.o(.text)
    USART_ClearFlag                          0x08001f3b   Thumb Code    18  stm32f10x_usart.o(.text)
    USART_GetITStatus                        0x08001f4d   Thumb Code    84  stm32f10x_usart.o(.text)
    USART_ClearITPendingBit                  0x08001fa1   Thumb Code    52  stm32f10x_usart.o(.text)
    Delay_Init                               0x08001fd5   Thumb Code    48  delay.o(.text)
    delay_us                                 0x08002005   Thumb Code    60  delay.o(.text)
    delay_ms                                 0x08002041   Thumb Code    66  delay.o(.text)
    HX711_GPIO_Init                          0x0800208d   Thumb Code    64  hx711.o(.text)
    HX711_W_PD_SCK                           0x080020cd   Thumb Code    18  hx711.o(.text)
    HX711_W_DOUT                             0x080020df   Thumb Code    52  hx711.o(.text)
    HX711_R_DOUT                             0x08002113   Thumb Code    48  hx711.o(.text)
    HX711_Reset                              0x08002143   Thumb Code    16  hx711.o(.text)
    HX711_ReadData                           0x08002153   Thumb Code   120  hx711.o(.text)
    Get_Pi                                   0x080021cb   Thumb Code    96  hx711.o(.text)
    Get_Weight                               0x0800222b   Thumb Code    66  hx711.o(.text)
    Show_weight                              0x0800226d   Thumb Code   146  hx711.o(.text)
    OLED_I2C_Init                            0x08002321   Thumb Code    76  oled.o(.text)
    OLED_I2C_Start                           0x0800236d   Thumb Code    48  oled.o(.text)
    OLED_I2C_Stop                            0x0800239d   Thumb Code    36  oled.o(.text)
    OLED_I2C_SendByte                        0x080023c1   Thumb Code    80  oled.o(.text)
    OLED_WriteCommand                        0x08002411   Thumb Code    32  oled.o(.text)
    OLED_WriteData                           0x08002431   Thumb Code    32  oled.o(.text)
    OLED_SetCursor                           0x08002451   Thumb Code    34  oled.o(.text)
    OLED_Clear                               0x08002473   Thumb Code    42  oled.o(.text)
    OLED_ShowChar                            0x0800249d   Thumb Code   110  oled.o(.text)
    OLED_ShowString                          0x0800250b   Thumb Code    40  oled.o(.text)
    OLED_Pow                                 0x08002533   Thumb Code    20  oled.o(.text)
    OLED_ShowNum                             0x08002547   Thumb Code    68  oled.o(.text)
    OLED_ShowSignedNum                       0x0800258b   Thumb Code   102  oled.o(.text)
    OLED_ShowHexNum                          0x080025f1   Thumb Code    84  oled.o(.text)
    OLED_ShowBinNum                          0x08002645   Thumb Code    62  oled.o(.text)
    OLED_Init                                0x08002683   Thumb Code   182  oled.o(.text)
    Servo_Init                               0x08002739   Thumb Code   140  servo.o(.text)
    Servo_SetAngle                           0x080027c5   Thumb Code    50  servo.o(.text)
    setFEED                                  0x080027f7   Thumb Code    96  servo.o(.text)
    Usart1_Init                              0x08002875   Thumb Code   166  usart.o(.text)
    Usart2_Init                              0x0800291b   Thumb Code   162  usart.o(.text)
    Usart_SendString                         0x080029bd   Thumb Code    50  usart.o(.text)
    UsartPrintf                              0x080029ef   Thumb Code    72  usart.o(.text)
    USART1_IRQHandler                        0x08002a37   Thumb Code    24  usart.o(.text)
    main                                     0x08002a5d   Thumb Code   280  main.o(.text)
    OneNet_DevLink                           0x08002e6b   Thumb Code   242  onenet.o(.text)
    OneNet_FillBuf                           0x08002f5d   Thumb Code    70  onenet.o(.text)
    OneNet_SendData                          0x08002fa3   Thumb Code   130  onenet.o(.text)
    OneNET_Publish                           0x08003025   Thumb Code    86  onenet.o(.text)
    OneNET_Subscribe                         0x0800307b   Thumb Code   852  onenet.o(.text)
    OneNet_Subscribe                         0x080033cf   Thumb Code    82  onenet.o(.text)
    OneNet_RevPro                            0x08003421   Thumb Code   368  onenet.o(.text)
    ft                                       0x08003685   Thumb Code    76  hmac_sha1.o(.text)
    k                                        0x080036d1   Thumb Code    34  hmac_sha1.o(.text)
    rotr                                     0x080036f3   Thumb Code    40  hmac_sha1.o(.text)
    rotl                                     0x0800371b   Thumb Code    46  hmac_sha1.o(.text)
    sha1                                     0x08003749   Thumb Code   632  hmac_sha1.o(.text)
    hmac_sha1                                0x080039c1   Thumb Code   360  hmac_sha1.o(.text)
    BASE64_Encode                            0x08003b29   Thumb Code   320  base64.o(.text)
    BASE64_Decode                            0x08003c69   Thumb Code   360  base64.o(.text)
    MQTT_NewBuffer                           0x08003dd9   Thumb Code    88  mqttkit.o(.text)
    MQTT_DeleteBuffer                        0x08003e31   Thumb Code    28  mqttkit.o(.text)
    MQTT_DumpLength                          0x08003e4d   Thumb Code    46  mqttkit.o(.text)
    MQTT_ReadLength                          0x08003e7b   Thumb Code    70  mqttkit.o(.text)
    MQTT_UnPacketRecv                        0x08003ec1   Thumb Code   106  mqttkit.o(.text)
    MQTT_PacketConnect                       0x08003f2b   Thumb Code   666  mqttkit.o(.text)
    MQTT_PacketDisConnect                    0x080041c5   Thumb Code    48  mqttkit.o(.text)
    MQTT_UnPacketConnectAck                  0x080041f5   Thumb Code    30  mqttkit.o(.text)
    MQTT_PacketPublish                       0x08004213   Thumb Code   452  mqttkit.o(.text)
    MQTT_PacketSaveData                      0x080043d7   Thumb Code    68  mqttkit.o(.text)
    MQTT_PacketSaveBinData                   0x0800441b   Thumb Code   192  mqttkit.o(.text)
    MQTT_UnPacketCmd                         0x080044db   Thumb Code   140  mqttkit.o(.text)
    MQTT_PacketCmdResp                       0x08004567   Thumb Code   132  mqttkit.o(.text)
    MQTT_PacketSubscribe                     0x080045eb   Thumb Code   254  mqttkit.o(.text)
    MQTT_UnPacketSubscribe                   0x080046e9   Thumb Code    52  mqttkit.o(.text)
    MQTT_PacketUnSubscribe                   0x0800471d   Thumb Code   324  mqttkit.o(.text)
    MQTT_UnPacketUnSubscribe                 0x08004861   Thumb Code    18  mqttkit.o(.text)
    MQTT_UnPacketPublish                     0x08004873   Thumb Code   440  mqttkit.o(.text)
    MQTT_PacketPublishAck                    0x08004a2b   Thumb Code    72  mqttkit.o(.text)
    MQTT_UnPacketPublishAck                  0x08004a73   Thumb Code    30  mqttkit.o(.text)
    MQTT_PacketPublishRec                    0x08004a91   Thumb Code    72  mqttkit.o(.text)
    MQTT_UnPacketPublishRec                  0x08004ad9   Thumb Code    30  mqttkit.o(.text)
    MQTT_PacketPublishRel                    0x08004af7   Thumb Code    72  mqttkit.o(.text)
    MQTT_UnPacketPublishRel                  0x08004b3f   Thumb Code    36  mqttkit.o(.text)
    MQTT_PacketPublishComp                   0x08004b63   Thumb Code    72  mqttkit.o(.text)
    MQTT_UnPacketPublishComp                 0x08004bab   Thumb Code    30  mqttkit.o(.text)
    MQTT_PacketPing                          0x08004bc9   Thumb Code    48  mqttkit.o(.text)
    ESP8266_Clear                            0x08004bf9   Thumb Code    20  esp8266.o(.text)
    ESP8266_WaitRecive                       0x08004c0d   Thumb Code    42  esp8266.o(.text)
    ESP8266_SendCmd                          0x08004c37   Thumb Code    76  esp8266.o(.text)
    ESP8266_SendData                         0x08004c83   Thumb Code    46  esp8266.o(.text)
    ESP8266_GetIPD                           0x08004cb1   Thumb Code    68  esp8266.o(.text)
    ESP8266_Init                             0x08004cf5   Thumb Code   204  esp8266.o(.text)
    USART2_IRQHandler                        0x08004dc1   Thumb Code    64  esp8266.o(.text)
    malloc                                   0x08004ecd   Thumb Code    94  h1_alloc.o(.text)
    free                                     0x08004f2b   Thumb Code    78  h1_free.o(.text)
    __c89vsnprintf                           0x08004f79   Thumb Code    48  c89vsnprintf.o(.text)
    __2sprintf                               0x08004fad   Thumb Code    38  __2sprintf.o(.text)
    __2snprintf                              0x08004fd9   Thumb Code    50  __2snprintf.o(.text)
    _printf_str                              0x08005011   Thumb Code    82  _printf_str.o(.text)
    _printf_int_dec                          0x08005065   Thumb Code   104  _printf_dec.o(.text)
    __printf                                 0x080050dd   Thumb Code   388  __printf_flags_ss_wp.o(.text)
    atoi                                     0x08005265   Thumb Code    26  atoi.o(.text)
    strchr                                   0x0800527f   Thumb Code    20  strchr.o(.text)
    strncat                                  0x08005293   Thumb Code    36  strncat.o(.text)
    strstr                                   0x080052b7   Thumb Code    36  strstr.o(.text)
    strcpy                                   0x080052db   Thumb Code    72  strcpy.o(.text)
    strlen                                   0x08005323   Thumb Code    62  strlen.o(.text)
    strcat                                   0x08005361   Thumb Code    24  strcat.o(.text)
    __aeabi_memcpy                           0x08005379   Thumb Code     0  rt_memcpy_v6.o(.text)
    __rt_memcpy                              0x08005379   Thumb Code   138  rt_memcpy_v6.o(.text)
    _memcpy_lastbytes                        0x080053df   Thumb Code     0  rt_memcpy_v6.o(.text)
    __aeabi_memclr                           0x08005403   Thumb Code     0  rt_memclr.o(.text)
    __rt_memclr                              0x08005403   Thumb Code    68  rt_memclr.o(.text)
    _memset                                  0x08005407   Thumb Code     0  rt_memclr.o(.text)
    __aeabi_memclr4                          0x08005447   Thumb Code     0  rt_memclr_w.o(.text)
    __aeabi_memclr8                          0x08005447   Thumb Code     0  rt_memclr_w.o(.text)
    __rt_memclr_w                            0x08005447   Thumb Code    78  rt_memclr_w.o(.text)
    _memset_w                                0x0800544b   Thumb Code     0  rt_memclr_w.o(.text)
    __use_two_region_memory                  0x08005495   Thumb Code     2  heapauxi.o(.text)
    __rt_heap_escrow                         0x08005497   Thumb Code     2  heapauxi.o(.text)
    __rt_heap_expand                         0x08005499   Thumb Code     2  heapauxi.o(.text)
    __rt_heap_descriptor                     0x0800549d   Thumb Code     8  rt_heap_descriptor_intlibspace.o(.text)
    __aeabi_errno_addr                       0x080054a5   Thumb Code     8  rt_errno_addr_intlibspace.o(.text)
    __errno$intlibspace                      0x080054a5   Thumb Code     0  rt_errno_addr_intlibspace.o(.text)
    __rt_errno_addr$intlibspace              0x080054a5   Thumb Code     0  rt_errno_addr_intlibspace.o(.text)
    __use_no_heap                            0x080054ad   Thumb Code     2  hguard.o(.text)
    __heap$guard                             0x080054af   Thumb Code     2  hguard.o(.text)
    _terminate_user_alloc                    0x080054b1   Thumb Code     2  init_alloc.o(.text)
    _init_user_alloc                         0x080054b3   Thumb Code     2  init_alloc.o(.text)
    __Heap_Full                              0x080054b5   Thumb Code    34  init_alloc.o(.text)
    __Heap_Broken                            0x080054d7   Thumb Code     6  init_alloc.o(.text)
    _init_alloc                              0x080054dd   Thumb Code    94  init_alloc.o(.text)
    __Heap_Initialize                        0x0800553b   Thumb Code    10  h1_init.o(.text)
    __Heap_DescSize                          0x08005545   Thumb Code     4  h1_init.o(.text)
    _printf_pre_padding                      0x08005549   Thumb Code    44  _printf_pad.o(.text)
    _printf_post_padding                     0x08005575   Thumb Code    34  _printf_pad.o(.text)
    _printf_truncate_signed                  0x08005597   Thumb Code    18  _printf_truncate.o(.text)
    _printf_truncate_unsigned                0x080055a9   Thumb Code    18  _printf_truncate.o(.text)
    _printf_int_common                       0x080055bb   Thumb Code   178  _printf_intcommon.o(.text)
    _printf_charcount                        0x0800566d   Thumb Code    40  _printf_charcount.o(.text)
    _printf_char_common                      0x0800569f   Thumb Code    32  _printf_char_common.o(.text)
    _sputc                                   0x080056c5   Thumb Code    10  _sputc.o(.text)
    _snputc                                  0x080056cf   Thumb Code    16  _snputc.o(.text)
    _printf_cs_common                        0x080056df   Thumb Code    20  _printf_char.o(.text)
    _printf_char                             0x080056f3   Thumb Code    16  _printf_char.o(.text)
    _printf_string                           0x08005703   Thumb Code     8  _printf_char.o(.text)
    _printf_wctomb                           0x0800570d   Thumb Code   182  _printf_wctomb.o(.text)
    _printf_longlong_dec                     0x080057c9   Thumb Code   108  _printf_longlong_dec.o(.text)
    _printf_longlong_oct                     0x08005845   Thumb Code    66  _printf_oct_int_ll.o(.text)
    _printf_int_oct                          0x08005887   Thumb Code    24  _printf_oct_int_ll.o(.text)
    _printf_ll_oct                           0x0800589f   Thumb Code    12  _printf_oct_int_ll.o(.text)
    _printf_longlong_hex                     0x080058b5   Thumb Code    86  _printf_hex_int_ll_ptr.o(.text)
    _printf_int_hex                          0x0800590b   Thumb Code    28  _printf_hex_int_ll_ptr.o(.text)
    _printf_ll_hex                           0x08005927   Thumb Code    12  _printf_hex_int_ll_ptr.o(.text)
    _printf_hex_ptr                          0x08005933   Thumb Code    18  _printf_hex_int_ll_ptr.o(.text)
    strtol                                   0x08005949   Thumb Code   112  strtol.o(.text)
    __aeabi_memcpy4                          0x080059b9   Thumb Code     0  rt_memcpy_w.o(.text)
    __aeabi_memcpy8                          0x080059b9   Thumb Code     0  rt_memcpy_w.o(.text)
    __rt_memcpy_w                            0x080059b9   Thumb Code   100  rt_memcpy_w.o(.text)
    _memcpy_lastbytes_aligned                0x08005a01   Thumb Code     0  rt_memcpy_w.o(.text)
    __user_libspace                          0x08005a1d   Thumb Code     8  libspace.o(.text)
    __user_perproc_libspace                  0x08005a1d   Thumb Code     0  libspace.o(.text)
    __user_perthread_libspace                0x08005a1d   Thumb Code     0  libspace.o(.text)
    __rt_ctype_table                         0x08005a25   Thumb Code    16  rt_ctype_table.o(.text)
    __Heap_ProvideMemory                     0x08005a35   Thumb Code    52  h1_extend.o(.text)
    _ll_udiv10                               0x08005a69   Thumb Code   138  lludiv10.o(.text)
    __lib_sel_fp_printf                      0x08005af3   Thumb Code     2  _printf_fp_dec.o(.text)
    _printf_fp_dec_real                      0x08005ca5   Thumb Code   620  _printf_fp_dec.o(.text)
    _printf_lcs_common                       0x08005f11   Thumb Code    20  _printf_wchar.o(.text)
    _printf_wchar                            0x08005f25   Thumb Code    16  _printf_wchar.o(.text)
    _printf_wstring                          0x08005f35   Thumb Code     8  _printf_wchar.o(.text)
    _strtoul                                 0x08005f3d   Thumb Code   158  _strtoul.o(.text)
    _wcrtomb                                 0x08005fdb   Thumb Code    64  _wcrtomb.o(.text)
    __rt_SIGRTMEM                            0x0800601b   Thumb Code    14  defsig_rtmem_outer.o(.text)
    __I$use$semihosting                      0x08006029   Thumb Code     0  use_no_semi.o(.text)
    __use_no_semihosting_swi                 0x08006029   Thumb Code     2  use_no_semi.o(.text)
    __semihosting_library_function           0x0800602b   Thumb Code     0  indicate_semi.o(.text)
    __user_setup_stackheap                   0x0800602b   Thumb Code    74  sys_stackheap_outer.o(.text)
    __rt_locale                              0x08006075   Thumb Code     8  rt_locale_intlibspace.o(.text)
    _printf_fp_infnan                        0x0800607d   Thumb Code   112  _printf_fp_infnan.o(.text)
    _chval                                   0x080060fd   Thumb Code    28  _chval.o(.text)
    _btod_etento                             0x08006119   Thumb Code   224  bigflt0.o(.text)
    exit                                     0x080061fd   Thumb Code    18  exit.o(.text)
    __sig_exit                               0x0800620f   Thumb Code    10  defsig_exit.o(.text)
    __rt_SIGRTMEM_inner                      0x08006219   Thumb Code    22  defsig_rtmem_inner.o(.text)
    _sys_exit                                0x08006269   Thumb Code     8  sys_exit.o(.text)
    __default_signal_display                 0x08006275   Thumb Code    50  defsig_general.o(.text)
    strcmp                                   0x080062a9   Thumb Code   128  strcmpv7m.o(.text)
    _ttywrch                                 0x08006329   Thumb Code    14  sys_wrch.o(.text)
    _btod_d2e                                0x08006337   Thumb Code    62  btod.o(CL$$btod_d2e)
    _d2e_denorm_low                          0x08006375   Thumb Code    70  btod.o(CL$$btod_d2e_denorm_low)
    _d2e_norm_op1                            0x080063bb   Thumb Code    96  btod.o(CL$$btod_d2e_norm_op1)
    __btod_div_common                        0x0800641b   Thumb Code   696  btod.o(CL$$btod_div_common)
    _e2e                                     0x08006753   Thumb Code   220  btod.o(CL$$btod_e2e)
    _btod_ediv                               0x0800682f   Thumb Code    42  btod.o(CL$$btod_ediv)
    _btod_emul                               0x08006859   Thumb Code    42  btod.o(CL$$btod_emul)
    __btod_mult_common                       0x08006883   Thumb Code   580  btod.o(CL$$btod_mult_common)
    __ARM_fpclassify                         0x08006ac7   Thumb Code    40  fpclassify.o(i.__ARM_fpclassify)
    _is_digit                                0x08006aef   Thumb Code    14  __printf_wp.o(i._is_digit)
    _get_lc_ctype                            0x08006afd   Thumb Code    44  lc_ctype_c.o(locale$$code)
    _get_lc_numeric                          0x08006b29   Thumb Code    44  lc_numeric_c.o(locale$$code)
    __aeabi_fadd                             0x08006b55   Thumb Code     0  faddsub_clz.o(x$fpl$fadd)
    _fadd                                    0x08006b55   Thumb Code   196  faddsub_clz.o(x$fpl$fadd)
    __aeabi_fdiv                             0x08006c19   Thumb Code     0  fdiv.o(x$fpl$fdiv)
    _fdiv                                    0x08006c19   Thumb Code   384  fdiv.o(x$fpl$fdiv)
    __aeabi_f2uiz                            0x08006d9d   Thumb Code     0  ffixu.o(x$fpl$ffixu)
    _ffixu                                   0x08006d9d   Thumb Code    62  ffixu.o(x$fpl$ffixu)
    __aeabi_ui2f                             0x08006ddd   Thumb Code     0  fflt_clz.o(x$fpl$ffltu)
    _ffltu                                   0x08006ddd   Thumb Code    38  fflt_clz.o(x$fpl$ffltu)
    __aeabi_fmul                             0x08006e05   Thumb Code     0  fmul.o(x$fpl$fmul)
    _fmul                                    0x08006e05   Thumb Code   258  fmul.o(x$fpl$fmul)
    __fpl_fnaninf                            0x08006f07   Thumb Code   140  fnaninf.o(x$fpl$fnaninf)
    __fpl_fretinf                            0x08006f93   Thumb Code    10  fretinf.o(x$fpl$fretinf)
    __aeabi_fsub                             0x08006f9d   Thumb Code     0  faddsub_clz.o(x$fpl$fsub)
    _fsub                                    0x08006f9d   Thumb Code   234  faddsub_clz.o(x$fpl$fsub)
    _printf_fp_dec                           0x08007087   Thumb Code     4  printf1.o(x$fpl$printf1)
    OLED_F8x16                               0x0800708a   Data        1520  oled.o(.constdata)
    __I$use$fp                               0x0800708a   Number         0  usenofp.o(x$fpl$usenofp)
    Region$$Table$$Base                      0x08007858   Number         0  anon$$obj.o(Region$$Table)
    Region$$Table$$Limit                     0x08007878   Number         0  anon$$obj.o(Region$$Table)
    __ctype                                  0x08007885   Data           0  lc_ctype_c.o(locale$$data)
    SystemCoreClock                          0x20000000   Data           4  system_stm32f10x.o(.data)
    AHBPrescTable                            0x20000004   Data          16  system_stm32f10x.o(.data)
    UsCount                                  0x20000028   Data           1  delay.o(.data)
    MsCount                                  0x2000002a   Data           2  delay.o(.data)
    BiaoDing                                 0x2000002c   Data           4  hx711.o(.data)
    pi_weight                                0x20000030   Data           4  hx711.o(.data)
    weight                                   0x20000034   Data           4  hx711.o(.data)
    medleng                                  0x20000038   Data           4  hx711.o(.data)
    num                                      0x2000003c   Data           4  hx711.o(.data)
    Pi_flag                                  0x20000040   Data           1  hx711.o(.data)
    Flag                                     0x20000042   Data           1  servo.o(.data)
    FEED                                     0x20000044   Data          12  servo.o(.data)
    My_Weight                                0x20000050   Data           4  main.o(.data)
    esp8266_cnt                              0x20000056   Data           2  esp8266.o(.data)
    esp8266_cntPre                           0x20000058   Data           2  esp8266.o(.data)
    buffer                                   0x2000005c   Data          20  hx711.o(.bss)
    PUB_BUF                                  0x20000070   Data         256  main.o(.bss)
    esp8266_buf                              0x20000170   Data         512  esp8266.o(.bss)
    __libspace_start                         0x20000370   Data          96  libspace.o(.bss)
    __temporary_stack_top$libspace           0x200003d0   Data           0  libspace.o(.bss)



==============================================================================

Memory Map of the image

  Image Entry point : 0x08000131

  Load Region LR_IROM1 (Base: 0x08000000, Size: 0x00007a00, Max: 0x00080000, ABSOLUTE)

    Execution Region ER_IROM1 (Exec base: 0x08000000, Load base: 0x08000000, Size: 0x000079a4, Max: 0x00080000, ABSOLUTE)

    Exec Addr    Load Addr    Size         Type   Attr      Idx    E Section Name        Object

    0x08000000   0x08000000   0x00000130   Data   RO          139    RESET               startup_stm32f10x_hd.o
    0x08000130   0x08000130   0x00000008   Code   RO          646  * !!!main             c_w.l(__main.o)
    0x08000138   0x08000138   0x00000034   Code   RO         1014    !!!scatter          c_w.l(__scatter.o)
    0x0800016c   0x0800016c   0x0000001a   Code   RO         1016    !!handler_copy      c_w.l(__scatter_copy.o)
    0x08000186   0x08000186   0x00000002   PAD
    0x08000188   0x08000188   0x0000001c   Code   RO         1018    !!handler_zi        c_w.l(__scatter_zi.o)
    0x080001a4   0x080001a4   0x00000000   Code   RO          623    .ARM.Collect$$_printf_percent$$00000000  c_w.l(_printf_percent.o)
    0x080001a4   0x080001a4   0x00000006   Code   RO          752    .ARM.Collect$$_printf_percent$$00000001  c_w.l(_printf_n.o)
    0x080001aa   0x080001aa   0x00000006   Code   RO          754    .ARM.Collect$$_printf_percent$$00000002  c_w.l(_printf_p.o)
    0x080001b0   0x080001b0   0x00000006   Code   RO          758    .ARM.Collect$$_printf_percent$$00000003  c_w.l(_printf_f.o)
    0x080001b6   0x080001b6   0x00000006   Code   RO          759    .ARM.Collect$$_printf_percent$$00000004  c_w.l(_printf_e.o)
    0x080001bc   0x080001bc   0x00000006   Code   RO          760    .ARM.Collect$$_printf_percent$$00000005  c_w.l(_printf_g.o)
    0x080001c2   0x080001c2   0x00000006   Code   RO          761    .ARM.Collect$$_printf_percent$$00000006  c_w.l(_printf_a.o)
    0x080001c8   0x080001c8   0x0000000a   Code   RO          766    .ARM.Collect$$_printf_percent$$00000007  c_w.l(_printf_ll.o)
    0x080001d2   0x080001d2   0x00000006   Code   RO          756    .ARM.Collect$$_printf_percent$$00000008  c_w.l(_printf_i.o)
    0x080001d8   0x080001d8   0x00000006   Code   RO          622    .ARM.Collect$$_printf_percent$$00000009  c_w.l(_printf_d.o)
    0x080001de   0x080001de   0x00000006   Code   RO          757    .ARM.Collect$$_printf_percent$$0000000A  c_w.l(_printf_u.o)
    0x080001e4   0x080001e4   0x00000006   Code   RO          755    .ARM.Collect$$_printf_percent$$0000000B  c_w.l(_printf_o.o)
    0x080001ea   0x080001ea   0x00000006   Code   RO          753    .ARM.Collect$$_printf_percent$$0000000C  c_w.l(_printf_x.o)
    0x080001f0   0x080001f0   0x00000006   Code   RO          763    .ARM.Collect$$_printf_percent$$0000000D  c_w.l(_printf_lli.o)
    0x080001f6   0x080001f6   0x00000006   Code   RO          764    .ARM.Collect$$_printf_percent$$0000000E  c_w.l(_printf_lld.o)
    0x080001fc   0x080001fc   0x00000006   Code   RO          765    .ARM.Collect$$_printf_percent$$0000000F  c_w.l(_printf_llu.o)
    0x08000202   0x08000202   0x00000006   Code   RO          770    .ARM.Collect$$_printf_percent$$00000010  c_w.l(_printf_llo.o)
    0x08000208   0x08000208   0x00000006   Code   RO          771    .ARM.Collect$$_printf_percent$$00000011  c_w.l(_printf_llx.o)
    0x0800020e   0x0800020e   0x0000000a   Code   RO          767    .ARM.Collect$$_printf_percent$$00000012  c_w.l(_printf_l.o)
    0x08000218   0x08000218   0x00000006   Code   RO          751    .ARM.Collect$$_printf_percent$$00000013  c_w.l(_printf_c.o)
    0x0800021e   0x0800021e   0x00000006   Code   RO          621    .ARM.Collect$$_printf_percent$$00000014  c_w.l(_printf_s.o)
    0x08000224   0x08000224   0x00000006   Code   RO          768    .ARM.Collect$$_printf_percent$$00000015  c_w.l(_printf_lc.o)
    0x0800022a   0x0800022a   0x00000006   Code   RO          769    .ARM.Collect$$_printf_percent$$00000016  c_w.l(_printf_ls.o)
    0x08000230   0x08000230   0x00000004   Code   RO          762    .ARM.Collect$$_printf_percent$$00000017  c_w.l(_printf_percent_end.o)
    0x08000234   0x08000234   0x00000002   Code   RO          947    .ARM.Collect$$libinit$$00000000  c_w.l(libinit.o)
    0x08000236   0x08000236   0x00000000   Code   RO          779    .ARM.Collect$$libinit$$00000002  c_w.l(libinit2.o)
    0x08000236   0x08000236   0x00000000   Code   RO          781    .ARM.Collect$$libinit$$00000004  c_w.l(libinit2.o)
    0x08000236   0x08000236   0x00000008   Code   RO          782    .ARM.Collect$$libinit$$00000005  c_w.l(libinit2.o)
    0x0800023e   0x0800023e   0x00000000   Code   RO          784    .ARM.Collect$$libinit$$0000000A  c_w.l(libinit2.o)
    0x0800023e   0x0800023e   0x00000000   Code   RO          786    .ARM.Collect$$libinit$$0000000C  c_w.l(libinit2.o)
    0x0800023e   0x0800023e   0x00000000   Code   RO          788    .ARM.Collect$$libinit$$0000000E  c_w.l(libinit2.o)
    0x0800023e   0x0800023e   0x00000006   Code   RO          789    .ARM.Collect$$libinit$$0000000F  c_w.l(libinit2.o)
    0x08000244   0x08000244   0x00000000   Code   RO          791    .ARM.Collect$$libinit$$00000011  c_w.l(libinit2.o)
    0x08000244   0x08000244   0x0000000c   Code   RO          792    .ARM.Collect$$libinit$$00000012  c_w.l(libinit2.o)
    0x08000250   0x08000250   0x00000000   Code   RO          793    .ARM.Collect$$libinit$$00000013  c_w.l(libinit2.o)
    0x08000250   0x08000250   0x00000000   Code   RO          795    .ARM.Collect$$libinit$$00000015  c_w.l(libinit2.o)
    0x08000250   0x08000250   0x0000000a   Code   RO          796    .ARM.Collect$$libinit$$00000016  c_w.l(libinit2.o)
    0x0800025a   0x0800025a   0x00000000   Code   RO          797    .ARM.Collect$$libinit$$00000017  c_w.l(libinit2.o)
    0x0800025a   0x0800025a   0x00000000   Code   RO          799    .ARM.Collect$$libinit$$00000019  c_w.l(libinit2.o)
    0x0800025a   0x0800025a   0x00000000   Code   RO          801    .ARM.Collect$$libinit$$0000001B  c_w.l(libinit2.o)
    0x0800025a   0x0800025a   0x00000000   Code   RO          803    .ARM.Collect$$libinit$$0000001D  c_w.l(libinit2.o)
    0x0800025a   0x0800025a   0x00000000   Code   RO          805    .ARM.Collect$$libinit$$0000001F  c_w.l(libinit2.o)
    0x0800025a   0x0800025a   0x00000000   Code   RO          807    .ARM.Collect$$libinit$$00000021  c_w.l(libinit2.o)
    0x0800025a   0x0800025a   0x00000000   Code   RO          809    .ARM.Collect$$libinit$$00000023  c_w.l(libinit2.o)
    0x0800025a   0x0800025a   0x00000000   Code   RO          811    .ARM.Collect$$libinit$$00000025  c_w.l(libinit2.o)
    0x0800025a   0x0800025a   0x00000000   Code   RO          815    .ARM.Collect$$libinit$$0000002C  c_w.l(libinit2.o)
    0x0800025a   0x0800025a   0x00000000   Code   RO          817    .ARM.Collect$$libinit$$0000002E  c_w.l(libinit2.o)
    0x0800025a   0x0800025a   0x00000000   Code   RO          819    .ARM.Collect$$libinit$$00000030  c_w.l(libinit2.o)
    0x0800025a   0x0800025a   0x00000000   Code   RO          821    .ARM.Collect$$libinit$$00000032  c_w.l(libinit2.o)
    0x0800025a   0x0800025a   0x00000002   Code   RO          822    .ARM.Collect$$libinit$$00000033  c_w.l(libinit2.o)
    0x0800025c   0x0800025c   0x00000002   Code   RO         1011    .ARM.Collect$$libshutdown$$00000000  c_w.l(libshutdown.o)
    0x0800025e   0x0800025e   0x00000000   Code   RO          967    .ARM.Collect$$libshutdown$$00000002  c_w.l(libshutdown2.o)
    0x0800025e   0x0800025e   0x00000000   Code   RO          969    .ARM.Collect$$libshutdown$$00000004  c_w.l(libshutdown2.o)
    0x0800025e   0x0800025e   0x00000000   Code   RO          972    .ARM.Collect$$libshutdown$$00000007  c_w.l(libshutdown2.o)
    0x0800025e   0x0800025e   0x00000000   Code   RO          975    .ARM.Collect$$libshutdown$$0000000A  c_w.l(libshutdown2.o)
    0x0800025e   0x0800025e   0x00000000   Code   RO          977    .ARM.Collect$$libshutdown$$0000000C  c_w.l(libshutdown2.o)
    0x0800025e   0x0800025e   0x00000000   Code   RO          980    .ARM.Collect$$libshutdown$$0000000F  c_w.l(libshutdown2.o)
    0x0800025e   0x0800025e   0x00000002   Code   RO          981    .ARM.Collect$$libshutdown$$00000010  c_w.l(libshutdown2.o)
    0x08000260   0x08000260   0x00000000   Code   RO          672    .ARM.Collect$$rtentry$$00000000  c_w.l(__rtentry.o)
    0x08000260   0x08000260   0x00000000   Code   RO          836    .ARM.Collect$$rtentry$$00000002  c_w.l(__rtentry2.o)
    0x08000260   0x08000260   0x00000006   Code   RO          848    .ARM.Collect$$rtentry$$00000004  c_w.l(__rtentry4.o)
    0x08000266   0x08000266   0x00000000   Code   RO          838    .ARM.Collect$$rtentry$$00000009  c_w.l(__rtentry2.o)
    0x08000266   0x08000266   0x00000004   Code   RO          839    .ARM.Collect$$rtentry$$0000000A  c_w.l(__rtentry2.o)
    0x0800026a   0x0800026a   0x00000000   Code   RO          841    .ARM.Collect$$rtentry$$0000000C  c_w.l(__rtentry2.o)
    0x0800026a   0x0800026a   0x00000008   Code   RO          842    .ARM.Collect$$rtentry$$0000000D  c_w.l(__rtentry2.o)
    0x08000272   0x08000272   0x00000002   Code   RO          954    .ARM.Collect$$rtexit$$00000000  c_w.l(rtexit.o)
    0x08000274   0x08000274   0x00000000   Code   RO          985    .ARM.Collect$$rtexit$$00000002  c_w.l(rtexit2.o)
    0x08000274   0x08000274   0x00000004   Code   RO          986    .ARM.Collect$$rtexit$$00000003  c_w.l(rtexit2.o)
    0x08000278   0x08000278   0x00000006   Code   RO          987    .ARM.Collect$$rtexit$$00000004  c_w.l(rtexit2.o)
    0x0800027e   0x0800027e   0x00000002   PAD
    0x08000280   0x08000280   0x00000000   Code   RO          854    .emb_text           c_w.l(maybetermalloc1.o)
    0x08000280   0x08000280   0x00000134   Code   RO           17    .text               stm32f10x_it.o
    0x080003b4   0x080003b4   0x000001e0   Code   RO          119    .text               system_stm32f10x.o
    0x08000594   0x08000594   0x00000040   Code   RO          140    .text               startup_stm32f10x_hd.o
    0x080005d4   0x080005d4   0x00000e1a   Code   RO          144    .text               stm32f10x_tim.o
    0x080013ee   0x080013ee   0x00000002   PAD
    0x080013f0   0x080013f0   0x000000dc   Code   RO          182    .text               misc.o
    0x080014cc   0x080014cc   0x0000035c   Code   RO          194    .text               stm32f10x_gpio.o
    0x08001828   0x08001828   0x000003a4   Code   RO          206    .text               stm32f10x_rcc.o
    0x08001bcc   0x08001bcc   0x00000408   Code   RO          220    .text               stm32f10x_usart.o
    0x08001fd4   0x08001fd4   0x000000b8   Code   RO          232    .text               delay.o
    0x0800208c   0x0800208c   0x00000294   Code   RO          250    .text               hx711.o
    0x08002320   0x08002320   0x00000418   Code   RO          272    .text               oled.o
    0x08002738   0x08002738   0x0000013c   Code   RO          290    .text               servo.o
    0x08002874   0x08002874   0x000001e8   Code   RO          324    .text               usart.o
    0x08002a5c   0x08002a5c   0x000001fc   Code   RO          349    .text               main.o
    0x08002c58   0x08002c58   0x00000a2c   Code   RO          391    .text               onenet.o
    0x08003684   0x08003684   0x000004a4   Code   RO          434    .text               hmac_sha1.o
    0x08003b28   0x08003b28   0x000002b0   Code   RO          456    .text               base64.o
    0x08003dd8   0x08003dd8   0x00000e20   Code   RO          477    .text               mqttkit.o
    0x08004bf8   0x08004bf8   0x000002d4   Code   RO          505    .text               esp8266.o
    0x08004ecc   0x08004ecc   0x0000005e   Code   RO          527    .text               c_w.l(h1_alloc.o)
    0x08004f2a   0x08004f2a   0x0000004e   Code   RO          529    .text               c_w.l(h1_free.o)
    0x08004f78   0x08004f78   0x00000034   Code   RO          585    .text               c_w.l(c89vsnprintf.o)
    0x08004fac   0x08004fac   0x0000002c   Code   RO          587    .text               c_w.l(__2sprintf.o)
    0x08004fd8   0x08004fd8   0x00000038   Code   RO          589    .text               c_w.l(__2snprintf.o)
    0x08005010   0x08005010   0x00000052   Code   RO          597    .text               c_w.l(_printf_str.o)
    0x08005062   0x08005062   0x00000002   PAD
    0x08005064   0x08005064   0x00000078   Code   RO          599    .text               c_w.l(_printf_dec.o)
    0x080050dc   0x080050dc   0x00000188   Code   RO          618    .text               c_w.l(__printf_flags_ss_wp.o)
    0x08005264   0x08005264   0x0000001a   Code   RO          624    .text               c_w.l(atoi.o)
    0x0800527e   0x0800527e   0x00000014   Code   RO          626    .text               c_w.l(strchr.o)
    0x08005292   0x08005292   0x00000024   Code   RO          628    .text               c_w.l(strncat.o)
    0x080052b6   0x080052b6   0x00000024   Code   RO          630    .text               c_w.l(strstr.o)
    0x080052da   0x080052da   0x00000048   Code   RO          632    .text               c_w.l(strcpy.o)
    0x08005322   0x08005322   0x0000003e   Code   RO          634    .text               c_w.l(strlen.o)
    0x08005360   0x08005360   0x00000018   Code   RO          636    .text               c_w.l(strcat.o)
    0x08005378   0x08005378   0x0000008a   Code   RO          638    .text               c_w.l(rt_memcpy_v6.o)
    0x08005402   0x08005402   0x00000044   Code   RO          640    .text               c_w.l(rt_memclr.o)
    0x08005446   0x08005446   0x0000004e   Code   RO          642    .text               c_w.l(rt_memclr_w.o)
    0x08005494   0x08005494   0x00000006   Code   RO          644    .text               c_w.l(heapauxi.o)
    0x0800549a   0x0800549a   0x00000002   PAD
    0x0800549c   0x0800549c   0x00000008   Code   RO          676    .text               c_w.l(rt_heap_descriptor_intlibspace.o)
    0x080054a4   0x080054a4   0x00000008   Code   RO          681    .text               c_w.l(rt_errno_addr_intlibspace.o)
    0x080054ac   0x080054ac   0x00000004   Code   RO          683    .text               c_w.l(hguard.o)
    0x080054b0   0x080054b0   0x0000008a   Code   RO          685    .text               c_w.l(init_alloc.o)
    0x0800553a   0x0800553a   0x0000000e   Code   RO          689    .text               c_w.l(h1_init.o)
    0x08005548   0x08005548   0x0000004e   Code   RO          703    .text               c_w.l(_printf_pad.o)
    0x08005596   0x08005596   0x00000024   Code   RO          705    .text               c_w.l(_printf_truncate.o)
    0x080055ba   0x080055ba   0x000000b2   Code   RO          707    .text               c_w.l(_printf_intcommon.o)
    0x0800566c   0x0800566c   0x00000028   Code   RO          709    .text               c_w.l(_printf_charcount.o)
    0x08005694   0x08005694   0x00000030   Code   RO          711    .text               c_w.l(_printf_char_common.o)
    0x080056c4   0x080056c4   0x0000000a   Code   RO          713    .text               c_w.l(_sputc.o)
    0x080056ce   0x080056ce   0x00000010   Code   RO          715    .text               c_w.l(_snputc.o)
    0x080056de   0x080056de   0x0000002c   Code   RO          717    .text               c_w.l(_printf_char.o)
    0x0800570a   0x0800570a   0x00000002   PAD
    0x0800570c   0x0800570c   0x000000bc   Code   RO          719    .text               c_w.l(_printf_wctomb.o)
    0x080057c8   0x080057c8   0x0000007c   Code   RO          722    .text               c_w.l(_printf_longlong_dec.o)
    0x08005844   0x08005844   0x00000070   Code   RO          728    .text               c_w.l(_printf_oct_int_ll.o)
    0x080058b4   0x080058b4   0x00000094   Code   RO          748    .text               c_w.l(_printf_hex_int_ll_ptr.o)
    0x08005948   0x08005948   0x00000070   Code   RO          772    .text               c_w.l(strtol.o)
    0x080059b8   0x080059b8   0x00000064   Code   RO          774    .text               c_w.l(rt_memcpy_w.o)
    0x08005a1c   0x08005a1c   0x00000008   Code   RO          832    .text               c_w.l(libspace.o)
    0x08005a24   0x08005a24   0x00000010   Code   RO          850    .text               c_w.l(rt_ctype_table.o)
    0x08005a34   0x08005a34   0x00000034   Code   RO          856    .text               c_w.l(h1_extend.o)
    0x08005a68   0x08005a68   0x0000008a   Code   RO          860    .text               c_w.l(lludiv10.o)
    0x08005af2   0x08005af2   0x0000041e   Code   RO          862    .text               c_w.l(_printf_fp_dec.o)
    0x08005f10   0x08005f10   0x0000002c   Code   RO          866    .text               c_w.l(_printf_wchar.o)
    0x08005f3c   0x08005f3c   0x0000009e   Code   RO          868    .text               c_w.l(_strtoul.o)
    0x08005fda   0x08005fda   0x00000040   Code   RO          870    .text               c_w.l(_wcrtomb.o)
    0x0800601a   0x0800601a   0x0000000e   Code   RO          872    .text               c_w.l(defsig_rtmem_outer.o)
    0x08006028   0x08006028   0x00000002   Code   RO          883    .text               c_w.l(use_no_semi.o)
    0x0800602a   0x0800602a   0x00000000   Code   RO          885    .text               c_w.l(indicate_semi.o)
    0x0800602a   0x0800602a   0x0000004a   Code   RO          886    .text               c_w.l(sys_stackheap_outer.o)
    0x08006074   0x08006074   0x00000008   Code   RO          893    .text               c_w.l(rt_locale_intlibspace.o)
    0x0800607c   0x0800607c   0x00000080   Code   RO          897    .text               c_w.l(_printf_fp_infnan.o)
    0x080060fc   0x080060fc   0x0000001c   Code   RO          899    .text               c_w.l(_chval.o)
    0x08006118   0x08006118   0x000000e4   Code   RO          901    .text               c_w.l(bigflt0.o)
    0x080061fc   0x080061fc   0x00000012   Code   RO          932    .text               c_w.l(exit.o)
    0x0800620e   0x0800620e   0x0000000a   Code   RO          934    .text               c_w.l(defsig_exit.o)
    0x08006218   0x08006218   0x00000050   Code   RO          936    .text               c_w.l(defsig_rtmem_inner.o)
    0x08006268   0x08006268   0x0000000c   Code   RO          952    .text               c_w.l(sys_exit.o)
    0x08006274   0x08006274   0x00000032   Code   RO          962    .text               c_w.l(defsig_general.o)
    0x080062a6   0x080062a6   0x00000002   PAD
    0x080062a8   0x080062a8   0x00000080   Code   RO          964    .text               c_w.l(strcmpv7m.o)
    0x08006328   0x08006328   0x0000000e   Code   RO          982    .text               c_w.l(sys_wrch.o)
    0x08006336   0x08006336   0x0000003e   Code   RO          904    CL$$btod_d2e        c_w.l(btod.o)
    0x08006374   0x08006374   0x00000046   Code   RO          906    CL$$btod_d2e_denorm_low  c_w.l(btod.o)
    0x080063ba   0x080063ba   0x00000060   Code   RO          905    CL$$btod_d2e_norm_op1  c_w.l(btod.o)
    0x0800641a   0x0800641a   0x00000338   Code   RO          914    CL$$btod_div_common  c_w.l(btod.o)
    0x08006752   0x08006752   0x000000dc   Code   RO          911    CL$$btod_e2e        c_w.l(btod.o)
    0x0800682e   0x0800682e   0x0000002a   Code   RO          908    CL$$btod_ediv       c_w.l(btod.o)
    0x08006858   0x08006858   0x0000002a   Code   RO          907    CL$$btod_emul       c_w.l(btod.o)
    0x08006882   0x08006882   0x00000244   Code   RO          913    CL$$btod_mult_common  c_w.l(btod.o)
    0x08006ac6   0x08006ac6   0x00000028   Code   RO          950    i.__ARM_fpclassify  m_ws.l(fpclassify.o)
    0x08006aee   0x08006aee   0x0000000e   Code   RO          611    i._is_digit         c_w.l(__printf_wp.o)
    0x08006afc   0x08006afc   0x0000002c   Code   RO          927    locale$$code        c_w.l(lc_ctype_c.o)
    0x08006b28   0x08006b28   0x0000002c   Code   RO          930    locale$$code        c_w.l(lc_numeric_c.o)
    0x08006b54   0x08006b54   0x000000c4   Code   RO          648    x$fpl$fadd          fz_ws.l(faddsub_clz.o)
    0x08006c18   0x08006c18   0x00000184   Code   RO          655    x$fpl$fdiv          fz_ws.l(fdiv.o)
    0x08006d9c   0x08006d9c   0x0000003e   Code   RO          658    x$fpl$ffixu         fz_ws.l(ffixu.o)
    0x08006dda   0x08006dda   0x00000002   PAD
    0x08006ddc   0x08006ddc   0x00000026   Code   RO          662    x$fpl$ffltu         fz_ws.l(fflt_clz.o)
    0x08006e02   0x08006e02   0x00000002   PAD
    0x08006e04   0x08006e04   0x00000102   Code   RO          668    x$fpl$fmul          fz_ws.l(fmul.o)
    0x08006f06   0x08006f06   0x0000008c   Code   RO          823    x$fpl$fnaninf       fz_ws.l(fnaninf.o)
    0x08006f92   0x08006f92   0x0000000a   Code   RO          825    x$fpl$fretinf       fz_ws.l(fretinf.o)
    0x08006f9c   0x08006f9c   0x000000ea   Code   RO          650    x$fpl$fsub          fz_ws.l(faddsub_clz.o)
    0x08007086   0x08007086   0x00000004   Code   RO          827    x$fpl$printf1       fz_ws.l(printf1.o)
    0x0800708a   0x0800708a   0x00000000   Code   RO          829    x$fpl$usenofp       fz_ws.l(usenofp.o)
    0x0800708a   0x0800708a   0x000005f0   Data   RO          273    .constdata          oled.o
    0x0800767a   0x0800767a   0x000000c0   Data   RO          457    .constdata          base64.o
    0x0800773a   0x0800773a   0x00000011   Data   RO          619    .constdata          c_w.l(__printf_flags_ss_wp.o)
    0x0800774b   0x0800774b   0x00000001   PAD
    0x0800774c   0x0800774c   0x00000008   Data   RO          720    .constdata          c_w.l(_printf_wctomb.o)
    0x08007754   0x08007754   0x00000028   Data   RO          749    .constdata          c_w.l(_printf_hex_int_ll_ptr.o)
    0x0800777c   0x0800777c   0x00000094   Data   RO          902    .constdata          c_w.l(bigflt0.o)
    0x08007810   0x08007810   0x00000047   Data   RO          393    .conststring        onenet.o
    0x08007857   0x08007857   0x00000001   PAD
    0x08007858   0x08007858   0x00000020   Data   RO         1012    Region$$Table       anon$$obj.o
    0x08007878   0x08007878   0x00000110   Data   RO          926    locale$$data        c_w.l(lc_ctype_c.o)
    0x08007988   0x08007988   0x0000001c   Data   RO          929    locale$$data        c_w.l(lc_numeric_c.o)


    Execution Region RW_IRAM1 (Exec base: 0x20000000, Load base: 0x080079a4, Size: 0x00001bd0, Max: 0x00010000, ABSOLUTE)

    Exec Addr    Load Addr    Size         Type   Attr      Idx    E Section Name        Object

    0x20000000   0x080079a4   0x00000014   Data   RW          120    .data               system_stm32f10x.o
    0x20000014   0x080079b8   0x00000014   Data   RW          207    .data               stm32f10x_rcc.o
    0x20000028   0x080079cc   0x00000004   Data   RW          233    .data               delay.o
    0x2000002c   0x080079d0   0x00000015   Data   RW          252    .data               hx711.o
    0x20000041   0x080079e5   0x00000001   PAD
    0x20000042   0x080079e6   0x0000000e   Data   RW          291    .data               servo.o
    0x20000050   0x080079f4   0x00000004   Data   RW          351    .data               main.o
    0x20000054   0x080079f8   0x00000002   Data   RW          394    .data               onenet.o
    0x20000056   0x080079fa   0x00000004   Data   RW          507    .data               esp8266.o
    0x2000005a   0x080079fe   0x00000002   PAD
    0x2000005c        -       0x00000014   Zero   RW          251    .bss                hx711.o
    0x20000070        -       0x00000100   Zero   RW          350    .bss                main.o
    0x20000170        -       0x00000200   Zero   RW          506    .bss                esp8266.o
    0x20000370        -       0x00000060   Zero   RW          833    .bss                c_w.l(libspace.o)
    0x200003d0        -       0x00000c00   Zero   RW          138    HEAP                startup_stm32f10x_hd.o
    0x20000fd0        -       0x00000c00   Zero   RW          137    STACK               startup_stm32f10x_hd.o


==============================================================================

Image component sizes


      Code (inc. data)   RO Data    RW Data    ZI Data      Debug   Object Name

       688          8        192          0          0       3146   base64.o
         0          0          0          0          0       4556   core_cm3.o
       184         10          0          4          0       1149   delay.o
       724        204          0          4        512       2967   esp8266.o
      1188         30          0          0          0       3196   hmac_sha1.o
       660         34          0         21         20       3107   hx711.o
       508        228          0          4        256       1507   main.o
       220         22          0          0          0       1709   misc.o
      3616         98          0          0          0      15211   mqttkit.o
      1048          8       1520          0          0       4940   oled.o
      2604       1018         71          2          0       6311   onenet.o
       316         30          0         14          0       1544   servo.o
        64         26        304          0       6144        796   startup_stm32f10x_hd.o
       860         38          0          0          0       5641   stm32f10x_gpio.o
       308        248          0          0          0      44735   stm32f10x_it.o
       932         36          0         20          0       8792   stm32f10x_rcc.o
      3610         88          0          0          0     226072   stm32f10x_tim.o
      1032         22          0          0          0       8368   stm32f10x_usart.o
       480         38          0         20          0       1719   system_stm32f10x.o
       488         14          0          0          0       2893   usart.o

    ----------------------------------------------------------------------
     19532       2200       2120         92       6932     348359   Object Totals
         0          0         32          0          0          0   (incl. Generated)
         2          0          1          3          0          0   (incl. Padding)

    ----------------------------------------------------------------------

      Code (inc. data)   RO Data    RW Data    ZI Data      Debug   Library Member Name

        56          6          0          0          0         88   __2snprintf.o
        44          6          0          0          0         84   __2sprintf.o
         8          0          0          0          0         68   __main.o
       392          4         17          0          0         92   __printf_flags_ss_wp.o
        14          0          0          0          0         68   __printf_wp.o
         0          0          0          0          0          0   __rtentry.o
        12          0          0          0          0          0   __rtentry2.o
         6          0          0          0          0          0   __rtentry4.o
        52          8          0          0          0          0   __scatter.o
        26          0          0          0          0          0   __scatter_copy.o
        28          0          0          0          0          0   __scatter_zi.o
        28          0          0          0          0         68   _chval.o
         6          0          0          0          0          0   _printf_a.o
         6          0          0          0          0          0   _printf_c.o
        44          0          0          0          0        108   _printf_char.o
        48          6          0          0          0         96   _printf_char_common.o
        40          0          0          0          0         68   _printf_charcount.o
         6          0          0          0          0          0   _printf_d.o
       120         16          0          0          0         92   _printf_dec.o
         6          0          0          0          0          0   _printf_e.o
         6          0          0          0          0          0   _printf_f.o
      1054          0          0          0          0        216   _printf_fp_dec.o
       128         16          0          0          0         84   _printf_fp_infnan.o
         6          0          0          0          0          0   _printf_g.o
       148          4         40          0          0        160   _printf_hex_int_ll_ptr.o
         6          0          0          0          0          0   _printf_i.o
       178          0          0          0          0         88   _printf_intcommon.o
        10          0          0          0          0          0   _printf_l.o
         6          0          0          0          0          0   _printf_lc.o
        10          0          0          0          0          0   _printf_ll.o
         6          0          0          0          0          0   _printf_lld.o
         6          0          0          0          0          0   _printf_lli.o
         6          0          0          0          0          0   _printf_llo.o
         6          0          0          0          0          0   _printf_llu.o
         6          0          0          0          0          0   _printf_llx.o
       124         16          0          0          0         92   _printf_longlong_dec.o
         6          0          0          0          0          0   _printf_ls.o
         6          0          0          0          0          0   _printf_n.o
         6          0          0          0          0          0   _printf_o.o
       112         10          0          0          0        124   _printf_oct_int_ll.o
         6          0          0          0          0          0   _printf_p.o
        78          0          0          0          0        108   _printf_pad.o
         0          0          0          0          0          0   _printf_percent.o
         4          0          0          0          0          0   _printf_percent_end.o
         6          0          0          0          0          0   _printf_s.o
        82          0          0          0          0         80   _printf_str.o
        36          0          0          0          0         84   _printf_truncate.o
         6          0          0          0          0          0   _printf_u.o
        44          0          0          0          0        108   _printf_wchar.o
       188          6          8          0          0         92   _printf_wctomb.o
         6          0          0          0          0          0   _printf_x.o
        16          0          0          0          0         68   _snputc.o
        10          0          0          0          0         68   _sputc.o
       158          0          0          0          0         92   _strtoul.o
        64          0          0          0          0         92   _wcrtomb.o
        26          0          0          0          0         80   atoi.o
       228          4        148          0          0         96   bigflt0.o
      1936        128          0          0          0        672   btod.o
        52          4          0          0          0         80   c89vsnprintf.o
        10          0          0          0          0         68   defsig_exit.o
        50          0          0          0          0         88   defsig_general.o
        80         58          0          0          0         76   defsig_rtmem_inner.o
        14          0          0          0          0         80   defsig_rtmem_outer.o
        18          0          0          0          0         80   exit.o
        94          0          0          0          0         80   h1_alloc.o
        52          0          0          0          0         68   h1_extend.o
        78          0          0          0          0         80   h1_free.o
        14          0          0          0          0         84   h1_init.o
         6          0          0          0          0        152   heapauxi.o
         4          0          0          0          0        136   hguard.o
         0          0          0          0          0          0   indicate_semi.o
       138          0          0          0          0        168   init_alloc.o
        44         10        272          0          0         76   lc_ctype_c.o
        44         10         28          0          0         76   lc_numeric_c.o
         2          0          0          0          0          0   libinit.o
        38          0          0          0          0          0   libinit2.o
         2          0          0          0          0          0   libshutdown.o
         2          0          0          0          0          0   libshutdown2.o
         8          4          0          0         96         68   libspace.o
       138          0          0          0          0         80   lludiv10.o
         0          0          0          0          0          0   maybetermalloc1.o
        16          4          0          0          0         76   rt_ctype_table.o
         8          4          0          0          0         68   rt_errno_addr_intlibspace.o
         8          4          0          0          0         68   rt_heap_descriptor_intlibspace.o
         8          4          0          0          0         68   rt_locale_intlibspace.o
        68          0          0          0          0         68   rt_memclr.o
        78          0          0          0          0         80   rt_memclr_w.o
       138          0          0          0          0         68   rt_memcpy_v6.o
       100          0          0          0          0         80   rt_memcpy_w.o
         2          0          0          0          0          0   rtexit.o
        10          0          0          0          0          0   rtexit2.o
        24          0          0          0          0         68   strcat.o
        20          0          0          0          0         68   strchr.o
       128          0          0          0          0         68   strcmpv7m.o
        72          0          0          0          0         80   strcpy.o
        62          0          0          0          0         76   strlen.o
        36          0          0          0          0         76   strncat.o
        36          0          0          0          0         80   strstr.o
       112          0          0          0          0         88   strtol.o
        12          4          0          0          0         68   sys_exit.o
        74          0          0          0          0         80   sys_stackheap_outer.o
        14          0          0          0          0         76   sys_wrch.o
         2          0          0          0          0         68   use_no_semi.o
       430          8          0          0          0        168   faddsub_clz.o
       388         76          0          0          0         96   fdiv.o
        62          4          0          0          0         84   ffixu.o
        38          0          0          0          0         68   fflt_clz.o
       258          4          0          0          0         84   fmul.o
       140          4          0          0          0         84   fnaninf.o
        10          0          0          0          0         68   fretinf.o
         4          0          0          0          0         68   printf1.o
         0          0          0          0          0          0   usenofp.o
        40          0          0          0          0         68   fpclassify.o

    ----------------------------------------------------------------------
      8974        432        514          0         96       7036   Library Totals
        16          0          1          0          0          0   (incl. Padding)

    ----------------------------------------------------------------------

      Code (inc. data)   RO Data    RW Data    ZI Data      Debug   Library Name

      7588        336        513          0         96       6248   c_w.l
      1330         96          0          0          0        720   fz_ws.l
        40          0          0          0          0         68   m_ws.l

    ----------------------------------------------------------------------
      8974        432        514          0         96       7036   Library Totals

    ----------------------------------------------------------------------

==============================================================================


      Code (inc. data)   RO Data    RW Data    ZI Data      Debug   

     28506       2632       2634         92       7028     349723   Grand Totals
     28506       2632       2634         92       7028     349723   ELF Image Totals
     28506       2632       2634         92          0          0   ROM Totals

==============================================================================

    Total RO  Size (Code + RO Data)                31140 (  30.41kB)
    Total RW  Size (RW Data + ZI Data)              7120 (   6.95kB)
    Total ROM Size (Code + RO Data + RW Data)      31232 (  30.50kB)

==============================================================================

