Component: ARM Compiler 5.06 update 5 (build 528) Tool: armlink [4d35e2]

==============================================================================

Section Cross References

    startup_stm32f10x_md.o(STACK) refers (Special) to heapauxi.o(.text) for __use_two_region_memory
    startup_stm32f10x_md.o(HEAP) refers (Special) to heapauxi.o(.text) for __use_two_region_memory
    startup_stm32f10x_md.o(RESET) refers (Special) to heapauxi.o(.text) for __use_two_region_memory
    startup_stm32f10x_md.o(RESET) refers to startup_stm32f10x_md.o(STACK) for __initial_sp
    startup_stm32f10x_md.o(RESET) refers to startup_stm32f10x_md.o(.text) for Reset_Handler
    startup_stm32f10x_md.o(RESET) refers to stm32f10x_it.o(i.NMI_Handler) for NMI_Handler
    startup_stm32f10x_md.o(RESET) refers to stm32f10x_it.o(i.HardFault_Handler) for HardFault_Handler
    startup_stm32f10x_md.o(RESET) refers to stm32f10x_it.o(i.MemManage_Handler) for MemManage_Handler
    startup_stm32f10x_md.o(RESET) refers to stm32f10x_it.o(i.BusFault_Handler) for BusFault_Handler
    startup_stm32f10x_md.o(RESET) refers to stm32f10x_it.o(i.UsageFault_Handler) for UsageFault_Handler
    startup_stm32f10x_md.o(RESET) refers to stm32f10x_it.o(i.SVC_Handler) for SVC_Handler
    startup_stm32f10x_md.o(RESET) refers to stm32f10x_it.o(i.DebugMon_Handler) for DebugMon_Handler
    startup_stm32f10x_md.o(RESET) refers to stm32f10x_it.o(i.PendSV_Handler) for PendSV_Handler
    startup_stm32f10x_md.o(RESET) refers to stm32f10x_it.o(i.SysTick_Handler) for SysTick_Handler
    startup_stm32f10x_md.o(RESET) refers to myexti.o(i.EXTI0_IRQHandler) for EXTI0_IRQHandler
    startup_stm32f10x_md.o(RESET) refers to myexti.o(i.EXTI1_IRQHandler) for EXTI1_IRQHandler
    startup_stm32f10x_md.o(RESET) refers to timer.o(i.TIM2_IRQHandler) for TIM2_IRQHandler
    startup_stm32f10x_md.o(RESET) refers to timer.o(i.TIM3_IRQHandler) for TIM3_IRQHandler
    startup_stm32f10x_md.o(RESET) refers to usart.o(i.USART1_IRQHandler) for USART1_IRQHandler
    startup_stm32f10x_md.o(RESET) refers to esp8266.o(i.USART2_IRQHandler) for USART2_IRQHandler
    startup_stm32f10x_md.o(.text) refers (Special) to heapauxi.o(.text) for __use_two_region_memory
    startup_stm32f10x_md.o(.text) refers to system_stm32f10x.o(i.SystemInit) for SystemInit
    startup_stm32f10x_md.o(.text) refers to __main.o(!!!main) for __main
    startup_stm32f10x_md.o(.text) refers to startup_stm32f10x_md.o(HEAP) for Heap_Mem
    startup_stm32f10x_md.o(.text) refers to startup_stm32f10x_md.o(STACK) for Stack_Mem
    system_stm32f10x.o(i.SetSysClock) refers to system_stm32f10x.o(i.SetSysClockTo72) for SetSysClockTo72
    system_stm32f10x.o(i.SystemCoreClockUpdate) refers to system_stm32f10x.o(.data) for SystemCoreClock
    system_stm32f10x.o(i.SystemInit) refers to system_stm32f10x.o(i.SetSysClock) for SetSysClock
    stm32f10x_adc.o(i.ADC_DeInit) refers to stm32f10x_rcc.o(i.RCC_APB2PeriphResetCmd) for RCC_APB2PeriphResetCmd
    stm32f10x_bkp.o(i.BKP_DeInit) refers to stm32f10x_rcc.o(i.RCC_BackupResetCmd) for RCC_BackupResetCmd
    stm32f10x_can.o(i.CAN_DeInit) refers to stm32f10x_rcc.o(i.RCC_APB1PeriphResetCmd) for RCC_APB1PeriphResetCmd
    stm32f10x_can.o(i.CAN_GetITStatus) refers to stm32f10x_can.o(i.CheckITStatus) for CheckITStatus
    stm32f10x_cec.o(i.CEC_DeInit) refers to stm32f10x_rcc.o(i.RCC_APB1PeriphResetCmd) for RCC_APB1PeriphResetCmd
    stm32f10x_dac.o(i.DAC_DeInit) refers to stm32f10x_rcc.o(i.RCC_APB1PeriphResetCmd) for RCC_APB1PeriphResetCmd
    stm32f10x_flash.o(i.FLASH_EnableWriteProtection) refers to stm32f10x_flash.o(i.FLASH_WaitForLastOperation) for FLASH_WaitForLastOperation
    stm32f10x_flash.o(i.FLASH_EraseAllBank1Pages) refers to stm32f10x_flash.o(i.FLASH_WaitForLastBank1Operation) for FLASH_WaitForLastBank1Operation
    stm32f10x_flash.o(i.FLASH_EraseAllPages) refers to stm32f10x_flash.o(i.FLASH_WaitForLastOperation) for FLASH_WaitForLastOperation
    stm32f10x_flash.o(i.FLASH_EraseOptionBytes) refers to stm32f10x_flash.o(i.FLASH_GetReadOutProtectionStatus) for FLASH_GetReadOutProtectionStatus
    stm32f10x_flash.o(i.FLASH_EraseOptionBytes) refers to stm32f10x_flash.o(i.FLASH_WaitForLastOperation) for FLASH_WaitForLastOperation
    stm32f10x_flash.o(i.FLASH_ErasePage) refers to stm32f10x_flash.o(i.FLASH_WaitForLastOperation) for FLASH_WaitForLastOperation
    stm32f10x_flash.o(i.FLASH_ProgramHalfWord) refers to stm32f10x_flash.o(i.FLASH_WaitForLastOperation) for FLASH_WaitForLastOperation
    stm32f10x_flash.o(i.FLASH_ProgramOptionByteData) refers to stm32f10x_flash.o(i.FLASH_WaitForLastOperation) for FLASH_WaitForLastOperation
    stm32f10x_flash.o(i.FLASH_ProgramWord) refers to stm32f10x_flash.o(i.FLASH_WaitForLastOperation) for FLASH_WaitForLastOperation
    stm32f10x_flash.o(i.FLASH_ReadOutProtection) refers to stm32f10x_flash.o(i.FLASH_WaitForLastOperation) for FLASH_WaitForLastOperation
[...]
    __rt_lib_init_rand_1                     0x080001fb   Thumb Code     0  libinit2.o(.ARM.Collect$$libinit$$0000000E)
    __rt_lib_init_user_alloc_1               0x080001fb   Thumb Code     0  libinit2.o(.ARM.Collect$$libinit$$0000000C)
    __rt_lib_init_lc_collate_1               0x08000201   Thumb Code     0  libinit2.o(.ARM.Collect$$libinit$$00000011)
    __rt_lib_init_lc_ctype_2                 0x08000201   Thumb Code     0  libinit2.o(.ARM.Collect$$libinit$$00000012)
    __rt_lib_init_lc_ctype_1                 0x0800020d   Thumb Code     0  libinit2.o(.ARM.Collect$$libinit$$00000013)
    __rt_lib_init_lc_monetary_1              0x0800020d   Thumb Code     0  libinit2.o(.ARM.Collect$$libinit$$00000015)
    __rt_lib_init_lc_numeric_2               0x0800020d   Thumb Code     0  libinit2.o(.ARM.Collect$$libinit$$00000016)
    __rt_lib_init_alloca_1                   0x08000217   Thumb Code     0  libinit2.o(.ARM.Collect$$libinit$$0000002E)
    __rt_lib_init_argv_1                     0x08000217   Thumb Code     0  libinit2.o(.ARM.Collect$$libinit$$0000002C)
    __rt_lib_init_atexit_1                   0x08000217   Thumb Code     0  libinit2.o(.ARM.Collect$$libinit$$0000001B)
    __rt_lib_init_clock_1                    0x08000217   Thumb Code     0  libinit2.o(.ARM.Collect$$libinit$$00000021)
    __rt_lib_init_cpp_1                      0x08000217   Thumb Code     0  libinit2.o(.ARM.Collect$$libinit$$00000032)
    __rt_lib_init_exceptions_1               0x08000217   Thumb Code     0  libinit2.o(.ARM.Collect$$libinit$$00000030)
    __rt_lib_init_fp_trap_1                  0x08000217   Thumb Code     0  libinit2.o(.ARM.Collect$$libinit$$0000001F)
    __rt_lib_init_getenv_1                   0x08000217   Thumb Code     0  libinit2.o(.ARM.Collect$$libinit$$00000023)
    __rt_lib_init_lc_numeric_1               0x08000217   Thumb Code     0  libinit2.o(.ARM.Collect$$libinit$$00000017)
    __rt_lib_init_lc_time_1                  0x08000217   Thumb Code     0  libinit2.o(.ARM.Collect$$libinit$$00000019)
    __rt_lib_init_return                     0x08000217   Thumb Code     0  libinit2.o(.ARM.Collect$$libinit$$00000033)
    __rt_lib_init_signal_1                   0x08000217   Thumb Code     0  libinit2.o(.ARM.Collect$$libinit$$0000001D)
    __rt_lib_init_stdio_1                    0x08000217   Thumb Code     0  libinit2.o(.ARM.Collect$$libinit$$00000025)
    __rt_lib_shutdown                        0x08000219   Thumb Code     0  libshutdown.o(.ARM.Collect$$libshutdown$$00000000)
    __rt_lib_shutdown_cpp_1                  0x0800021b   Thumb Code     0  libshutdown2.o(.ARM.Collect$$libshutdown$$00000002)
    __rt_lib_shutdown_fp_trap_1              0x0800021b   Thumb Code     0  libshutdown2.o(.ARM.Collect$$libshutdown$$00000007)
    __rt_lib_shutdown_heap_1                 0x0800021b   Thumb Code     0  libshutdown2.o(.ARM.Collect$$libshutdown$$0000000F)
    __rt_lib_shutdown_return                 0x0800021b   Thumb Code     0  libshutdown2.o(.ARM.Collect$$libshutdown$$00000010)
    __rt_lib_shutdown_signal_1               0x0800021b   Thumb Code     0  libshutdown2.o(.ARM.Collect$$libshutdown$$0000000A)
    __rt_lib_shutdown_stdio_1                0x0800021b   Thumb Code     0  libshutdown2.o(.ARM.Collect$$libshutdown$$00000004)
    __rt_lib_shutdown_user_alloc_1           0x0800021b   Thumb Code     0  libshutdown2.o(.ARM.Collect$$libshutdown$$0000000C)
    __rt_entry                               0x0800021d   Thumb Code     0  __rtentry.o(.ARM.Collect$$rtentry$$00000000)
    __rt_entry_presh_1                       0x0800021d   Thumb Code     0  __rtentry2.o(.ARM.Collect$$rtentry$$00000002)
    __rt_entry_sh                            0x0800021d   Thumb Code     0  __rtentry4.o(.ARM.Collect$$rtentry$$00000004)
    __rt_entry_li                            0x08000223   Thumb Code     0  __rtentry2.o(.ARM.Collect$$rtentry$$0000000A)
    __rt_entry_postsh_1                      0x08000223   Thumb Code     0  __rtentry2.o(.ARM.Collect$$rtentry$$00000009)
    __rt_entry_main                          0x08000227   Thumb Code     0  __rtentry2.o(.ARM.Collect$$rtentry$$0000000D)
    __rt_entry_postli_1                      0x08000227   Thumb Code     0  __rtentry2.o(.ARM.Collect$$rtentry$$0000000C)
    __rt_exit                                0x0800022f   Thumb Code     0  rtexit.o(.ARM.Collect$$rtexit$$00000000)
    __rt_exit_ls                             0x08000231   Thumb Code     0  rtexit2.o(.ARM.Collect$$rtexit$$00000003)
    __rt_exit_prels_1                        0x08000231   Thumb Code     0  rtexit2.o(.ARM.Collect$$rtexit$$00000002)
    __rt_exit_exit                           0x08000235   Thumb Code     0  rtexit2.o(.ARM.Collect$$rtexit$$00000004)
    Reset_Handler                            0x0800023d   Thumb Code     8  startup_stm32f10x_md.o(.text)
    _maybe_terminate_alloc                   0x0800023d   Thumb Code     0  maybetermalloc1.o(.emb_text)
    ADC1_2_IRQHandler                        0x08000257   Thumb Code     0  startup_stm32f10x_md.o(.text)
    CAN1_RX1_IRQHandler                      0x08000257   Thumb Code     0  startup_stm32f10x_md.o(.text)
    CAN1_SCE_IRQHandler                      0x08000257   Thumb Code     0  startup_stm32f10x_md.o(.text)
    DMA1_Channel1_IRQHandler                 0x08000257   Thumb Code     0  startup_stm32f10x_md.o(.text)
    DMA1_Channel2_IRQHandler                 0x08000257   Thumb Code     0  startup_stm32f10x_md.o(.text)
    DMA1_Channel3_IRQHandler                 0x08000257   Thumb Code     0  startup_stm32f10x_md.o(.text)
    DMA1_Channel4_IRQHandler                 0x08000257   Thumb Code     0  startup_stm32f10x_md.o(.text)
    DMA1_Channel5_IRQHandler                 0x08000257   Thumb Code     0  startup_stm32f10x_md.o(.text)
    DMA1_Channel6_IRQHandler                 0x08000257   Thumb Code     0  startup_stm32f10x_md.o(.text)
    DMA1_Channel7_IRQHandler                 0x08000257   Thumb Code     0  startup_stm32f10x_md.o(.text)
    EXTI15_10_IRQHandler                     0x08000257   Thumb Code     0  startup_stm32f10x_md.o(.text)
    EXTI2_IRQHandler                         0x08000257   Thumb Code     0  startup_stm32f10x_md.o(.text)
    EXTI3_IRQHandler                         0x08000257   Thumb Code     0  startup_stm32f10x_md.o(.text)
    EXTI4_IRQHandler                         0x08000257   Thumb Code     0  startup_stm32f10x_md.o(.text)
    EXTI9_5_IRQHandler                       0x08000257   Thumb Code     0  startup_stm32f10x_md.o(.text)
    FLASH_IRQHandler                         0x08000257   Thumb Code     0  startup_stm32f10x_md.o(.text)
    I2C1_ER_IRQHandler                       0x08000257   Thumb Code     0  startup_stm32f10x_md.o(.text)
    I2C1_EV_IRQHandler                       0x08000257   Thumb Code     0  startup_stm32f10x_md.o(.text)
    I2C2_ER_IRQHandler                       0x08000257   Thumb Code     0  startup_stm32f10x_md.o(.text)
    I2C2_EV_IRQHandler                       0x08000257   Thumb Code     0  startup_stm32f10x_md.o(.text)
    PVD_IRQHandler                           0x08000257   Thumb Code     0  startup_stm32f10x_md.o(.text)
    RCC_IRQHandler                           0x08000257   Thumb Code     0  startup_stm32f10x_md.o(.text)
    RTCAlarm_IRQHandler                      0x08000257   Thumb Code     0  startup_stm32f10x_md.o(.text)
    RTC_IRQHandler                           0x08000257   Thumb Code     0  startup_stm32f10x_md.o(.text)
    SPI1_IRQHandler                          0x08000257   Thumb Code     0  startup_stm32f10x_md.o(.text)
    SPI2_IRQHandler                          0x08000257   Thumb Code     0  startup_stm32f10x_md.o(.text)
    TAMPER_IRQHandler                        0x08000257   Thumb Code     0  startup_stm32f10x_md.o(.text)
    TIM1_BRK_IRQHandler                      0x08000257   Thumb Code     0  startup_stm32f10x_md.o(.text)
    TIM1_CC_IRQHandler                       0x08000257   Thumb Code     0  startup_stm32f10x_md.o(.text)
    TIM1_TRG_COM_IRQHandler                  0x08000257   Thumb Code     0  startup_stm32f10x_md.o(.text)
    TIM1_UP_IRQHandler                       0x08000257   Thumb Code     0  startup_stm32f10x_md.o(.text)
    TIM4_IRQHandler                          0x08000257   Thumb Code     0  startup_stm32f10x_md.o(.text)
    USART3_IRQHandler                        0x08000257   Thumb Code     0  startup_stm32f10x_md.o(.text)
    USBWakeUp_IRQHandler                     0x08000257   Thumb Code     0  startup_stm32f10x_md.o(.text)
    USB_HP_CAN1_TX_IRQHandler                0x08000257   Thumb Code     0  startup_stm32f10x_md.o(.text)
    USB_LP_CAN1_RX0_IRQHandler               0x08000257   Thumb Code     0  startup_stm32f10x_md.o(.text)
    WWDG_IRQHandler                          0x08000257   Thumb Code     0  startup_stm32f10x_md.o(.text)
    __user_initial_stackheap                 0x08000259   Thumb Code     0  startup_stm32f10x_md.o(.text)
    malloc                                   0x0800027d   Thumb Code    94  h1_alloc.o(.text)
    free                                     0x080002db   Thumb Code    78  h1_free.o(.text)
    tolower                                  0x08000329   Thumb Code    26  tolower.o(.text)
    vsnprintf                                0x08000345   Thumb Code    48  vsnprintf.o(.text)
    __2sprintf                               0x08000379   Thumb Code    38  __2sprintf.o(.text)
    _printf_pre_padding                      0x080003a5   Thumb Code    44  _printf_pad.o(.text)
    _printf_post_padding                     0x080003d1   Thumb Code    34  _printf_pad.o(.text)
    _printf_str                              0x080003f3   Thumb Code    82  _printf_str.o(.text)
    _printf_int_dec                          0x08000445   Thumb Code   104  _printf_dec.o(.text)
    _printf_longlong_hex                     0x080004bd   Thumb Code    86  _printf_hex_int_ll_ptr.o(.text)
    _printf_int_hex                          0x08000513   Thumb Code    28  _printf_hex_int_ll_ptr.o(.text)
    _printf_ll_hex                           0x0800052f   Thumb Code    12  _printf_hex_int_ll_ptr.o(.text)
    _printf_hex_ptr                          0x0800053b   Thumb Code    18  _printf_hex_int_ll_ptr.o(.text)
    __printf                                 0x08000551   Thumb Code   388  __printf_flags_ss_wp.o(.text)
    atoi                                     0x080006d9   Thumb Code    26  atoi.o(.text)
    strchr                                   0x080006f3   Thumb Code    20  strchr.o(.text)
    strncat                                  0x08000707   Thumb Code    36  strncat.o(.text)
    strstr                                   0x0800072b   Thumb Code    36  strstr.o(.text)
    strlen                                   0x0800074f   Thumb Code    62  strlen.o(.text)
    strncmp                                  0x0800078d   Thumb Code   150  strncmp.o(.text)
    __aeabi_memcpy                           0x08000823   Thumb Code     0  rt_memcpy_v6.o(.text)
    __rt_memcpy                              0x08000823   Thumb Code   138  rt_memcpy_v6.o(.text)
    _memcpy_lastbytes                        0x08000889   Thumb Code     0  rt_memcpy_v6.o(.text)
    __aeabi_memcpy4                          0x080008ad   Thumb Code     0  rt_memcpy_w.o(.text)
    __aeabi_memcpy8                          0x080008ad   Thumb Code     0  rt_memcpy_w.o(.text)
    __rt_memcpy_w                            0x080008ad   Thumb Code   100  rt_memcpy_w.o(.text)
    _memcpy_lastbytes_aligned                0x080008f5   Thumb Code     0  rt_memcpy_w.o(.text)
    __aeabi_memclr                           0x08000911   Thumb Code     0  rt_memclr.o(.text)
    __rt_memclr                              0x08000911   Thumb Code    68  rt_memclr.o(.text)
    _memset                                  0x08000915   Thumb Code     0  rt_memclr.o(.text)
    __aeabi_memclr4                          0x08000955   Thumb Code     0  rt_memclr_w.o(.text)
    __aeabi_memclr8                          0x08000955   Thumb Code     0  rt_memclr_w.o(.text)
    __rt_memclr_w                            0x08000955   Thumb Code    78  rt_memclr_w.o(.text)
    _memset_w                                0x08000959   Thumb Code     0  rt_memclr_w.o(.text)
    __use_two_region_memory                  0x080009a3   Thumb Code     2  heapauxi.o(.text)
    __rt_heap_escrow                         0x080009a5   Thumb Code     2  heapauxi.o(.text)
    __rt_heap_expand                         0x080009a7   Thumb Code     2  heapauxi.o(.text)
    __rt_ctype_table                         0x080009a9   Thumb Code    16  rt_ctype_table.o(.text)
    __rt_heap_descriptor                     0x080009b9   Thumb Code     8  rt_heap_descriptor_intlibspace.o(.text)
    __aeabi_errno_addr                       0x080009c1   Thumb Code     8  rt_errno_addr_intlibspace.o(.text)
    __errno$intlibspace                      0x080009c1   Thumb Code     0  rt_errno_addr_intlibspace.o(.text)
    __rt_errno_addr$intlibspace              0x080009c1   Thumb Code     0  rt_errno_addr_intlibspace.o(.text)
    __use_no_heap                            0x080009c9   Thumb Code     2  hguard.o(.text)
    __heap$guard                             0x080009cb   Thumb Code     2  hguard.o(.text)
    _terminate_user_alloc                    0x080009cd   Thumb Code     2  init_alloc.o(.text)
    _init_user_alloc                         0x080009cf   Thumb Code     2  init_alloc.o(.text)
    __Heap_Full                              0x080009d1   Thumb Code    34  init_alloc.o(.text)
    __Heap_Broken                            0x080009f3   Thumb Code     6  init_alloc.o(.text)
    _init_alloc                              0x080009f9   Thumb Code    94  init_alloc.o(.text)
    __Heap_Initialize                        0x08000a57   Thumb Code    10  h1_init.o(.text)
    __Heap_DescSize                          0x08000a61   Thumb Code     4  h1_init.o(.text)
    __read_errno                             0x08000a65   Thumb Code    10  _rserrno.o(.text)
    __set_errno                              0x08000a6f   Thumb Code    12  _rserrno.o(.text)
    _printf_truncate_signed                  0x08000a7b   Thumb Code    18  _printf_truncate.o(.text)
    _printf_truncate_unsigned                0x08000a8d   Thumb Code    18  _printf_truncate.o(.text)
    _printf_int_common                       0x08000a9f   Thumb Code   178  _printf_intcommon.o(.text)
    _printf_charcount                        0x08000b51   Thumb Code    40  _printf_charcount.o(.text)
    __lib_sel_fp_printf                      0x08000b79   Thumb Code     2  _printf_fp_dec.o(.text)
    _printf_fp_dec_real                      0x08000d2b   Thumb Code   620  _printf_fp_dec.o(.text)
    _printf_char_common                      0x08000fa3   Thumb Code    32  _printf_char_common.o(.text)
    _sputc                                   0x08000fc9   Thumb Code    10  _sputc.o(.text)
    _snputc                                  0x08000fd3   Thumb Code    16  _snputc.o(.text)
    _printf_cs_common                        0x08000fe3   Thumb Code    20  _printf_char.o(.text)
    _printf_char                             0x08000ff7   Thumb Code    16  _printf_char.o(.text)
    _printf_string                           0x08001007   Thumb Code     8  _printf_char.o(.text)
    _printf_wctomb                           0x08001011   Thumb Code   182  _printf_wctomb.o(.text)
    _printf_longlong_dec                     0x080010cd   Thumb Code   108  _printf_longlong_dec.o(.text)
    _printf_longlong_oct                     0x08001149   Thumb Code    66  _printf_oct_int_ll.o(.text)
    _printf_int_oct                          0x0800118b   Thumb Code    24  _printf_oct_int_ll.o(.text)
    _printf_ll_oct                           0x080011a3   Thumb Code    12  _printf_oct_int_ll.o(.text)
    strtol                                   0x080011b9   Thumb Code   112  strtol.o(.text)
    __user_libspace                          0x08001229   Thumb Code     8  libspace.o(.text)
    __user_perproc_libspace                  0x08001229   Thumb Code     0  libspace.o(.text)
    __user_perthread_libspace                0x08001229   Thumb Code     0  libspace.o(.text)
    __rt_locale                              0x08001231   Thumb Code     8  rt_locale_intlibspace.o(.text)
    __Heap_ProvideMemory                     0x08001239   Thumb Code    52  h1_extend.o(.text)
    _ll_udiv10                               0x0800126d   Thumb Code   138  lludiv10.o(.text)
    _printf_fp_hex_real                      0x080012f9   Thumb Code   756  _printf_fp_hex.o(.text)
    _printf_fp_infnan                        0x080015f5   Thumb Code   112  _printf_fp_infnan.o(.text)
    _printf_lcs_common                       0x08001675   Thumb Code    20  _printf_wchar.o(.text)
    _printf_wchar                            0x08001689   Thumb Code    16  _printf_wchar.o(.text)
    _printf_wstring                          0x08001699   Thumb Code     8  _printf_wchar.o(.text)
    _strtoul                                 0x080016a1   Thumb Code   158  _strtoul.o(.text)
    _btod_etento                             0x08001741   Thumb Code   224  bigflt0.o(.text)
    _wcrtomb                                 0x08001825   Thumb Code    64  _wcrtomb.o(.text)
    __rt_SIGRTMEM                            0x08001865   Thumb Code    14  defsig_rtmem_outer.o(.text)
    __I$use$semihosting                      0x08001873   Thumb Code     0  use_no_semi.o(.text)
    __use_no_semihosting_swi                 0x08001873   Thumb Code     2  use_no_semi.o(.text)
    __semihosting_library_function           0x08001875   Thumb Code     0  indicate_semi.o(.text)
    __user_setup_stackheap                   0x08001875   Thumb Code    74  sys_stackheap_outer.o(.text)
    _chval                                   0x080018bf   Thumb Code    28  _chval.o(.text)
    exit                                     0x080018db   Thumb Code    18  exit.o(.text)
    __sig_exit                               0x080018ed   Thumb Code    10  defsig_exit.o(.text)
    __rt_SIGRTMEM_inner                      0x080018f9   Thumb Code    22  defsig_rtmem_inner.o(.text)
    strcmp                                   0x08001949   Thumb Code   128  strcmpv7m.o(.text)
    _sys_exit                                0x080019c9   Thumb Code     8  sys_exit.o(.text)
    __default_signal_display                 0x080019d5   Thumb Code    50  defsig_general.o(.text)
    _ttywrch                                 0x08001a07   Thumb Code    14  sys_wrch.o(.text)
    _btod_d2e                                0x08001a15   Thumb Code    62  btod.o(CL$$btod_d2e)
    _d2e_denorm_low                          0x08001a53   Thumb Code    70  btod.o(CL$$btod_d2e_denorm_low)
    _d2e_norm_op1                            0x08001a99   Thumb Code    96  btod.o(CL$$btod_d2e_norm_op1)
    __btod_div_common                        0x08001af9   Thumb Code   696  btod.o(CL$$btod_div_common)
    _e2e                                     0x08001e31   Thumb Code   220  btod.o(CL$$btod_e2e)
    _btod_ediv                               0x08001f0d   Thumb Code    42  btod.o(CL$$btod_ediv)
    _btod_emul                               0x08001f37   Thumb Code    42  btod.o(CL$$btod_emul)
    __btod_mult_common                       0x08001f61   Thumb Code   580  btod.o(CL$$btod_mult_common)
    BH1750_IIC_Ack                           0x080021a5   Thumb Code    48  bh1750.o(i.BH1750_IIC_Ack)
    BH1750_IIC_NAck                          0x080021dd   Thumb Code    48  bh1750.o(i.BH1750_IIC_NAck)
    BH1750_IIC_Read_Byte                     0x08002215   Thumb Code    80  bh1750.o(i.BH1750_IIC_Read_Byte)
    BH1750_IIC_Send_Byte                     0x0800226d   Thumb Code    86  bh1750.o(i.BH1750_IIC_Send_Byte)
    BH1750_IIC_Start                         0x080022cd   Thumb Code    46  bh1750.o(i.BH1750_IIC_Start)
    BH1750_IIC_Stop                          0x08002305   Thumb Code    44  bh1750.o(i.BH1750_IIC_Stop)
    BH1750_IIC_Wait_Ack                      0x08002339   Thumb Code    68  bh1750.o(i.BH1750_IIC_Wait_Ack)
    BH1750_Init                              0x08002385   Thumb Code    68  bh1750.o(i.BH1750_Init)
    Beep_Init                                0x080023cd   Thumb Code    46  beep.o(i.Beep_Init)
    BusFault_Handler                         0x08002401   Thumb Code     4  stm32f10x_it.o(i.BusFault_Handler)
    CPU_TS_TmrInit                           0x08002405   Thumb Code    30  core_delay.o(i.CPU_TS_TmrInit)
    CPU_TS_TmrRd                             0x0800242d   Thumb Code     6  core_delay.o(i.CPU_TS_TmrRd)
    CPU_TS_Tmr_Delay_US                      0x08002439   Thumb Code    76  core_delay.o(i.CPU_TS_Tmr_Delay_US)
    DHT11_Init                               0x080024b9   Thumb Code    18  bsp_dht11.o(i.DHT11_Init)
    DHT11_Read_TempAndHumidityData           0x08002579   Thumb Code   176  bsp_dht11.o(i.DHT11_Read_TempAndHumidityData)
    DebugMon_Handler                         0x0800262d   Thumb Code     2  stm32f10x_it.o(i.DebugMon_Handler)
    Delay_ms                                 0x0800262f   Thumb Code    24  delay.o(i.Delay_ms)
    Delay_us                                 0x08002647   Thumb Code    46  delay.o(i.Delay_us)
    ESP8266_Clear                            0x08002675   Thumb Code    18  esp8266.o(i.ESP8266_Clear)
    ESP8266_GetIPD                           0x08002691   Thumb Code    68  esp8266.o(i.ESP8266_GetIPD)
    ESP8266_Init                             0x080026e1   Thumb Code   288  esp8266.o(i.ESP8266_Init)
    ESP8266_SendCmd                          0x0800290d   Thumb Code    76  esp8266.o(i.ESP8266_SendCmd)
    ESP8266_SendData                         0x08002961   Thumb Code    46  esp8266.o(i.ESP8266_SendData)
    ESP8266_WaitRecive                       0x080029a9   Thumb Code    42  esp8266.o(i.ESP8266_WaitRecive)
    EXTI0_IRQHandler                         0x080029dd   Thumb Code    50  myexti.o(i.EXTI0_IRQHandler)
    EXTI1_IRQHandler                         0x08002a19   Thumb Code    56  myexti.o(i.EXTI1_IRQHandler)
    EXTI_ClearITPendingBit                   0x08002a5d   Thumb Code     6  stm32f10x_exti.o(i.EXTI_ClearITPendingBit)
    EXTI_GetITStatus                         0x08002a69   Thumb Code    34  stm32f10x_exti.o(i.EXTI_GetITStatus)
    EXTI_Init                                0x08002a91   Thumb Code   142  stm32f10x_exti.o(i.EXTI_Init)
    GPIO_EXTILineConfig                      0x08002b25   Thumb Code    60  stm32f10x_gpio.o(i.GPIO_EXTILineConfig)
    GPIO_Init                                0x08002b65   Thumb Code   278  stm32f10x_gpio.o(i.GPIO_Init)
    GPIO_ReadInputDataBit                    0x08002c7b   Thumb Code    18  stm32f10x_gpio.o(i.GPIO_ReadInputDataBit)
    GPIO_ReadOutputDataBit                   0x08002c8d   Thumb Code    18  stm32f10x_gpio.o(i.GPIO_ReadOutputDataBit)
    GPIO_ResetBits                           0x08002c9f   Thumb Code     4  stm32f10x_gpio.o(i.GPIO_ResetBits)
    GPIO_SetBits                             0x08002ca3   Thumb Code     4  stm32f10x_gpio.o(i.GPIO_SetBits)
    GPIO_WriteBit                            0x08002ca7   Thumb Code    10  stm32f10x_gpio.o(i.GPIO_WriteBit)
    HardFault_Handler                        0x08002cb1   Thumb Code     4  stm32f10x_it.o(i.HardFault_Handler)
    Key_Init                                 0x08002cb5   Thumb Code    64  key.o(i.Key_Init)
    LED2_OFF                                 0x08002cf9   Thumb Code    14  led.o(i.LED2_OFF)
    LED2_Turn                                0x08002d0d   Thumb Code    38  led.o(i.LED2_Turn)
    LED_Init                                 0x08002d39   Thumb Code    90  led.o(i.LED_Init)
    MQTT_DeleteBuffer                        0x08002d9d   Thumb Code    28  mqttkit.o(i.MQTT_DeleteBuffer)
    MQTT_DumpLength                          0x08002db9   Thumb Code    46  mqttkit.o(i.MQTT_DumpLength)
    MQTT_NewBuffer                           0x08002de7   Thumb Code    88  mqttkit.o(i.MQTT_NewBuffer)
    MQTT_PacketConnect                       0x08002e41   Thumb Code   666  mqttkit.o(i.MQTT_PacketConnect)
    MQTT_PacketPublish                       0x080030e1   Thumb Code   440  mqttkit.o(i.MQTT_PacketPublish)
    MQTT_PacketPublishComp                   0x08003299   Thumb Code    72  mqttkit.o(i.MQTT_PacketPublishComp)
    MQTT_PacketPublishRel                    0x080032e1   Thumb Code    72  mqttkit.o(i.MQTT_PacketPublishRel)
    MQTT_PacketSubscribe                     0x08003329   Thumb Code   254  mqttkit.o(i.MQTT_PacketSubscribe)
    MQTT_ReadLength                          0x08003427   Thumb Code    70  mqttkit.o(i.MQTT_ReadLength)
    MQTT_UnPacketCmd                         0x0800346d   Thumb Code   140  mqttkit.o(i.MQTT_UnPacketCmd)
    MQTT_UnPacketConnectAck                  0x080034f9   Thumb Code    30  mqttkit.o(i.MQTT_UnPacketConnectAck)
    MQTT_UnPacketPublish                     0x08003519   Thumb Code   438  mqttkit.o(i.MQTT_UnPacketPublish)
    MQTT_UnPacketPublishAck                  0x080036d9   Thumb Code    30  mqttkit.o(i.MQTT_UnPacketPublishAck)
    MQTT_UnPacketPublishComp                 0x080036f7   Thumb Code    30  mqttkit.o(i.MQTT_UnPacketPublishComp)
    MQTT_UnPacketPublishRec                  0x08003715   Thumb Code    30  mqttkit.o(i.MQTT_UnPacketPublishRec)
    MQTT_UnPacketPublishRel                  0x08003733   Thumb Code    36  mqttkit.o(i.MQTT_UnPacketPublishRel)
    MQTT_UnPacketRecv                        0x08003759   Thumb Code   106  mqttkit.o(i.MQTT_UnPacketRecv)
    MQTT_UnPacketSubscribe                   0x080037cd   Thumb Code    52  mqttkit.o(i.MQTT_UnPacketSubscribe)
    MQTT_UnPacketUnSubscribe                 0x08003801   Thumb Code    18  mqttkit.o(i.MQTT_UnPacketUnSubscribe)
    MYEXTI_Init                              0x08003813   Thumb Code   152  myexti.o(i.MYEXTI_Init)
    MemManage_Handler                        0x080038ab   Thumb Code     4  stm32f10x_it.o(i.MemManage_Handler)
    NMI_Handler                              0x080038af   Thumb Code     2  stm32f10x_it.o(i.NMI_Handler)
    NVIC_Init                                0x080038b1   Thumb Code   100  misc.o(i.NVIC_Init)
    NVIC_PriorityGroupConfig                 0x08003921   Thumb Code    10  misc.o(i.NVIC_PriorityGroupConfig)
    OLED_Clear                               0x08003935   Thumb Code    42  oled.o(i.OLED_Clear)
    OLED_I2C_Init                            0x08003961   Thumb Code    76  oled.o(i.OLED_I2C_Init)
    OLED_I2C_SendByte                        0x080039b1   Thumb Code    80  oled.o(i.OLED_I2C_SendByte)
    OLED_I2C_Start                           0x08003a05   Thumb Code    48  oled.o(i.OLED_I2C_Start)
    OLED_I2C_Stop                            0x08003a39   Thumb Code    36  oled.o(i.OLED_I2C_Stop)
    OLED_Init                                0x08003a61   Thumb Code   174  oled.o(i.OLED_Init)
    OLED_SetCursor                           0x08003b0f   Thumb Code    34  oled.o(i.OLED_SetCursor)
    OLED_ShowChar                            0x08003b31   Thumb Code   110  oled.o(i.OLED_ShowChar)
    OLED_ShowString                          0x08003ba5   Thumb Code    40  oled.o(i.OLED_ShowString)
    OLED_WriteCommand                        0x08003bcd   Thumb Code    32  oled.o(i.OLED_WriteCommand)
    OLED_WriteData                           0x08003bed   Thumb Code    32  oled.o(i.OLED_WriteData)
    OneNet_DevLink                           0x08003c0d   Thumb Code   212  onenet.o(i.OneNet_DevLink)
    OneNet_Publish                           0x08003e81   Thumb Code    86  onenet.o(i.OneNet_Publish)
    OneNet_RevPro                            0x08003efd   Thumb Code   620  onenet.o(i.OneNet_RevPro)
    OneNet_Subscribe                         0x08004339   Thumb Code    80  onenet.o(i.OneNet_Subscribe)
    PendSV_Handler                           0x080043a5   Thumb Code     2  stm32f10x_it.o(i.PendSV_Handler)
    RCC_APB1PeriphClockCmd                   0x080043a9   Thumb Code    26  stm32f10x_rcc.o(i.RCC_APB1PeriphClockCmd)
    RCC_APB2PeriphClockCmd                   0x080043c9   Thumb Code    26  stm32f10x_rcc.o(i.RCC_APB2PeriphClockCmd)
    RCC_GetClocksFreq                        0x080043e9   Thumb Code   192  stm32f10x_rcc.o(i.RCC_GetClocksFreq)
    SDA_IN                                   0x080044bd   Thumb Code    32  bh1750.o(i.SDA_IN)
    SDA_OUT                                  0x080044e1   Thumb Code    32  bh1750.o(i.SDA_OUT)
    SVC_Handler                              0x08004505   Thumb Code     2  stm32f10x_it.o(i.SVC_Handler)
    SysTick_Handler                          0x080045f1   Thumb Code     2  stm32f10x_it.o(i.SysTick_Handler)
    SystemInit                               0x080045f5   Thumb Code    78  system_stm32f10x.o(i.SystemInit)
    TIM2_IRQHandler                          0x08004655   Thumb Code   102  timer.o(i.TIM2_IRQHandler)
    TIM2_Int_Init                            0x08004709   Thumb Code   130  timer.o(i.TIM2_Int_Init)
    TIM3_IRQHandler                          0x0800478d   Thumb Code    58  timer.o(i.TIM3_IRQHandler)
    TIM3_Int_Init                            0x080047d9   Thumb Code   126  timer.o(i.TIM3_Int_Init)
    TIM_ClearFlag                            0x0800485d   Thumb Code     6  stm32f10x_tim.o(i.TIM_ClearFlag)
    TIM_ClearITPendingBit                    0x08004863   Thumb Code     6  stm32f10x_tim.o(i.TIM_ClearITPendingBit)
    TIM_Cmd                                  0x08004869   Thumb Code    24  stm32f10x_tim.o(i.TIM_Cmd)
    TIM_GetITStatus                          0x08004881   Thumb Code    34  stm32f10x_tim.o(i.TIM_GetITStatus)
    TIM_ITConfig                             0x080048a3   Thumb Code    18  stm32f10x_tim.o(i.TIM_ITConfig)
    TIM_InternalClockConfig                  0x080048b5   Thumb Code    12  stm32f10x_tim.o(i.TIM_InternalClockConfig)
    TIM_TimeBaseInit                         0x080048c1   Thumb Code   122  stm32f10x_tim.o(i.TIM_TimeBaseInit)
    USART1_IRQHandler                        0x08004965   Thumb Code    24  usart.o(i.USART1_IRQHandler)
    USART2_IRQHandler                        0x08004981   Thumb Code    62  esp8266.o(i.USART2_IRQHandler)
    USART_ClearFlag                          0x080049cd   Thumb Code    18  stm32f10x_usart.o(i.USART_ClearFlag)
    USART_Cmd                                0x080049df   Thumb Code    24  stm32f10x_usart.o(i.USART_Cmd)
    USART_GetFlagStatus                      0x080049f7   Thumb Code    26  stm32f10x_usart.o(i.USART_GetFlagStatus)
    USART_GetITStatus                        0x08004a11   Thumb Code    84  stm32f10x_usart.o(i.USART_GetITStatus)
    USART_ITConfig                           0x08004a65   Thumb Code    74  stm32f10x_usart.o(i.USART_ITConfig)
    USART_Init                               0x08004ab1   Thumb Code   210  stm32f10x_usart.o(i.USART_Init)
    USART_SendData                           0x08004b89   Thumb Code     8  stm32f10x_usart.o(i.USART_SendData)
    UsageFault_Handler                       0x08004b91   Thumb Code     4  stm32f10x_it.o(i.UsageFault_Handler)
    Usart1_Init                              0x08004b95   Thumb Code   166  usart.o(i.Usart1_Init)
    Usart2_Init                              0x08004c45   Thumb Code   162  usart.o(i.Usart2_Init)
    UsartPrintf                              0x08004cf1   Thumb Code    72  usart.o(i.UsartPrintf)
    Usart_SendString                         0x08004d39   Thumb Code    50  usart.o(i.Usart_SendString)
    __ARM_fpclassify                         0x08004d6b   Thumb Code    40  fpclassify.o(i.__ARM_fpclassify)
    __kernel_poly                            0x08004d93   Thumb Code   170  poly.o(i.__kernel_poly)
    __mathlib_dbl_divzero                    0x08004e3d   Thumb Code    12  dunder.o(i.__mathlib_dbl_divzero)
    __mathlib_dbl_infnan2                    0x08004e4d   Thumb Code     4  dunder.o(i.__mathlib_dbl_infnan2)
    __mathlib_dbl_invalid                    0x08004e51   Thumb Code    12  dunder.o(i.__mathlib_dbl_invalid)
    __mathlib_dbl_overflow                   0x08004e5d   Thumb Code    14  dunder.o(i.__mathlib_dbl_overflow)
    __mathlib_dbl_underflow                  0x08004e6d   Thumb Code    10  dunder.o(i.__mathlib_dbl_underflow)
    _is_digit                                0x08004e7d   Thumb Code    14  __printf_wp.o(i._is_digit)
    bh_data_send                             0x08004e8b   Thumb Code    40  bh1750.o(i.bh_data_send)
    bh_read                                  0x08004eb5   Thumb Code   134  bh1750.o(i.bh_read)
    cJSON_Delete                             0x08004f41   Thumb Code    82  cjson.o(i.cJSON_Delete)
    cJSON_GetErrorPtr                        0x08004f99   Thumb Code     6  cjson.o(i.cJSON_GetErrorPtr)
    cJSON_GetObjectItem                      0x08004fa5   Thumb Code    30  cjson.o(i.cJSON_GetObjectItem)
    cJSON_Parse                              0x08004fe5   Thumb Code    16  cjson.o(i.cJSON_Parse)
    cJSON_ParseWithOpts                      0x08004ff5   Thumb Code    96  cjson.o(i.cJSON_ParseWithOpts)
    main                                     0x080050a5   Thumb Code   432  main.o(i.main)
    pow                                      0x08005a59   Thumb Code  2512  pow.o(i.pow)
    sqrt                                     0x08006443   Thumb Code    76  sqrt.o(i.sqrt)
    _get_lc_ctype                            0x08006491   Thumb Code    44  lc_ctype_c.o(locale$$code)
    _get_lc_numeric                          0x080064bd   Thumb Code    44  lc_numeric_c.o(locale$$code)
    __aeabi_d2f                              0x080064e9   Thumb Code     0  d2f.o(x$fpl$d2f)
    _d2f                                     0x080064e9   Thumb Code    98  d2f.o(x$fpl$d2f)
    __aeabi_dadd                             0x0800654d   Thumb Code     0  daddsub_clz.o(x$fpl$dadd)
    _dadd                                    0x0800654d   Thumb Code   332  daddsub_clz.o(x$fpl$dadd)
    __fpl_dcheck_NaN1                        0x0800669d   Thumb Code    10  dcheck1.o(x$fpl$dcheck1)
    __fpl_dcmp_Inf                           0x080066ad   Thumb Code    24  dcmpi.o(x$fpl$dcmpinf)
    __aeabi_ddiv                             0x080066c5   Thumb Code     0  ddiv.o(x$fpl$ddiv)
    _ddiv                                    0x080066c5   Thumb Code   552  ddiv.o(x$fpl$ddiv)
    __aeabi_d2iz                             0x08006975   Thumb Code     0  dfix.o(x$fpl$dfix)
    _dfix                                    0x08006975   Thumb Code    94  dfix.o(x$fpl$dfix)
    __aeabi_d2uiz                            0x080069d5   Thumb Code     0  dfixu.o(x$fpl$dfixu)
    _dfixu                                   0x080069d5   Thumb Code    90  dfixu.o(x$fpl$dfixu)
    __aeabi_i2d                              0x08006a2f   Thumb Code     0  dflt_clz.o(x$fpl$dflt)
    _dflt                                    0x08006a2f   Thumb Code    46  dflt_clz.o(x$fpl$dflt)
    __aeabi_ui2d                             0x08006a5d   Thumb Code     0  dflt_clz.o(x$fpl$dfltu)
    _dfltu                                   0x08006a5d   Thumb Code    38  dflt_clz.o(x$fpl$dfltu)
    __aeabi_cdcmple                          0x08006a85   Thumb Code     0  dleqf.o(x$fpl$dleqf)
    _dcmple                                  0x08006a85   Thumb Code   120  dleqf.o(x$fpl$dleqf)
    __fpl_dcmple_InfNaN                      0x08006ae7   Thumb Code     0  dleqf.o(x$fpl$dleqf)
    __aeabi_dmul                             0x08006afd   Thumb Code     0  dmul.o(x$fpl$dmul)
    _dmul                                    0x08006afd   Thumb Code   332  dmul.o(x$fpl$dmul)
    __fpl_dnaninf                            0x08006c51   Thumb Code   156  dnaninf.o(x$fpl$dnaninf)
    __fpl_dretinf                            0x08006ced   Thumb Code    12  dretinf.o(x$fpl$dretinf)
    __aeabi_cdrcmple                         0x08006cf9   Thumb Code     0  drleqf.o(x$fpl$drleqf)
    _drcmple                                 0x08006cf9   Thumb Code   108  drleqf.o(x$fpl$drleqf)
    __aeabi_drsub                            0x08006d65   Thumb Code     0  daddsub_clz.o(x$fpl$drsb)
    _drsb                                    0x08006d65   Thumb Code    22  daddsub_clz.o(x$fpl$drsb)
    _dsqrt                                   0x08006d7d   Thumb Code   456  dsqrt_noumaal.o(x$fpl$dsqrt)
    __aeabi_dsub                             0x08006f49   Thumb Code     0  daddsub_clz.o(x$fpl$dsub)
    _dsub                                    0x08006f49   Thumb Code   464  daddsub_clz.o(x$fpl$dsub)
    __aeabi_f2iz                             0x0800711d   Thumb Code     0  ffix.o(x$fpl$ffix)
    _ffix                                    0x0800711d   Thumb Code    54  ffix.o(x$fpl$ffix)
    __fpl_fnaninf                            0x08007153   Thumb Code   140  fnaninf.o(x$fpl$fnaninf)
    __fpl_fretinf                            0x080071df   Thumb Code    10  fretinf.o(x$fpl$fretinf)
    _printf_fp_dec                           0x080071e9   Thumb Code     4  printf1.o(x$fpl$printf1)
    _printf_fp_hex                           0x080071ed   Thumb Code     4  printf2.o(x$fpl$printf2)
    __fpl_return_NaN                         0x080071f1   Thumb Code   100  retnan.o(x$fpl$retnan)
    __ARM_scalbn                             0x08007255   Thumb Code    92  scalbn.o(x$fpl$scalbn)
    __fpl_cmpreturn                          0x080072b1   Thumb Code    48  trapv.o(x$fpl$trapveneer)
    OLED_F8x16                               0x080072e0   Data        1520  oled.o(.constdata)
    __I$use$fp                               0x080072e0   Number         0  usenofp.o(x$fpl$usenofp)
    __mathlib_zero                           0x080079a8   Data           8  qnan.o(.constdata)
    Region$$Table$$Base                      0x08007a7c   Number         0  anon$$obj.o(Region$$Table)
    Region$$Table$$Limit                     0x08007a9c   Number         0  anon$$obj.o(Region$$Table)
    __ctype                                  0x08007aa9   Data           0  lc_ctype_c.o(locale$$data)
    SystemCoreClock                          0x20000000   Data           4  system_stm32f10x.o(.data)
    AHBPrescTable                            0x20000004   Data          16  system_stm32f10x.o(.data)
    esp8266_cnt                              0x20000028   Data           2  esp8266.o(.data)
    esp8266_cntPre                           0x2000002a   Data           2  esp8266.o(.data)
    Beep_alarmFree                           0x2000003c   Data           1  main.o(.data)
    Beep_alarmFlag                           0x2000003d   Data           1  main.o(.data)
    LED_alarmFlag                            0x2000003e   Data           1  main.o(.data)
    humi_int                                 0x2000003f   Data           1  main.o(.data)
    humi_deci                                0x20000040   Data           1  main.o(.data)
    temp_int                                 0x20000041   Data           1  main.o(.data)
    temp_deci                                0x20000042   Data           1  main.o(.data)
    BH_int                                   0x20000044   Data           2  main.o(.data)
    BH_deci                                  0x20000046   Data           1  main.o(.data)
    oledBuf                                  0x20000048   Data          20  timer.o(.bss)
    esp8266_buf                              0x2000005c   Data         128  esp8266.o(.bss)
    PUB_BUF                                  0x200000dc   Data         256  main.o(.bss)
    __libspace_start                         0x200001dc   Data          96  libspace.o(.bss)
    __temporary_stack_top$libspace           0x2000023c   Data           0  libspace.o(.bss)



==============================================================================

Memory Map of the image

  Image Entry point : 0x080000ed

  Load Region LR_IROM1 (Base: 0x08000000, Size: 0x00007c10, Max: 0x00010000, ABSOLUTE)

    Execution Region ER_IROM1 (Exec base: 0x08000000, Load base: 0x08000000, Size: 0x00007bc8, Max: 0x00010000, ABSOLUTE)

    Exec Addr    Load Addr    Size         Type   Attr      Idx    E Section Name        Object

    0x08000000   0x08000000   0x000000ec   Data   RO            3    RESET               startup_stm32f10x_md.o
    0x080000ec   0x080000ec   0x00000008   Code   RO         4645  * !!!main             c_w.l(__main.o)
    0x080000f4   0x080000f4   0x00000034   Code   RO         5069    !!!scatter          c_w.l(__scatter.o)
    0x08000128   0x08000128   0x0000001a   Code   RO         5071    !!handler_copy      c_w.l(__scatter_copy.o)
    0x08000142   0x08000142   0x00000002   PAD
    0x08000144   0x08000144   0x0000001c   Code   RO         5073    !!handler_zi        c_w.l(__scatter_zi.o)
    0x08000160   0x08000160   0x00000000   Code   RO         4620    .ARM.Collect$$_printf_percent$$00000000  c_w.l(_printf_percent.o)
    0x08000160   0x08000160   0x00000006   Code   RO         4768    .ARM.Collect$$_printf_percent$$00000001  c_w.l(_printf_n.o)
    0x08000166   0x08000166   0x00000006   Code   RO         4769    .ARM.Collect$$_printf_percent$$00000002  c_w.l(_printf_p.o)
    0x0800016c   0x0800016c   0x00000006   Code   RO         4618    .ARM.Collect$$_printf_percent$$00000003  c_w.l(_printf_f.o)
    0x08000172   0x08000172   0x00000006   Code   RO         4619    .ARM.Collect$$_printf_percent$$00000004  c_w.l(_printf_e.o)
    0x08000178   0x08000178   0x00000006   Code   RO         4773    .ARM.Collect$$_printf_percent$$00000005  c_w.l(_printf_g.o)
    0x0800017e   0x0800017e   0x00000006   Code   RO         4774    .ARM.Collect$$_printf_percent$$00000006  c_w.l(_printf_a.o)
    0x08000184   0x08000184   0x0000000a   Code   RO         4779    .ARM.Collect$$_printf_percent$$00000007  c_w.l(_printf_ll.o)
    0x0800018e   0x0800018e   0x00000006   Code   RO         4771    .ARM.Collect$$_printf_percent$$00000008  c_w.l(_printf_i.o)
    0x08000194   0x08000194   0x00000006   Code   RO         4617    .ARM.Collect$$_printf_percent$$00000009  c_w.l(_printf_d.o)
    0x0800019a   0x0800019a   0x00000006   Code   RO         4772    .ARM.Collect$$_printf_percent$$0000000A  c_w.l(_printf_u.o)
    0x080001a0   0x080001a0   0x00000006   Code   RO         4770    .ARM.Collect$$_printf_percent$$0000000B  c_w.l(_printf_o.o)
    0x080001a6   0x080001a6   0x00000006   Code   RO         4616    .ARM.Collect$$_printf_percent$$0000000C  c_w.l(_printf_x.o)
    0x080001ac   0x080001ac   0x00000006   Code   RO         4776    .ARM.Collect$$_printf_percent$$0000000D  c_w.l(_printf_lli.o)
    0x080001b2   0x080001b2   0x00000006   Code   RO         4777    .ARM.Collect$$_printf_percent$$0000000E  c_w.l(_printf_lld.o)
    0x080001b8   0x080001b8   0x00000006   Code   RO         4778    .ARM.Collect$$_printf_percent$$0000000F  c_w.l(_printf_llu.o)
    0x080001be   0x080001be   0x00000006   Code   RO         4783    .ARM.Collect$$_printf_percent$$00000010  c_w.l(_printf_llo.o)
    0x080001c4   0x080001c4   0x00000006   Code   RO         4784    .ARM.Collect$$_printf_percent$$00000011  c_w.l(_printf_llx.o)
    0x080001ca   0x080001ca   0x0000000a   Code   RO         4780    .ARM.Collect$$_printf_percent$$00000012  c_w.l(_printf_l.o)
    0x080001d4   0x080001d4   0x00000006   Code   RO         4767    .ARM.Collect$$_printf_percent$$00000013  c_w.l(_printf_c.o)
    0x080001da   0x080001da   0x00000006   Code   RO         4615    .ARM.Collect$$_printf_percent$$00000014  c_w.l(_printf_s.o)
    0x080001e0   0x080001e0   0x00000006   Code   RO         4781    .ARM.Collect$$_printf_percent$$00000015  c_w.l(_printf_lc.o)
    0x080001e6   0x080001e6   0x00000006   Code   RO         4782    .ARM.Collect$$_printf_percent$$00000016  c_w.l(_printf_ls.o)
    0x080001ec   0x080001ec   0x00000004   Code   RO         4775    .ARM.Collect$$_printf_percent$$00000017  c_w.l(_printf_percent_end.o)
    0x080001f0   0x080001f0   0x00000002   Code   RO         5004    .ARM.Collect$$libinit$$00000000  c_w.l(libinit.o)
    0x080001f2   0x080001f2   0x00000000   Code   RO         4790    .ARM.Collect$$libinit$$00000002  c_w.l(libinit2.o)
    0x080001f2   0x080001f2   0x00000000   Code   RO         4792    .ARM.Collect$$libinit$$00000004  c_w.l(libinit2.o)
    0x080001f2   0x080001f2   0x00000008   Code   RO         4793    .ARM.Collect$$libinit$$00000005  c_w.l(libinit2.o)
    0x080001fa   0x080001fa   0x00000000   Code   RO         4795    .ARM.Collect$$libinit$$0000000A  c_w.l(libinit2.o)
    0x080001fa   0x080001fa   0x00000000   Code   RO         4797    .ARM.Collect$$libinit$$0000000C  c_w.l(libinit2.o)
    0x080001fa   0x080001fa   0x00000000   Code   RO         4799    .ARM.Collect$$libinit$$0000000E  c_w.l(libinit2.o)
    0x080001fa   0x080001fa   0x00000006   Code   RO         4800    .ARM.Collect$$libinit$$0000000F  c_w.l(libinit2.o)
    0x08000200   0x08000200   0x00000000   Code   RO         4802    .ARM.Collect$$libinit$$00000011  c_w.l(libinit2.o)
    0x08000200   0x08000200   0x0000000c   Code   RO         4803    .ARM.Collect$$libinit$$00000012  c_w.l(libinit2.o)
    0x0800020c   0x0800020c   0x00000000   Code   RO         4804    .ARM.Collect$$libinit$$00000013  c_w.l(libinit2.o)
    0x0800020c   0x0800020c   0x00000000   Code   RO         4806    .ARM.Collect$$libinit$$00000015  c_w.l(libinit2.o)
    0x0800020c   0x0800020c   0x0000000a   Code   RO         4807    .ARM.Collect$$libinit$$00000016  c_w.l(libinit2.o)
    0x08000216   0x08000216   0x00000000   Code   RO         4808    .ARM.Collect$$libinit$$00000017  c_w.l(libinit2.o)
    0x08000216   0x08000216   0x00000000   Code   RO         4810    .ARM.Collect$$libinit$$00000019  c_w.l(libinit2.o)
    0x08000216   0x08000216   0x00000000   Code   RO         4812    .ARM.Collect$$libinit$$0000001B  c_w.l(libinit2.o)
    0x08000216   0x08000216   0x00000000   Code   RO         4814    .ARM.Collect$$libinit$$0000001D  c_w.l(libinit2.o)
    0x08000216   0x08000216   0x00000000   Code   RO         4816    .ARM.Collect$$libinit$$0000001F  c_w.l(libinit2.o)
    0x08000216   0x08000216   0x00000000   Code   RO         4818    .ARM.Collect$$libinit$$00000021  c_w.l(libinit2.o)
    0x08000216   0x08000216   0x00000000   Code   RO         4820    .ARM.Collect$$libinit$$00000023  c_w.l(libinit2.o)
    0x08000216   0x08000216   0x00000000   Code   RO         4822    .ARM.Collect$$libinit$$00000025  c_w.l(libinit2.o)
    0x08000216   0x08000216   0x00000000   Code   RO         4826    .ARM.Collect$$libinit$$0000002C  c_w.l(libinit2.o)
    0x08000216   0x08000216   0x00000000   Code   RO         4828    .ARM.Collect$$libinit$$0000002E  c_w.l(libinit2.o)
    0x08000216   0x08000216   0x00000000   Code   RO         4830    .ARM.Collect$$libinit$$00000030  c_w.l(libinit2.o)
    0x08000216   0x08000216   0x00000000   Code   RO         4832    .ARM.Collect$$libinit$$00000032  c_w.l(libinit2.o)
    0x08000216   0x08000216   0x00000002   Code   RO         4833    .ARM.Collect$$libinit$$00000033  c_w.l(libinit2.o)
    0x08000218   0x08000218   0x00000002   Code   RO         5066    .ARM.Collect$$libshutdown$$00000000  c_w.l(libshutdown.o)
    0x0800021a   0x0800021a   0x00000000   Code   RO         5020    .ARM.Collect$$libshutdown$$00000002  c_w.l(libshutdown2.o)
    0x0800021a   0x0800021a   0x00000000   Code   RO         5022    .ARM.Collect$$libshutdown$$00000004  c_w.l(libshutdown2.o)
    0x0800021a   0x0800021a   0x00000000   Code   RO         5025    .ARM.Collect$$libshutdown$$00000007  c_w.l(libshutdown2.o)
    0x0800021a   0x0800021a   0x00000000   Code   RO         5028    .ARM.Collect$$libshutdown$$0000000A  c_w.l(libshutdown2.o)
    0x0800021a   0x0800021a   0x00000000   Code   RO         5030    .ARM.Collect$$libshutdown$$0000000C  c_w.l(libshutdown2.o)
    0x0800021a   0x0800021a   0x00000000   Code   RO         5033    .ARM.Collect$$libshutdown$$0000000F  c_w.l(libshutdown2.o)
    0x0800021a   0x0800021a   0x00000002   Code   RO         5034    .ARM.Collect$$libshutdown$$00000010  c_w.l(libshutdown2.o)
    0x0800021c   0x0800021c   0x00000000   Code   RO         4705    .ARM.Collect$$rtentry$$00000000  c_w.l(__rtentry.o)
    0x0800021c   0x0800021c   0x00000000   Code   RO         4886    .ARM.Collect$$rtentry$$00000002  c_w.l(__rtentry2.o)
    0x0800021c   0x0800021c   0x00000006   Code   RO         4898    .ARM.Collect$$rtentry$$00000004  c_w.l(__rtentry4.o)
    0x08000222   0x08000222   0x00000000   Code   RO         4888    .ARM.Collect$$rtentry$$00000009  c_w.l(__rtentry2.o)
    0x08000222   0x08000222   0x00000004   Code   RO         4889    .ARM.Collect$$rtentry$$0000000A  c_w.l(__rtentry2.o)
    0x08000226   0x08000226   0x00000000   Code   RO         4891    .ARM.Collect$$rtentry$$0000000C  c_w.l(__rtentry2.o)
    0x08000226   0x08000226   0x00000008   Code   RO         4892    .ARM.Collect$$rtentry$$0000000D  c_w.l(__rtentry2.o)
    0x0800022e   0x0800022e   0x00000002   Code   RO         5009    .ARM.Collect$$rtexit$$00000000  c_w.l(rtexit.o)
    0x08000230   0x08000230   0x00000000   Code   RO         5040    .ARM.Collect$$rtexit$$00000002  c_w.l(rtexit2.o)
    0x08000230   0x08000230   0x00000004   Code   RO         5041    .ARM.Collect$$rtexit$$00000003  c_w.l(rtexit2.o)
    0x08000234   0x08000234   0x00000006   Code   RO         5042    .ARM.Collect$$rtexit$$00000004  c_w.l(rtexit2.o)
    0x0800023a   0x0800023a   0x00000002   PAD
    0x0800023c   0x0800023c   0x00000000   Code   RO         4907    .emb_text           c_w.l(maybetermalloc1.o)
    0x0800023c   0x0800023c   0x00000040   Code   RO            4    .text               startup_stm32f10x_md.o
    0x0800027c   0x0800027c   0x0000005e   Code   RO         4500    .text               c_w.l(h1_alloc.o)
    0x080002da   0x080002da   0x0000004e   Code   RO         4502    .text               c_w.l(h1_free.o)
    0x08000328   0x08000328   0x0000001a   Code   RO         4558    .text               c_w.l(tolower.o)
    0x08000342   0x08000342   0x00000002   PAD
    0x08000344   0x08000344   0x00000034   Code   RO         4560    .text               c_w.l(vsnprintf.o)
    0x08000378   0x08000378   0x0000002c   Code   RO         4562    .text               c_w.l(__2sprintf.o)
    0x080003a4   0x080003a4   0x0000004e   Code   RO         4568    .text               c_w.l(_printf_pad.o)
    0x080003f2   0x080003f2   0x00000052   Code   RO         4570    .text               c_w.l(_printf_str.o)
    0x08000444   0x08000444   0x00000078   Code   RO         4572    .text               c_w.l(_printf_dec.o)
    0x080004bc   0x080004bc   0x00000094   Code   RO         4592    .text               c_w.l(_printf_hex_int_ll_ptr.o)
    0x08000550   0x08000550   0x00000188   Code   RO         4612    .text               c_w.l(__printf_flags_ss_wp.o)
    0x080006d8   0x080006d8   0x0000001a   Code   RO         4621    .text               c_w.l(atoi.o)
    0x080006f2   0x080006f2   0x00000014   Code   RO         4623    .text               c_w.l(strchr.o)
    0x08000706   0x08000706   0x00000024   Code   RO         4625    .text               c_w.l(strncat.o)
    0x0800072a   0x0800072a   0x00000024   Code   RO         4627    .text               c_w.l(strstr.o)
    0x0800074e   0x0800074e   0x0000003e   Code   RO         4631    .text               c_w.l(strlen.o)
    0x0800078c   0x0800078c   0x00000096   Code   RO         4633    .text               c_w.l(strncmp.o)
    0x08000822   0x08000822   0x0000008a   Code   RO         4635    .text               c_w.l(rt_memcpy_v6.o)
    0x080008ac   0x080008ac   0x00000064   Code   RO         4637    .text               c_w.l(rt_memcpy_w.o)
    0x08000910   0x08000910   0x00000044   Code   RO         4639    .text               c_w.l(rt_memclr.o)
    0x08000954   0x08000954   0x0000004e   Code   RO         4641    .text               c_w.l(rt_memclr_w.o)
    0x080009a2   0x080009a2   0x00000006   Code   RO         4643    .text               c_w.l(heapauxi.o)
    0x080009a8   0x080009a8   0x00000010   Code   RO         4706    .text               c_w.l(rt_ctype_table.o)
    0x080009b8   0x080009b8   0x00000008   Code   RO         4711    .text               c_w.l(rt_heap_descriptor_intlibspace.o)
    0x080009c0   0x080009c0   0x00000008   Code   RO         4716    .text               c_w.l(rt_errno_addr_intlibspace.o)
    0x080009c8   0x080009c8   0x00000004   Code   RO         4718    .text               c_w.l(hguard.o)
    0x080009cc   0x080009cc   0x0000008a   Code   RO         4720    .text               c_w.l(init_alloc.o)
    0x08000a56   0x08000a56   0x0000000e   Code   RO         4724    .text               c_w.l(h1_init.o)
    0x08000a64   0x08000a64   0x00000016   Code   RO         4738    .text               c_w.l(_rserrno.o)
    0x08000a7a   0x08000a7a   0x00000024   Code   RO         4740    .text               c_w.l(_printf_truncate.o)
    0x08000a9e   0x08000a9e   0x000000b2   Code   RO         4742    .text               c_w.l(_printf_intcommon.o)
    0x08000b50   0x08000b50   0x00000028   Code   RO         4744    .text               c_w.l(_printf_charcount.o)
    0x08000b78   0x08000b78   0x0000041e   Code   RO         4746    .text               c_w.l(_printf_fp_dec.o)
    0x08000f96   0x08000f96   0x00000002   PAD
    0x08000f98   0x08000f98   0x00000030   Code   RO         4748    .text               c_w.l(_printf_char_common.o)
    0x08000fc8   0x08000fc8   0x0000000a   Code   RO         4750    .text               c_w.l(_sputc.o)
    0x08000fd2   0x08000fd2   0x00000010   Code   RO         4752    .text               c_w.l(_snputc.o)
    0x08000fe2   0x08000fe2   0x0000002c   Code   RO         4754    .text               c_w.l(_printf_char.o)
    0x0800100e   0x0800100e   0x00000002   PAD
    0x08001010   0x08001010   0x000000bc   Code   RO         4756    .text               c_w.l(_printf_wctomb.o)
    0x080010cc   0x080010cc   0x0000007c   Code   RO         4759    .text               c_w.l(_printf_longlong_dec.o)
    0x08001148   0x08001148   0x00000070   Code   RO         4765    .text               c_w.l(_printf_oct_int_ll.o)
    0x080011b8   0x080011b8   0x00000070   Code   RO         4785    .text               c_w.l(strtol.o)
    0x08001228   0x08001228   0x00000008   Code   RO         4882    .text               c_w.l(libspace.o)
    0x08001230   0x08001230   0x00000008   Code   RO         4903    .text               c_w.l(rt_locale_intlibspace.o)
    0x08001238   0x08001238   0x00000034   Code   RO         4909    .text               c_w.l(h1_extend.o)
    0x0800126c   0x0800126c   0x0000008a   Code   RO         4913    .text               c_w.l(lludiv10.o)
    0x080012f6   0x080012f6   0x00000002   PAD
    0x080012f8   0x080012f8   0x000002fc   Code   RO         4915    .text               c_w.l(_printf_fp_hex.o)
    0x080015f4   0x080015f4   0x00000080   Code   RO         4918    .text               c_w.l(_printf_fp_infnan.o)
    0x08001674   0x08001674   0x0000002c   Code   RO         4922    .text               c_w.l(_printf_wchar.o)
    0x080016a0   0x080016a0   0x0000009e   Code   RO         4924    .text               c_w.l(_strtoul.o)
    0x0800173e   0x0800173e   0x00000002   PAD
    0x08001740   0x08001740   0x000000e4   Code   RO         4926    .text               c_w.l(bigflt0.o)
    0x08001824   0x08001824   0x00000040   Code   RO         4951    .text               c_w.l(_wcrtomb.o)
    0x08001864   0x08001864   0x0000000e   Code   RO         4959    .text               c_w.l(defsig_rtmem_outer.o)
    0x08001872   0x08001872   0x00000002   Code   RO         4976    .text               c_w.l(use_no_semi.o)
    0x08001874   0x08001874   0x00000000   Code   RO         4978    .text               c_w.l(indicate_semi.o)
    0x08001874   0x08001874   0x0000004a   Code   RO         4979    .text               c_w.l(sys_stackheap_outer.o)
    0x080018be   0x080018be   0x0000001c   Code   RO         4985    .text               c_w.l(_chval.o)
    0x080018da   0x080018da   0x00000012   Code   RO         4987    .text               c_w.l(exit.o)
    0x080018ec   0x080018ec   0x0000000a   Code   RO         4989    .text               c_w.l(defsig_exit.o)
    0x080018f6   0x080018f6   0x00000002   PAD
    0x080018f8   0x080018f8   0x00000050   Code   RO         4991    .text               c_w.l(defsig_rtmem_inner.o)
    0x08001948   0x08001948   0x00000080   Code   RO         4993    .text               c_w.l(strcmpv7m.o)
    0x080019c8   0x080019c8   0x0000000c   Code   RO         5007    .text               c_w.l(sys_exit.o)
    0x080019d4   0x080019d4   0x00000032   Code   RO         5017    .text               c_w.l(defsig_general.o)
    0x08001a06   0x08001a06   0x0000000e   Code   RO         5037    .text               c_w.l(sys_wrch.o)
    0x08001a14   0x08001a14   0x0000003e   Code   RO         4929    CL$$btod_d2e        c_w.l(btod.o)
    0x08001a52   0x08001a52   0x00000046   Code   RO         4931    CL$$btod_d2e_denorm_low  c_w.l(btod.o)
    0x08001a98   0x08001a98   0x00000060   Code   RO         4930    CL$$btod_d2e_norm_op1  c_w.l(btod.o)
    0x08001af8   0x08001af8   0x00000338   Code   RO         4939    CL$$btod_div_common  c_w.l(btod.o)
    0x08001e30   0x08001e30   0x000000dc   Code   RO         4936    CL$$btod_e2e        c_w.l(btod.o)
    0x08001f0c   0x08001f0c   0x0000002a   Code   RO         4933    CL$$btod_ediv       c_w.l(btod.o)
    0x08001f36   0x08001f36   0x0000002a   Code   RO         4932    CL$$btod_emul       c_w.l(btod.o)
    0x08001f60   0x08001f60   0x00000244   Code   RO         4938    CL$$btod_mult_common  c_w.l(btod.o)
    0x080021a4   0x080021a4   0x00000038   Code   RO         3642    i.BH1750_IIC_Ack    bh1750.o
    0x080021dc   0x080021dc   0x00000038   Code   RO         3643    i.BH1750_IIC_NAck   bh1750.o
    0x08002214   0x08002214   0x00000058   Code   RO         3644    i.BH1750_IIC_Read_Byte  bh1750.o
    0x0800226c   0x0800226c   0x00000060   Code   RO         3645    i.BH1750_IIC_Send_Byte  bh1750.o
    0x080022cc   0x080022cc   0x00000038   Code   RO         3646    i.BH1750_IIC_Start  bh1750.o
    0x08002304   0x08002304   0x00000034   Code   RO         3647    i.BH1750_IIC_Stop   bh1750.o
    0x08002338   0x08002338   0x0000004c   Code   RO         3648    i.BH1750_IIC_Wait_Ack  bh1750.o
    0x08002384   0x08002384   0x00000048   Code   RO         3649    i.BH1750_Init       bh1750.o
    0x080023cc   0x080023cc   0x00000034   Code   RO         3735    i.Beep_Init         beep.o
    0x08002400   0x08002400   0x00000004   Code   RO         4431    i.BusFault_Handler  stm32f10x_it.o
    0x08002404   0x08002404   0x00000028   Code   RO         3220    i.CPU_TS_TmrInit    core_delay.o
    0x0800242c   0x0800242c   0x0000000c   Code   RO         3221    i.CPU_TS_TmrRd      core_delay.o
    0x08002438   0x08002438   0x00000054   Code   RO         3222    i.CPU_TS_Tmr_Delay_US  core_delay.o
    0x0800248c   0x0800248c   0x0000002c   Code   RO         3490    i.DHT11_GPIO_Config  bsp_dht11.o
    0x080024b8   0x080024b8   0x00000018   Code   RO         3491    i.DHT11_Init        bsp_dht11.o
    0x080024d0   0x080024d0   0x00000020   Code   RO         3492    i.DHT11_Mode_IPU    bsp_dht11.o
    0x080024f0   0x080024f0   0x00000024   Code   RO         3493    i.DHT11_Mode_Out_PP  bsp_dht11.o
    0x08002514   0x08002514   0x00000064   Code   RO         3494    i.DHT11_ReadByte    bsp_dht11.o
    0x08002578   0x08002578   0x000000b4   Code   RO         3495    i.DHT11_Read_TempAndHumidityData  bsp_dht11.o
    0x0800262c   0x0800262c   0x00000002   Code   RO         4432    i.DebugMon_Handler  stm32f10x_it.o
    0x0800262e   0x0800262e   0x00000018   Code   RO         3196    i.Delay_ms          delay.o
    0x08002646   0x08002646   0x0000002e   Code   RO         3198    i.Delay_us          delay.o
    0x08002674   0x08002674   0x0000001c   Code   RO         3747    i.ESP8266_Clear     esp8266.o
    0x08002690   0x08002690   0x00000050   Code   RO         3748    i.ESP8266_GetIPD    esp8266.o
    0x080026e0   0x080026e0   0x0000022c   Code   RO         3749    i.ESP8266_Init      esp8266.o
    0x0800290c   0x0800290c   0x00000054   Code   RO         3750    i.ESP8266_SendCmd   esp8266.o
    0x08002960   0x08002960   0x00000048   Code   RO         3751    i.ESP8266_SendData  esp8266.o
    0x080029a8   0x080029a8   0x00000034   Code   RO         3752    i.ESP8266_WaitRecive  esp8266.o
    0x080029dc   0x080029dc   0x0000003c   Code   RO         3380    i.EXTI0_IRQHandler  myexti.o
    0x08002a18   0x08002a18   0x00000044   Code   RO         3381    i.EXTI1_IRQHandler  myexti.o
    0x08002a5c   0x08002a5c   0x0000000c   Code   RO          985    i.EXTI_ClearITPendingBit  stm32f10x_exti.o
    0x08002a68   0x08002a68   0x00000028   Code   RO          989    i.EXTI_GetITStatus  stm32f10x_exti.o
    0x08002a90   0x08002a90   0x00000094   Code   RO          990    i.EXTI_Init         stm32f10x_exti.o
    0x08002b24   0x08002b24   0x00000040   Code   RO         1344    i.GPIO_EXTILineConfig  stm32f10x_gpio.o
    0x08002b64   0x08002b64   0x00000116   Code   RO         1347    i.GPIO_Init         stm32f10x_gpio.o
    0x08002c7a   0x08002c7a   0x00000012   Code   RO         1351    i.GPIO_ReadInputDataBit  stm32f10x_gpio.o
    0x08002c8c   0x08002c8c   0x00000012   Code   RO         1353    i.GPIO_ReadOutputDataBit  stm32f10x_gpio.o
    0x08002c9e   0x08002c9e   0x00000004   Code   RO         1354    i.GPIO_ResetBits    stm32f10x_gpio.o
    0x08002ca2   0x08002ca2   0x00000004   Code   RO         1355    i.GPIO_SetBits      stm32f10x_gpio.o
    0x08002ca6   0x08002ca6   0x0000000a   Code   RO         1358    i.GPIO_WriteBit     stm32f10x_gpio.o
    0x08002cb0   0x08002cb0   0x00000004   Code   RO         4433    i.HardFault_Handler  stm32f10x_it.o
    0x08002cb4   0x08002cb4   0x00000044   Code   RO         3466    i.Key_Init          key.o
    0x08002cf8   0x08002cf8   0x00000014   Code   RO         3420    i.LED2_OFF          led.o
    0x08002d0c   0x08002d0c   0x0000002c   Code   RO         3422    i.LED2_Turn         led.o
    0x08002d38   0x08002d38   0x00000064   Code   RO         3423    i.LED_Init          led.o
    0x08002d9c   0x08002d9c   0x0000001c   Code   RO         3863    i.MQTT_DeleteBuffer  mqttkit.o
    0x08002db8   0x08002db8   0x0000002e   Code   RO         3864    i.MQTT_DumpLength   mqttkit.o
    0x08002de6   0x08002de6   0x00000058   Code   RO         3865    i.MQTT_NewBuffer    mqttkit.o
    0x08002e3e   0x08002e3e   0x00000002   PAD
    0x08002e40   0x08002e40   0x000002a0   Code   RO         3867    i.MQTT_PacketConnect  mqttkit.o
    0x080030e0   0x080030e0   0x000001b8   Code   RO         3870    i.MQTT_PacketPublish  mqttkit.o
    0x08003298   0x08003298   0x00000048   Code   RO         3872    i.MQTT_PacketPublishComp  mqttkit.o
    0x080032e0   0x080032e0   0x00000048   Code   RO         3874    i.MQTT_PacketPublishRel  mqttkit.o
    0x08003328   0x08003328   0x000000fe   Code   RO         3877    i.MQTT_PacketSubscribe  mqttkit.o
    0x08003426   0x08003426   0x00000046   Code   RO         3879    i.MQTT_ReadLength   mqttkit.o
    0x0800346c   0x0800346c   0x0000008c   Code   RO         3880    i.MQTT_UnPacketCmd  mqttkit.o
    0x080034f8   0x080034f8   0x0000001e   Code   RO         3881    i.MQTT_UnPacketConnectAck  mqttkit.o
    0x08003516   0x08003516   0x00000002   PAD
    0x08003518   0x08003518   0x000001c0   Code   RO         3882    i.MQTT_UnPacketPublish  mqttkit.o
    0x080036d8   0x080036d8   0x0000001e   Code   RO         3883    i.MQTT_UnPacketPublishAck  mqttkit.o
    0x080036f6   0x080036f6   0x0000001e   Code   RO         3884    i.MQTT_UnPacketPublishComp  mqttkit.o
    0x08003714   0x08003714   0x0000001e   Code   RO         3885    i.MQTT_UnPacketPublishRec  mqttkit.o
    0x08003732   0x08003732   0x00000024   Code   RO         3886    i.MQTT_UnPacketPublishRel  mqttkit.o
    0x08003756   0x08003756   0x00000002   PAD
    0x08003758   0x08003758   0x00000074   Code   RO         3887    i.MQTT_UnPacketRecv  mqttkit.o
    0x080037cc   0x080037cc   0x00000034   Code   RO         3888    i.MQTT_UnPacketSubscribe  mqttkit.o
    0x08003800   0x08003800   0x00000012   Code   RO         3889    i.MQTT_UnPacketUnSubscribe  mqttkit.o
    0x08003812   0x08003812   0x00000098   Code   RO         3382    i.MYEXTI_Init       myexti.o
    0x080038aa   0x080038aa   0x00000004   Code   RO         4434    i.MemManage_Handler  stm32f10x_it.o
    0x080038ae   0x080038ae   0x00000002   Code   RO         4435    i.NMI_Handler       stm32f10x_it.o
    0x080038b0   0x080038b0   0x00000070   Code   RO          137    i.NVIC_Init         misc.o
    0x08003920   0x08003920   0x00000014   Code   RO          138    i.NVIC_PriorityGroupConfig  misc.o
    0x08003934   0x08003934   0x0000002a   Code   RO         3534    i.OLED_Clear        oled.o
    0x0800395e   0x0800395e   0x00000002   PAD
    0x08003960   0x08003960   0x00000050   Code   RO         3535    i.OLED_I2C_Init     oled.o
    0x080039b0   0x080039b0   0x00000054   Code   RO         3536    i.OLED_I2C_SendByte  oled.o
    0x08003a04   0x08003a04   0x00000034   Code   RO         3537    i.OLED_I2C_Start    oled.o
    0x08003a38   0x08003a38   0x00000028   Code   RO         3538    i.OLED_I2C_Stop     oled.o
    0x08003a60   0x08003a60   0x000000ae   Code   RO         3539    i.OLED_Init         oled.o
    0x08003b0e   0x08003b0e   0x00000022   Code   RO         3541    i.OLED_SetCursor    oled.o
    0x08003b30   0x08003b30   0x00000074   Code   RO         3543    i.OLED_ShowChar     oled.o
    0x08003ba4   0x08003ba4   0x00000028   Code   RO         3547    i.OLED_ShowString   oled.o
    0x08003bcc   0x08003bcc   0x00000020   Code   RO         3548    i.OLED_WriteCommand  oled.o
    0x08003bec   0x08003bec   0x00000020   Code   RO         3549    i.OLED_WriteData    oled.o
    0x08003c0c   0x08003c0c   0x00000274   Code   RO         3809    i.OneNet_DevLink    onenet.o
    0x08003e80   0x08003e80   0x0000007c   Code   RO         3810    i.OneNet_Publish    onenet.o
    0x08003efc   0x08003efc   0x0000043c   Code   RO         3811    i.OneNet_RevPro     onenet.o
    0x08004338   0x08004338   0x0000006c   Code   RO         3812    i.OneNet_Subscribe  onenet.o
    0x080043a4   0x080043a4   0x00000002   Code   RO         4436    i.PendSV_Handler    stm32f10x_it.o
    0x080043a6   0x080043a6   0x00000002   PAD
    0x080043a8   0x080043a8   0x00000020   Code   RO         1775    i.RCC_APB1PeriphClockCmd  stm32f10x_rcc.o
    0x080043c8   0x080043c8   0x00000020   Code   RO         1777    i.RCC_APB2PeriphClockCmd  stm32f10x_rcc.o
    0x080043e8   0x080043e8   0x000000d4   Code   RO         1785    i.RCC_GetClocksFreq  stm32f10x_rcc.o
    0x080044bc   0x080044bc   0x00000024   Code   RO         3650    i.SDA_IN            bh1750.o
    0x080044e0   0x080044e0   0x00000024   Code   RO         3651    i.SDA_OUT           bh1750.o
    0x08004504   0x08004504   0x00000002   Code   RO         4437    i.SVC_Handler       stm32f10x_it.o
    0x08004506   0x08004506   0x00000008   Code   RO           24    i.SetSysClock       system_stm32f10x.o
    0x0800450e   0x0800450e   0x00000002   PAD
    0x08004510   0x08004510   0x000000e0   Code   RO           25    i.SetSysClockTo72   system_stm32f10x.o
    0x080045f0   0x080045f0   0x00000002   Code   RO         4438    i.SysTick_Handler   stm32f10x_it.o
    0x080045f2   0x080045f2   0x00000002   PAD
    0x080045f4   0x080045f4   0x00000060   Code   RO           27    i.SystemInit        system_stm32f10x.o
    0x08004654   0x08004654   0x000000b4   Code   RO         3330    i.TIM2_IRQHandler   timer.o
    0x08004708   0x08004708   0x00000082   Code   RO         3331    i.TIM2_Int_Init     timer.o
    0x0800478a   0x0800478a   0x00000002   PAD
    0x0800478c   0x0800478c   0x0000004c   Code   RO         3332    i.TIM3_IRQHandler   timer.o
    0x080047d8   0x080047d8   0x00000084   Code   RO         3333    i.TIM3_Int_Init     timer.o
    0x0800485c   0x0800485c   0x00000006   Code   RO         2415    i.TIM_ClearFlag     stm32f10x_tim.o
    0x08004862   0x08004862   0x00000006   Code   RO         2416    i.TIM_ClearITPendingBit  stm32f10x_tim.o
    0x08004868   0x08004868   0x00000018   Code   RO         2421    i.TIM_Cmd           stm32f10x_tim.o
    0x08004880   0x08004880   0x00000022   Code   RO         2442    i.TIM_GetITStatus   stm32f10x_tim.o
    0x080048a2   0x080048a2   0x00000012   Code   RO         2446    i.TIM_ITConfig      stm32f10x_tim.o
    0x080048b4   0x080048b4   0x0000000c   Code   RO         2448    i.TIM_InternalClockConfig  stm32f10x_tim.o
    0x080048c0   0x080048c0   0x000000a4   Code   RO         2492    i.TIM_TimeBaseInit  stm32f10x_tim.o
    0x08004964   0x08004964   0x0000001c   Code   RO         3278    i.USART1_IRQHandler  usart.o
    0x08004980   0x08004980   0x0000004c   Code   RO         3753    i.USART2_IRQHandler  esp8266.o
    0x080049cc   0x080049cc   0x00000012   Code   RO         2956    i.USART_ClearFlag   stm32f10x_usart.o
    0x080049de   0x080049de   0x00000018   Code   RO         2960    i.USART_Cmd         stm32f10x_usart.o
    0x080049f6   0x080049f6   0x0000001a   Code   RO         2963    i.USART_GetFlagStatus  stm32f10x_usart.o
    0x08004a10   0x08004a10   0x00000054   Code   RO         2964    i.USART_GetITStatus  stm32f10x_usart.o
    0x08004a64   0x08004a64   0x0000004a   Code   RO         2966    i.USART_ITConfig    stm32f10x_usart.o
    0x08004aae   0x08004aae   0x00000002   PAD
    0x08004ab0   0x08004ab0   0x000000d8   Code   RO         2967    i.USART_Init        stm32f10x_usart.o
    0x08004b88   0x08004b88   0x00000008   Code   RO         2977    i.USART_SendData    stm32f10x_usart.o
    0x08004b90   0x08004b90   0x00000004   Code   RO         4439    i.UsageFault_Handler  stm32f10x_it.o
    0x08004b94   0x08004b94   0x000000b0   Code   RO         3279    i.Usart1_Init       usart.o
    0x08004c44   0x08004c44   0x000000ac   Code   RO         3280    i.Usart2_Init       usart.o
    0x08004cf0   0x08004cf0   0x00000048   Code   RO         3281    i.UsartPrintf       usart.o
    0x08004d38   0x08004d38   0x00000032   Code   RO         3282    i.Usart_SendString  usart.o
    0x08004d6a   0x08004d6a   0x00000028   Code   RO         4867    i.__ARM_fpclassify  m_ws.l(fpclassify.o)
    0x08004d92   0x08004d92   0x000000aa   Code   RO         4869    i.__kernel_poly     m_ws.l(poly.o)
    0x08004e3c   0x08004e3c   0x00000010   Code   RO         4853    i.__mathlib_dbl_divzero  m_ws.l(dunder.o)
    0x08004e4c   0x08004e4c   0x00000004   Code   RO         4855    i.__mathlib_dbl_infnan2  m_ws.l(dunder.o)
    0x08004e50   0x08004e50   0x0000000c   Code   RO         4856    i.__mathlib_dbl_invalid  m_ws.l(dunder.o)
    0x08004e5c   0x08004e5c   0x0000000e   Code   RO         4857    i.__mathlib_dbl_overflow  m_ws.l(dunder.o)
    0x08004e6a   0x08004e6a   0x00000002   PAD
    0x08004e6c   0x08004e6c   0x00000010   Code   RO         4859    i.__mathlib_dbl_underflow  m_ws.l(dunder.o)
    0x08004e7c   0x08004e7c   0x0000000e   Code   RO         4605    i._is_digit         c_w.l(__printf_wp.o)
    0x08004e8a   0x08004e8a   0x00000028   Code   RO         3653    i.bh_data_send      bh1750.o
    0x08004eb2   0x08004eb2   0x00000002   PAD
    0x08004eb4   0x08004eb4   0x0000008c   Code   RO         3654    i.bh_read           bh1750.o
    0x08004f40   0x08004f40   0x00000058   Code   RO         4051    i.cJSON_Delete      cjson.o
    0x08004f98   0x08004f98   0x0000000c   Code   RO         4059    i.cJSON_GetErrorPtr  cjson.o
    0x08004fa4   0x08004fa4   0x0000001e   Code   RO         4060    i.cJSON_GetObjectItem  cjson.o
    0x08004fc2   0x08004fc2   0x00000002   PAD
    0x08004fc4   0x08004fc4   0x00000020   Code   RO         4064    i.cJSON_New_Item    cjson.o
    0x08004fe4   0x08004fe4   0x00000010   Code   RO         4065    i.cJSON_Parse       cjson.o
    0x08004ff4   0x08004ff4   0x00000064   Code   RO         4066    i.cJSON_ParseWithOpts  cjson.o
    0x08005058   0x08005058   0x0000004c   Code   RO         4072    i.cJSON_strcasecmp  cjson.o
    0x080050a4   0x080050a4   0x0000029c   Code   RO         4389    i.main              main.o
    0x08005340   0x08005340   0x000000ac   Code   RO         4076    i.parse_array       cjson.o
    0x080053ec   0x080053ec   0x00000114   Code   RO         4077    i.parse_hex4        cjson.o
    0x08005500   0x08005500   0x000001bc   Code   RO         4078    i.parse_number      cjson.o
    0x080056bc   0x080056bc   0x00000114   Code   RO         4079    i.parse_object      cjson.o
    0x080057d0   0x080057d0   0x000001cc   Code   RO         4080    i.parse_string      cjson.o
    0x0800599c   0x0800599c   0x000000bc   Code   RO         4081    i.parse_value       cjson.o
    0x08005a58   0x08005a58   0x000009d8   Code   RO         4694    i.pow               m_ws.l(pow.o)
    0x08006430   0x08006430   0x00000012   Code   RO         4089    i.skip              cjson.o
    0x08006442   0x08006442   0x0000004c   Code   RO         4873    i.sqrt              m_ws.l(sqrt.o)
    0x0800648e   0x0800648e   0x00000002   PAD
    0x08006490   0x08006490   0x0000002c   Code   RO         4954    locale$$code        c_w.l(lc_ctype_c.o)
    0x080064bc   0x080064bc   0x0000002c   Code   RO         4957    locale$$code        c_w.l(lc_numeric_c.o)
    0x080064e8   0x080064e8   0x00000062   Code   RO         4647    x$fpl$d2f           fz_ws.l(d2f.o)
    0x0800654a   0x0800654a   0x00000002   PAD
    0x0800654c   0x0800654c   0x00000150   Code   RO         4649    x$fpl$dadd          fz_ws.l(daddsub_clz.o)
    0x0800669c   0x0800669c   0x00000010   Code   RO         4968    x$fpl$dcheck1       fz_ws.l(dcheck1.o)
    0x080066ac   0x080066ac   0x00000018   Code   RO         4834    x$fpl$dcmpinf       fz_ws.l(dcmpi.o)
    0x080066c4   0x080066c4   0x000002b0   Code   RO         4656    x$fpl$ddiv          fz_ws.l(ddiv.o)
    0x08006974   0x08006974   0x0000005e   Code   RO         4661    x$fpl$dfix          fz_ws.l(dfix.o)
    0x080069d2   0x080069d2   0x00000002   PAD
    0x080069d4   0x080069d4   0x0000005a   Code   RO         4665    x$fpl$dfixu         fz_ws.l(dfixu.o)
    0x08006a2e   0x08006a2e   0x0000002e   Code   RO         4670    x$fpl$dflt          fz_ws.l(dflt_clz.o)
    0x08006a5c   0x08006a5c   0x00000026   Code   RO         4669    x$fpl$dfltu         fz_ws.l(dflt_clz.o)
    0x08006a82   0x08006a82   0x00000002   PAD
    0x08006a84   0x08006a84   0x00000078   Code   RO         4675    x$fpl$dleqf         fz_ws.l(dleqf.o)
    0x08006afc   0x08006afc   0x00000154   Code   RO         4677    x$fpl$dmul          fz_ws.l(dmul.o)
    0x08006c50   0x08006c50   0x0000009c   Code   RO         4836    x$fpl$dnaninf       fz_ws.l(dnaninf.o)
    0x08006cec   0x08006cec   0x0000000c   Code   RO         4838    x$fpl$dretinf       fz_ws.l(dretinf.o)
    0x08006cf8   0x08006cf8   0x0000006c   Code   RO         4679    x$fpl$drleqf        fz_ws.l(drleqf.o)
    0x08006d64   0x08006d64   0x00000016   Code   RO         4650    x$fpl$drsb          fz_ws.l(daddsub_clz.o)
    0x08006d7a   0x08006d7a   0x00000002   PAD
    0x08006d7c   0x08006d7c   0x000001cc   Code   RO         4970    x$fpl$dsqrt         fz_ws.l(dsqrt_noumaal.o)
    0x08006f48   0x08006f48   0x000001d4   Code   RO         4651    x$fpl$dsub          fz_ws.l(daddsub_clz.o)
    0x0800711c   0x0800711c   0x00000036   Code   RO         4683    x$fpl$ffix          fz_ws.l(ffix.o)
    0x08007152   0x08007152   0x0000008c   Code   RO         4840    x$fpl$fnaninf       fz_ws.l(fnaninf.o)
    0x080071de   0x080071de   0x0000000a   Code   RO         4842    x$fpl$fretinf       fz_ws.l(fretinf.o)
    0x080071e8   0x080071e8   0x00000004   Code   RO         4687    x$fpl$printf1       fz_ws.l(printf1.o)
    0x080071ec   0x080071ec   0x00000004   Code   RO         4844    x$fpl$printf2       fz_ws.l(printf2.o)
    0x080071f0   0x080071f0   0x00000064   Code   RO         5005    x$fpl$retnan        fz_ws.l(retnan.o)
    0x08007254   0x08007254   0x0000005c   Code   RO         4850    x$fpl$scalbn        fz_ws.l(scalbn.o)
    0x080072b0   0x080072b0   0x00000030   Code   RO         5035    x$fpl$trapveneer    fz_ws.l(trapv.o)
    0x080072e0   0x080072e0   0x00000000   Code   RO         4852    x$fpl$usenofp       fz_ws.l(usenofp.o)
    0x080072e0   0x080072e0   0x000005f0   Data   RO         3550    .constdata          oled.o
    0x080078d0   0x080078d0   0x00000007   Data   RO         4092    .constdata          cjson.o
    0x080078d7   0x080078d7   0x00000001   PAD
    0x080078d8   0x080078d8   0x00000004   Data   RO         4391    .constdata          main.o
    0x080078dc   0x080078dc   0x00000028   Data   RO         4593    .constdata          c_w.l(_printf_hex_int_ll_ptr.o)
    0x08007904   0x08007904   0x00000011   Data   RO         4613    .constdata          c_w.l(__printf_flags_ss_wp.o)
    0x08007915   0x08007915   0x00000003   PAD
    0x08007918   0x08007918   0x00000088   Data   RO         4695    .constdata          m_ws.l(pow.o)
    0x080079a0   0x080079a0   0x00000008   Data   RO         4757    .constdata          c_w.l(_printf_wctomb.o)
    0x080079a8   0x080079a8   0x00000008   Data   RO         4871    .constdata          m_ws.l(qnan.o)
    0x080079b0   0x080079b0   0x00000026   Data   RO         4916    .constdata          c_w.l(_printf_fp_hex.o)
    0x080079d6   0x080079d6   0x00000002   PAD
    0x080079d8   0x080079d8   0x00000094   Data   RO         4927    .constdata          c_w.l(bigflt0.o)
    0x08007a6c   0x08007a6c   0x0000000e   Data   RO         4392    .conststring        main.o
    0x08007a7a   0x08007a7a   0x00000002   PAD
    0x08007a7c   0x08007a7c   0x00000020   Data   RO         5067    Region$$Table       anon$$obj.o
    0x08007a9c   0x08007a9c   0x00000110   Data   RO         4953    locale$$data        c_w.l(lc_ctype_c.o)
    0x08007bac   0x08007bac   0x0000001c   Data   RO         4956    locale$$data        c_w.l(lc_numeric_c.o)


    Execution Region RW_IRAM1 (Exec base: 0x20000000, Load base: 0x08007bc8, Size: 0x00000840, Max: 0x00005000, ABSOLUTE)

    Exec Addr    Load Addr    Size         Type   Attr      Idx    E Section Name        Object

    0x20000000   0x08007bc8   0x00000014   Data   RW           28    .data               system_stm32f10x.o
    0x20000014   0x08007bdc   0x00000014   Data   RW         1805    .data               stm32f10x_rcc.o
    0x20000028   0x08007bf0   0x00000004   Data   RW         3755    .data               esp8266.o
    0x2000002c   0x08007bf4   0x00000002   Data   RW         3813    .data               onenet.o
    0x2000002e   0x08007bf6   0x00000002   PAD
    0x20000030   0x08007bf8   0x0000000c   Data   RW         4093    .data               cjson.o
    0x2000003c   0x08007c04   0x0000000b   Data   RW         4393    .data               main.o
    0x20000047   0x08007c0f   0x00000001   PAD
    0x20000048        -       0x00000014   Zero   RW         3334    .bss                timer.o
    0x2000005c        -       0x00000080   Zero   RW         3754    .bss                esp8266.o
    0x200000dc        -       0x00000100   Zero   RW         4390    .bss                main.o
    0x200001dc        -       0x00000060   Zero   RW         4883    .bss                c_w.l(libspace.o)
    0x2000023c   0x08007c0f   0x00000004   PAD
    0x20000240        -       0x00000200   Zero   RW            2    HEAP                startup_stm32f10x_md.o
    0x20000440        -       0x00000400   Zero   RW            1    STACK               startup_stm32f10x_md.o


==============================================================================

Image component sizes


      Code (inc. data)   RO Data    RW Data    ZI Data      Debug   Object Name

        52          6          0          0          0        448   beep.o
       804         78          0          0          0       6290   bh1750.o
       416         28          0          0          0       3478   bsp_dht11.o
      2188         88          7         12          0      11489   cjson.o
         0          0          0          0          0       4524   core_cm3.o
       136         24          0          0          0       1378   core_delay.o
        70          0          0          0          0        882   delay.o
       948        348          0          4        128       4715   esp8266.o
        68          4          0          0          0        455   key.o
       164         22          0          0          0       1262   led.o
       668        236         18         11        256       1926   main.o
       132         22          0          0          0     206767   misc.o
      2672         26          0          0          0      15984   mqttkit.o
       280         22          0          0          0       1428   myexti.o
       726         22       1520          0          0       6039   oled.o
      1944        966          0          2          0       7153   onenet.o
        64         26        236          0       1536        796   startup_stm32f10x_md.o
         0          0          0          0          0       1636   stm32f10x_adc.o
       200         18          0          0          0       3976   stm32f10x_exti.o
       396          4          0          0          0      13299   stm32f10x_gpio.o
        26          0          0          0          0       3530   stm32f10x_it.o
       276         32          0         20          0      12830   stm32f10x_rcc.o
       264         42          0          0          0      24416   stm32f10x_tim.o
       450          6          0          0          0      11683   stm32f10x_usart.o
       328         28          0         20          0      45293   system_stm32f10x.o
       518        102          0          0         20       2932   timer.o
       498         24          0          0          0       4449   usart.o

    ----------------------------------------------------------------------
     14310       2174       1816         72       1940     399058   Object Totals
         0          0         32          0          0          0   (incl. Generated)
        22          0          3          3          0          0   (incl. Padding)

    ----------------------------------------------------------------------

      Code (inc. data)   RO Data    RW Data    ZI Data      Debug   Library Member Name

        44          6          0          0          0         84   __2sprintf.o
         8          0          0          0          0         68   __main.o
       392          4         17          0          0         92   __printf_flags_ss_wp.o
        14          0          0          0          0         68   __printf_wp.o
         0          0          0          0          0          0   __rtentry.o
        12          0          0          0          0          0   __rtentry2.o
         6          0          0          0          0          0   __rtentry4.o
        52          8          0          0          0          0   __scatter.o
        26          0          0          0          0          0   __scatter_copy.o
        28          0          0          0          0          0   __scatter_zi.o
        28          0          0          0          0         68   _chval.o
         6          0          0          0          0          0   _printf_a.o
         6          0          0          0          0          0   _printf_c.o
        44          0          0          0          0        108   _printf_char.o
        48          6          0          0          0         96   _printf_char_common.o
        40          0          0          0          0         68   _printf_charcount.o
         6          0          0          0          0          0   _printf_d.o
       120         16          0          0          0         92   _printf_dec.o
         6          0          0          0          0          0   _printf_e.o
         6          0          0          0          0          0   _printf_f.o
      1054          0          0          0          0        216   _printf_fp_dec.o
       764          8         38          0          0        100   _printf_fp_hex.o
       128         16          0          0          0         84   _printf_fp_infnan.o
         6          0          0          0          0          0   _printf_g.o
       148          4         40          0          0        160   _printf_hex_int_ll_ptr.o
         6          0          0          0          0          0   _printf_i.o
       178          0          0          0          0         88   _printf_intcommon.o
        10          0          0          0          0          0   _printf_l.o
         6          0          0          0          0          0   _printf_lc.o
        10          0          0          0          0          0   _printf_ll.o
         6          0          0          0          0          0   _printf_lld.o
         6          0          0          0          0          0   _printf_lli.o
         6          0          0          0          0          0   _printf_llo.o
         6          0          0          0          0          0   _printf_llu.o
         6          0          0          0          0          0   _printf_llx.o
       124         16          0          0          0         92   _printf_longlong_dec.o
         6          0          0          0          0          0   _printf_ls.o
         6          0          0          0          0          0   _printf_n.o
         6          0          0          0          0          0   _printf_o.o
       112         10          0          0          0        124   _printf_oct_int_ll.o
         6          0          0          0          0          0   _printf_p.o
        78          0          0          0          0        108   _printf_pad.o
         0          0          0          0          0          0   _printf_percent.o
         4          0          0          0          0          0   _printf_percent_end.o
         6          0          0          0          0          0   _printf_s.o
        82          0          0          0          0         80   _printf_str.o
        36          0          0          0          0         84   _printf_truncate.o
         6          0          0          0          0          0   _printf_u.o
        44          0          0          0          0        108   _printf_wchar.o
       188          6          8          0          0         92   _printf_wctomb.o
         6          0          0          0          0          0   _printf_x.o
        22          0          0          0          0        100   _rserrno.o
        16          0          0          0          0         68   _snputc.o
        10          0          0          0          0         68   _sputc.o
       158          0          0          0          0         92   _strtoul.o
        64          0          0          0          0         92   _wcrtomb.o
        26          0          0          0          0         80   atoi.o
       228          4        148          0          0         96   bigflt0.o
      1936        128          0          0          0        672   btod.o
        10          0          0          0          0         68   defsig_exit.o
        50          0          0          0          0         88   defsig_general.o
        80         58          0          0          0         76   defsig_rtmem_inner.o
        14          0          0          0          0         80   defsig_rtmem_outer.o
        18          0          0          0          0         80   exit.o
        94          0          0          0          0         80   h1_alloc.o
        52          0          0          0          0         68   h1_extend.o
        78          0          0          0          0         80   h1_free.o
        14          0          0          0          0         84   h1_init.o
         6          0          0          0          0        152   heapauxi.o
         4          0          0          0          0        136   hguard.o
         0          0          0          0          0          0   indicate_semi.o
       138          0          0          0          0        168   init_alloc.o
        44         10        272          0          0         76   lc_ctype_c.o
        44         10         28          0          0         76   lc_numeric_c.o
         2          0          0          0          0          0   libinit.o
        38          0          0          0          0          0   libinit2.o
         2          0          0          0          0          0   libshutdown.o
         2          0          0          0          0          0   libshutdown2.o
         8          4          0          0         96         68   libspace.o
       138          0          0          0          0         80   lludiv10.o
         0          0          0          0          0          0   maybetermalloc1.o
        16          4          0          0          0         76   rt_ctype_table.o
         8          4          0          0          0         68   rt_errno_addr_intlibspace.o
         8          4          0          0          0         68   rt_heap_descriptor_intlibspace.o
         8          4          0          0          0         68   rt_locale_intlibspace.o
        68          0          0          0          0         68   rt_memclr.o
        78          0          0          0          0         80   rt_memclr_w.o
       138          0          0          0          0         68   rt_memcpy_v6.o
       100          0          0          0          0         80   rt_memcpy_w.o
         2          0          0          0          0          0   rtexit.o
        10          0          0          0          0          0   rtexit2.o
        20          0          0          0          0         68   strchr.o
       128          0          0          0          0         68   strcmpv7m.o
        62          0          0          0          0         76   strlen.o
        36          0          0          0          0         76   strncat.o
       150          0          0          0          0         80   strncmp.o
        36          0          0          0          0         80   strstr.o
       112          0          0          0          0         88   strtol.o
        12          4          0          0          0         68   sys_exit.o
        74          0          0          0          0         80   sys_stackheap_outer.o
        14          0          0          0          0         76   sys_wrch.o
        26          0          0          0          0         76   tolower.o
         2          0          0          0          0         68   use_no_semi.o
        52          4          0          0          0         80   vsnprintf.o
        98          4          0          0          0         92   d2f.o
       826         16          0          0          0        348   daddsub_clz.o
        16          4          0          0          0         68   dcheck1.o
        24          0          0          0          0         68   dcmpi.o
       688        140          0          0          0        208   ddiv.o
        94          4          0          0          0         92   dfix.o
        90          4          0          0          0         92   dfixu.o
        84          0          0          0          0        136   dflt_clz.o
       120          4          0          0          0         92   dleqf.o
       340         12          0          0          0        104   dmul.o
       156          4          0          0          0         92   dnaninf.o
        12          0          0          0          0         68   dretinf.o
       108          0          0          0          0         80   drleqf.o
       460         56          0          0          0        120   dsqrt_noumaal.o
        54          4          0          0          0         84   ffix.o
       140          4          0          0          0         84   fnaninf.o
        10          0          0          0          0         68   fretinf.o
         4          0          0          0          0         68   printf1.o
         4          0          0          0          0         68   printf2.o
       100          0          0          0          0         68   retnan.o
        92          0          0          0          0         68   scalbn.o
        48          0          0          0          0         68   trapv.o
         0          0          0          0          0          0   usenofp.o
        62         10          0          0          0        340   dunder.o
        40          0          0          0          0         68   fpclassify.o
       170          0          0          0          0         96   poly.o
      2520        190        136          0          0        324   pow.o
         0          0          8          0          0          0   qnan.o
        76          0          0          0          0         84   sqrt.o

    ----------------------------------------------------------------------
     14862        794        700          0        100       9516   Library Totals
        28          0          5          0          4          0   (incl. Padding)

    ----------------------------------------------------------------------

      Code (inc. data)   RO Data    RW Data    ZI Data      Debug   Library Name

      8398        338        551          0         96       6368   c_w.l
      3568        256          0          0          0       2236   fz_ws.l
      2868        200        144          0          0        912   m_ws.l

    ----------------------------------------------------------------------
     14862        794        700          0        100       9516   Library Totals

    ----------------------------------------------------------------------

==============================================================================


      Code (inc. data)   RO Data    RW Data    ZI Data      Debug   

     29172       2968       2516         72       2040     396246   Grand Totals
     29172       2968       2516         72       2040     396246   ELF Image Totals
     29172       2968       2516         72          0          0   ROM Totals

==============================================================================

    Total RO  Size (Code + RO Data)                31688 (  30.95kB)
    Total RW  Size (RW Data + ZI Data)              2112 (   2.06kB)
    Total ROM Size (Code + RO Data + RW Data)      31760 (  31.02kB)

==============================================================================

